Component: ARM Compiler 5.06 update 6 (build 750) Tool: armlink [4d35ed]

==============================================================================

Section Cross References

    startup_stm32f40_41xxx.o(STACK) refers (Special) to heapauxi.o(.text) for __use_two_region_memory
    startup_stm32f40_41xxx.o(HEAP) refers (Special) to heapauxi.o(.text) for __use_two_region_memory
    startup_stm32f40_41xxx.o(RESET) refers (Special) to heapauxi.o(.text) for __use_two_region_memory
    startup_stm32f40_41xxx.o(RESET) refers to startup_stm32f40_41xxx.o(STACK) for __initial_sp
    startup_stm32f40_41xxx.o(RESET) refers to startup_stm32f40_41xxx.o(.text) for Reset_Handler
    startup_stm32f40_41xxx.o(RESET) refers to stm32f4xx_it.o(i.NMI_Handler) for NMI_Handler
    startup_stm32f40_41xxx.o(RESET) refers to stm32f4xx_it.o(i.HardFault_Handler) for HardFault_Handler
    startup_stm32f40_41xxx.o(RESET) refers to stm32f4xx_it.o(i.MemManage_Handler) for MemManage_Handler
    startup_stm32f40_41xxx.o(RESET) refers to stm32f4xx_it.o(i.BusFault_Handler) for BusFault_Handler
    startup_stm32f40_41xxx.o(RESET) refers to stm32f4xx_it.o(i.UsageFault_Handler) for UsageFault_Handler
    startup_stm32f40_41xxx.o(RESET) refers to stm32f4xx_it.o(i.SVC_Handler) for SVC_Handler
    startup_stm32f40_41xxx.o(RESET) refers to stm32f4xx_it.o(i.DebugMon_Handler) for DebugMon_Handler
    startup_stm32f40_41xxx.o(RESET) refers to os_cpu_a.o(CODE) for PendSV_Handler
    startup_stm32f40_41xxx.o(RESET) refers to stm32f4xx_it.o(i.SysTick_Handler) for SysTick_Handler
    startup_stm32f40_41xxx.o(RESET) refers to stm32f4xx_it.o(i.DMA1_Stream4_IRQHandler) for DMA1_Stream4_IRQHandler
    startup_stm32f40_41xxx.o(RESET) refers to stm32f4xx_it.o(i.DMA1_Stream6_IRQHandler) for DMA1_Stream6_IRQHandler
    startup_stm32f40_41xxx.o(RESET) refers to stm32f4xx_it.o(i.USART2_IRQHandler) for USART2_IRQHandler
    startup_stm32f40_41xxx.o(RESET) refers to stm32f4xx_it.o(i.UART4_IRQHandler) for UART4_IRQHandler
    startup_stm32f40_41xxx.o(RESET) refers to stm32f4xx_it.o(i.OTG_FS_IRQHandler) for OTG_FS_IRQHandler
    startup_stm32f40_41xxx.o(.text) refers (Special) to heapauxi.o(.text) for __use_two_region_memory
    startup_stm32f40_41xxx.o(.text) refers to system_stm32f4xx.o(i.SystemInit) for SystemInit
    startup_stm32f40_41xxx.o(.text) refers to __main.o(!!!main) for __main
    startup_stm32f40_41xxx.o(.text) refers to startup_stm32f40_41xxx.o(HEAP) for Heap_Mem
    startup_stm32f40_41xxx.o(.text) refers to startup_stm32f40_41xxx.o(STACK) for Stack_Mem
    system_stm32f4xx.o(i.SystemCoreClockUpdate) refers to system_stm32f4xx.o(.data) for SystemCoreClock
    system_stm32f4xx.o(i.SystemInit) refers to system_stm32f4xx.o(i.SetSysClock) for SetSysClock
    app.o(i.App_Start_Task) refers to cpu_core.o(i.CPU_Init) for CPU_Init
    app.o(i.App_Start_Task) refers to os_stat.o(i.OSStatTaskCPUUsageInit) for OSStatTaskCPUUsageInit
    app.o(i.App_Start_Task) refers to cpu_a.o(.text) for CPU_SR_Save
    app.o(i.App_Start_Task) refers to os_tmr.o(i.OSTmrCreate) for OSTmrCreate
    app.o(i.App_Start_Task) refers to os_tmr.o(i.OSTmrStart) for OSTmrStart
    app.o(i.App_Start_Task) refers to app_led.o(i.App_Led_TaskCreate) for App_Led_TaskCreate
    app.o(i.App_Start_Task) refers to app_usb.o(i.App_Usb_TaskCreate) for App_Usb_TaskCreate
    app.o(i.App_Start_Task) refers to app_adjvol.o(i.App_AdjVol_TaskCreate) for App_AdjVol_TaskCreate
    app.o(i.App_Start_Task) refers to os_task.o(i.OSTaskSuspend) for OSTaskSuspend
    app.o(i.App_Start_Task) refers to os_core.o(i.OS_Sched0) for OS_Sched0
    app.o(i.App_Start_Task) refers to os_var.o(.data) for OSSchedLockNestingCtr
    app.o(i.App_Start_Task) refers to app_timer.o(i.cb_Sys_StateChk_Tmr) for cb_Sys_StateChk_Tmr
    app.o(i.App_Start_Task) refers to app.o(.bss) for Sys_StateChk_Tmr
    app.o(i.App_Start_Task_Create) refers to os_task.o(i.OSTaskCreate) for OSTaskCreate
    app.o(i.App_Start_Task_Create) refers to app.o(.bss) for App_Start_Task_Stk
    app.o(i.App_Start_Task_Create) refers to app.o(i.App_Start_Task) for App_Start_Task
    app_led.o(i.App_Led_Task) refers to stm32f4xx_gpio.o(i.GPIO_ResetBits) for GPIO_ResetBits
    app_led.o(i.App_Led_Task) refers to os_time.o(i.OSTimeDlyHMSM) for OSTimeDlyHMSM
    app_led.o(i.App_Led_Task) refers to stm32f4xx_gpio.o(i.GPIO_SetBits) for GPIO_SetBits
    app_led.o(i.App_Led_TaskCreate) refers to os_task.o(i.OSTaskCreate) for OSTaskCreate
    app_led.o(i.App_Led_TaskCreate) refers to app_led.o(.bss) for App_Led_Task_Stk
    app_led.o(i.App_Led_TaskCreate) refers to app_led.o(i.App_Led_Task) for App_Led_Task
    app_usb.o(i.App_Usb_Task) refers to usbd_cdc_vcp.o(i.VCP_CheckDataReceived) for VCP_CheckDataReceived
    app_usb.o(i.App_Usb_Task) refers to command_process.o(i.ReceiveFrameAnalysis) for ReceiveFrameAnalysis
    app_usb.o(i.App_Usb_Task) refers to command_process.o(i.Cmd_Process) for Cmd_Process
[...]
    USBD_ClrCfg                              0x0800798d   Thumb Code    22  usbd_core.o(i.USBD_ClrCfg)
    USBD_CtlContinueRx                       0x080079eb   Thumb Code    30  usbd_ioreq.o(i.USBD_CtlContinueRx)
    USBD_CtlContinueSendData                 0x08007a09   Thumb Code    30  usbd_ioreq.o(i.USBD_CtlContinueSendData)
    USBD_CtlError                            0x08007a27   Thumb Code    30  usbd_req.o(i.USBD_CtlError)
    USBD_CtlPrepareRx                        0x08007a45   Thumb Code    46  usbd_ioreq.o(i.USBD_CtlPrepareRx)
    USBD_CtlReceiveStatus                    0x08007a73   Thumb Code    36  usbd_ioreq.o(i.USBD_CtlReceiveStatus)
    USBD_CtlSendData                         0x08007a97   Thumb Code    46  usbd_ioreq.o(i.USBD_CtlSendData)
    USBD_CtlSendStatus                       0x08007ac5   Thumb Code    36  usbd_ioreq.o(i.USBD_CtlSendStatus)
    USBD_DeInit                              0x08007c67   Thumb Code     6  usbd_core.o(i.USBD_DeInit)
    USBD_GetString                           0x08007e75   Thumb Code    82  usbd_req.o(i.USBD_GetString)
    USBD_Init                                0x08007ec7   Thumb Code    66  usbd_core.o(i.USBD_Init)
    USBD_OTG_ISR_Handler                     0x08007f2d   Thumb Code   256  usb_dcd_int.o(i.USBD_OTG_ISR_Handler)
    USBD_ParseSetupRequest                   0x0800802d   Thumb Code    72  usbd_req.o(i.USBD_ParseSetupRequest)
    USBD_SetCfg                              0x0800814f   Thumb Code    30  usbd_core.o(i.USBD_SetCfg)
    USBD_StdDevReq                           0x08008341   Thumb Code   114  usbd_req.o(i.USBD_StdDevReq)
    USBD_StdEPReq                            0x080083b5   Thumb Code   370  usbd_req.o(i.USBD_StdEPReq)
    USBD_StdItfReq                           0x0800852d   Thumb Code    76  usbd_req.o(i.USBD_StdItfReq)
    USBD_USR_ConfigStrDescriptor             0x08008599   Thumb Code    34  usbd_desc.o(i.USBD_USR_ConfigStrDescriptor)
    USBD_USR_DeviceConfigured                0x080085cd   Thumb Code     2  usbd_usr.o(i.USBD_USR_DeviceConfigured)
    USBD_USR_DeviceConnected                 0x080085cf   Thumb Code     2  usbd_usr.o(i.USBD_USR_DeviceConnected)
    USBD_USR_DeviceDescriptor                0x080085d1   Thumb Code    10  usbd_desc.o(i.USBD_USR_DeviceDescriptor)
    USBD_USR_DeviceDisconnected              0x080085e1   Thumb Code     2  usbd_usr.o(i.USBD_USR_DeviceDisconnected)
    USBD_USR_DeviceReset                     0x080085e3   Thumb Code     2  usbd_usr.o(i.USBD_USR_DeviceReset)
    USBD_USR_DeviceResumed                   0x080085e5   Thumb Code     2  usbd_usr.o(i.USBD_USR_DeviceResumed)
    USBD_USR_DeviceSuspended                 0x080085e7   Thumb Code     2  usbd_usr.o(i.USBD_USR_DeviceSuspended)
    USBD_USR_Init                            0x080085e9   Thumb Code     2  usbd_usr.o(i.USBD_USR_Init)
    USBD_USR_InterfaceStrDescriptor          0x080085ed   Thumb Code    34  usbd_desc.o(i.USBD_USR_InterfaceStrDescriptor)
    USBD_USR_LangIDStrDescriptor             0x08008625   Thumb Code    10  usbd_desc.o(i.USBD_USR_LangIDStrDescriptor)
    USBD_USR_ManufacturerStrDescriptor       0x08008635   Thumb Code    20  usbd_desc.o(i.USBD_USR_ManufacturerStrDescriptor)
    USBD_USR_ProductStrDescriptor            0x08008661   Thumb Code    34  usbd_desc.o(i.USBD_USR_ProductStrDescriptor)
    USBD_USR_SerialStrDescriptor             0x080086d1   Thumb Code    18  usbd_desc.o(i.USBD_USR_SerialStrDescriptor)
    USB_OTG_BSP_EnableInterrupt              0x080086f9   Thumb Code    44  usb_bsp.o(i.USB_OTG_BSP_EnableInterrupt)
    USB_OTG_BSP_Init                         0x08008725   Thumb Code    78  usb_bsp.o(i.USB_OTG_BSP_Init)
    USB_OTG_BSP_mDelay                       0x08008779   Thumb Code    18  usb_bsp.o(i.USB_OTG_BSP_mDelay)
    USB_OTG_BSP_uDelay                       0x0800878b   Thumb Code    20  usb_bsp.o(i.USB_OTG_BSP_uDelay)
    USB_OTG_CoreInit                         0x0800879f   Thumb Code   282  usb_core.o(i.USB_OTG_CoreInit)
    USB_OTG_CoreInitDev                      0x080088b9   Thumb Code   526  usb_core.o(i.USB_OTG_CoreInitDev)
    USB_OTG_DisableGlobalInt                 0x08008b39   Thumb Code    34  usb_core.o(i.USB_OTG_DisableGlobalInt)
    USB_OTG_EP0Activate                      0x08008b5b   Thumb Code   116  usb_core.o(i.USB_OTG_EP0Activate)
    USB_OTG_EP0StartXfer                     0x08008bcf   Thumb Code   342  usb_core.o(i.USB_OTG_EP0StartXfer)
    USB_OTG_EP0_OutStart                     0x08008d25   Thumb Code    98  usb_core.o(i.USB_OTG_EP0_OutStart)
    USB_OTG_EPActivate                       0x08008d87   Thumb Code   152  usb_core.o(i.USB_OTG_EPActivate)
    USB_OTG_EPClearStall                     0x08008e1f   Thumb Code    80  usb_core.o(i.USB_OTG_EPClearStall)
    USB_OTG_EPDeactivate                     0x08008e6f   Thumb Code   154  usb_core.o(i.USB_OTG_EPDeactivate)
    USB_OTG_EPSetStall                       0x08008f09   Thumb Code   100  usb_core.o(i.USB_OTG_EPSetStall)
    USB_OTG_EPStartXfer                      0x08008f6d   Thumb Code   510  usb_core.o(i.USB_OTG_EPStartXfer)
    USB_OTG_EnableDevInt                     0x0800919f   Thumb Code   176  usb_core.o(i.USB_OTG_EnableDevInt)
    USB_OTG_EnableGlobalInt                  0x0800924f   Thumb Code    34  usb_core.o(i.USB_OTG_EnableGlobalInt)
    USB_OTG_FlushRxFifo                      0x08009271   Thumb Code    70  usb_core.o(i.USB_OTG_FlushRxFifo)
    USB_OTG_FlushTxFifo                      0x080092bd   Thumb Code    80  usb_core.o(i.USB_OTG_FlushTxFifo)
    USB_OTG_GetDeviceSpeed                   0x08009311   Thumb Code    56  usb_core.o(i.USB_OTG_GetDeviceSpeed)
    USB_OTG_GetMode                          0x08009349   Thumb Code    12  usb_core.o(i.USB_OTG_GetMode)
    USB_OTG_InitDevSpeed                     0x08009355   Thumb Code    24  usb_core.o(i.USB_OTG_InitDevSpeed)
    USB_OTG_IsDeviceMode                     0x0800936d   Thumb Code    22  usb_core.o(i.USB_OTG_IsDeviceMode)
    USB_OTG_ReadCoreItr                      0x08009383   Thumb Code    16  usb_core.o(i.USB_OTG_ReadCoreItr)
    USB_OTG_ReadDevAllInEPItr                0x08009393   Thumb Code    16  usb_core.o(i.USB_OTG_ReadDevAllInEPItr)
    USB_OTG_ReadDevAllOutEp_itr              0x080093a3   Thumb Code    16  usb_core.o(i.USB_OTG_ReadDevAllOutEp_itr)
    USB_OTG_ReadDevOutEP_itr                 0x080093b3   Thumb Code    20  usb_core.o(i.USB_OTG_ReadDevOutEP_itr)
    USB_OTG_ReadPacket                       0x080093c7   Thumb Code    40  usb_core.o(i.USB_OTG_ReadPacket)
    USB_OTG_SelectCore                       0x080093f1   Thumb Code   204  usb_core.o(i.USB_OTG_SelectCore)
    USB_OTG_SetCurrentMode                   0x080094c1   Thumb Code    78  usb_core.o(i.USB_OTG_SetCurrentMode)
    USB_OTG_WritePacket                      0x0800950f   Thumb Code    62  usb_core.o(i.USB_OTG_WritePacket)
    UsageFault_Handler                       0x0800954d   Thumb Code     4  stm32f4xx_it.o(i.UsageFault_Handler)
    Usart_Init                               0x08009551   Thumb Code   130  usart.o(i.Usart_Init)
    VCP_CheckDataReceived                    0x080095e9   Thumb Code     6  usbd_cdc_vcp.o(i.VCP_CheckDataReceived)
    V_AdcDma_Config                          0x08009655   Thumb Code    70  board.o(i.V_AdcDma_Config)
    V_Adc_Config                             0x080096a9   Thumb Code   186  board.o(i.V_Adc_Config)
    Vnnx_Calculate_AdjVol                    0x08009769   Thumb Code   172  adjustvoltage.o(i.Vnnx_Calculate_AdjVol)
    Vppx_Calculate_AdjVol                    0x0800983d   Thumb Code   128  adjustvoltage.o(i.Vppx_Calculate_AdjVol)
    Write_Emc2305_Reg                        0x080098e5   Thumb Code    46  emc2305.o(i.Write_Emc2305_Reg)
    __hardfp_fabs                            0x08009913   Thumb Code    20  fabs.o(i.__hardfp_fabs)
    cb_Sys_StateChk_Tmr                      0x08009927   Thumb Code    12  app_timer.o(i.cb_Sys_StateChk_Tmr)
    main                                     0x08009935   Thumb Code   160  main.o(i.main)
    usbd_cdc_DataIn                          0x080099dd   Thumb Code   160  usbd_cdc_core.o(i.usbd_cdc_DataIn)
    usbd_cdc_DataOut                         0x08009a8d   Thumb Code    48  usbd_cdc_core.o(i.usbd_cdc_DataOut)
    usbd_cdc_DeInit                          0x08009ac5   Thumb Code    40  usbd_cdc_core.o(i.usbd_cdc_DeInit)
    usbd_cdc_EP0_RxReady                     0x08009af1   Thumb Code    38  usbd_cdc_core.o(i.usbd_cdc_EP0_RxReady)
    usbd_cdc_Init                            0x08009b29   Thumb Code    74  usbd_cdc_core.o(i.usbd_cdc_Init)
    usbd_cdc_SOF                             0x08009b81   Thumb Code    36  usbd_cdc_core.o(i.usbd_cdc_SOF)
    usbd_cdc_Setup                           0x08009ba9   Thumb Code   176  usbd_cdc_core.o(i.usbd_cdc_Setup)
    __aeabi_d2f                              0x08009c6d   Thumb Code     0  d2f.o(x$fpl$d2f)
    _d2f                                     0x08009c6d   Thumb Code    98  d2f.o(x$fpl$d2f)
    __aeabi_dadd                             0x08009cd1   Thumb Code     0  daddsub_clz.o(x$fpl$dadd)
    _dadd                                    0x08009cd1   Thumb Code   332  daddsub_clz.o(x$fpl$dadd)
    __aeabi_ddiv                             0x08009e21   Thumb Code     0  ddiv.o(x$fpl$ddiv)
    _ddiv                                    0x08009e21   Thumb Code   552  ddiv.o(x$fpl$ddiv)
    __aeabi_d2iz                             0x0800a0d1   Thumb Code     0  dfix.o(x$fpl$dfix)
    _dfix                                    0x0800a0d1   Thumb Code    94  dfix.o(x$fpl$dfix)
    __aeabi_ui2d                             0x0800a12f   Thumb Code     0  dflt_clz.o(x$fpl$dfltu)
    _dfltu                                   0x0800a12f   Thumb Code    38  dflt_clz.o(x$fpl$dfltu)
    __aeabi_dmul                             0x0800a155   Thumb Code     0  dmul.o(x$fpl$dmul)
    _dmul                                    0x0800a155   Thumb Code   332  dmul.o(x$fpl$dmul)
    __fpl_dnaninf                            0x0800a2a9   Thumb Code   156  dnaninf.o(x$fpl$dnaninf)
    __fpl_dretinf                            0x0800a345   Thumb Code    12  dretinf.o(x$fpl$dretinf)
    __aeabi_drsub                            0x0800a351   Thumb Code     0  daddsub_clz.o(x$fpl$drsb)
    _drsb                                    0x0800a351   Thumb Code    22  daddsub_clz.o(x$fpl$drsb)
    __aeabi_dsub                             0x0800a369   Thumb Code     0  daddsub_clz.o(x$fpl$dsub)
    _dsub                                    0x0800a369   Thumb Code   464  daddsub_clz.o(x$fpl$dsub)
    __aeabi_f2d                              0x0800a53d   Thumb Code     0  f2d.o(x$fpl$f2d)
    _f2d                                     0x0800a53d   Thumb Code    86  f2d.o(x$fpl$f2d)
    __fpl_fnaninf                            0x0800a593   Thumb Code   140  fnaninf.o(x$fpl$fnaninf)
    _fp_init                                 0x0800a61f   Thumb Code    10  fpinit.o(x$fpl$fpinit)
    __fplib_config_fpu_vfp                   0x0800a627   Thumb Code     0  fpinit.o(x$fpl$fpinit)
    __fplib_config_pureend_doubles           0x0800a627   Thumb Code     0  fpinit.o(x$fpl$fpinit)
    __fpl_fretinf                            0x0800a629   Thumb Code    10  fretinf.o(x$fpl$fretinf)
    __I$use$fp                               0x0800a632   Number         0  usenofp.o(x$fpl$usenofp)
    OSCfg_IdleTaskStkBasePtr                 0x0800a634   Data           4  os_cfg_app.o(.constdata)
    OSCfg_IdleTaskStkLimit                   0x0800a638   Data           4  os_cfg_app.o(.constdata)
    OSCfg_IdleTaskStkSize                    0x0800a63c   Data           4  os_cfg_app.o(.constdata)
    OSCfg_IdleTaskStkSizeRAM                 0x0800a640   Data           4  os_cfg_app.o(.constdata)
    OSCfg_IntQBasePtr                        0x0800a644   Data           4  os_cfg_app.o(.constdata)
    OSCfg_IntQSize                           0x0800a648   Data           2  os_cfg_app.o(.constdata)
    OSCfg_IntQSizeRAM                        0x0800a64c   Data           4  os_cfg_app.o(.constdata)
    OSCfg_IntQTaskStkBasePtr                 0x0800a650   Data           4  os_cfg_app.o(.constdata)
    OSCfg_IntQTaskStkLimit                   0x0800a654   Data           4  os_cfg_app.o(.constdata)
    OSCfg_IntQTaskStkSize                    0x0800a658   Data           4  os_cfg_app.o(.constdata)
    OSCfg_IntQTaskStkSizeRAM                 0x0800a65c   Data           4  os_cfg_app.o(.constdata)
    OSCfg_ISRStkBasePtr                      0x0800a660   Data           4  os_cfg_app.o(.constdata)
    OSCfg_ISRStkSize                         0x0800a664   Data           4  os_cfg_app.o(.constdata)
    OSCfg_ISRStkSizeRAM                      0x0800a668   Data           4  os_cfg_app.o(.constdata)
    OSCfg_MsgPoolSize                        0x0800a66c   Data           2  os_cfg_app.o(.constdata)
    OSCfg_MsgPoolSizeRAM                     0x0800a670   Data           4  os_cfg_app.o(.constdata)
    OSCfg_MsgPoolBasePtr                     0x0800a674   Data           4  os_cfg_app.o(.constdata)
    OSCfg_StatTaskPrio                       0x0800a678   Data           1  os_cfg_app.o(.constdata)
    OSCfg_StatTaskRate_Hz                    0x0800a67c   Data           4  os_cfg_app.o(.constdata)
    OSCfg_StatTaskStkBasePtr                 0x0800a680   Data           4  os_cfg_app.o(.constdata)
    OSCfg_StatTaskStkLimit                   0x0800a684   Data           4  os_cfg_app.o(.constdata)
    OSCfg_StatTaskStkSize                    0x0800a688   Data           4  os_cfg_app.o(.constdata)
    OSCfg_StatTaskStkSizeRAM                 0x0800a68c   Data           4  os_cfg_app.o(.constdata)
    OSCfg_StkSizeMin                         0x0800a690   Data           4  os_cfg_app.o(.constdata)
    OSCfg_TickRate_Hz                        0x0800a694   Data           4  os_cfg_app.o(.constdata)
    OSCfg_TickTaskPrio                       0x0800a698   Data           1  os_cfg_app.o(.constdata)
    OSCfg_TickTaskStkBasePtr                 0x0800a69c   Data           4  os_cfg_app.o(.constdata)
    OSCfg_TickTaskStkLimit                   0x0800a6a0   Data           4  os_cfg_app.o(.constdata)
    OSCfg_TickTaskStkSize                    0x0800a6a4   Data           4  os_cfg_app.o(.constdata)
    OSCfg_TickTaskStkSizeRAM                 0x0800a6a8   Data           4  os_cfg_app.o(.constdata)
    OSCfg_TmrTaskPrio                        0x0800a6ac   Data           1  os_cfg_app.o(.constdata)
    OSCfg_TmrTaskRate_Hz                     0x0800a6b0   Data           4  os_cfg_app.o(.constdata)
    OSCfg_TmrTaskStkBasePtr                  0x0800a6b4   Data           4  os_cfg_app.o(.constdata)
    OSCfg_TmrTaskStkLimit                    0x0800a6b8   Data           4  os_cfg_app.o(.constdata)
    OSCfg_TmrTaskStkSize                     0x0800a6bc   Data           4  os_cfg_app.o(.constdata)
    OSCfg_TmrTaskStkSizeRAM                  0x0800a6c0   Data           4  os_cfg_app.o(.constdata)
    OSCfg_DataSizeRAM                        0x0800a6c4   Data           4  os_cfg_app.o(.constdata)
    OSDbg_DbgEn                              0x0800a6c8   Data           1  os_dbg.o(.constdata)
    OSDbg_ArgChkEn                           0x0800a6c9   Data           1  os_dbg.o(.constdata)
    OSDbg_AppHooksEn                         0x0800a6ca   Data           1  os_dbg.o(.constdata)
    OSDbg_EndiannessTest                     0x0800a6cc   Data           4  os_dbg.o(.constdata)
    OSDbg_CalledFromISRChkEn                 0x0800a6d0   Data           1  os_dbg.o(.constdata)
    OSDbg_FlagEn                             0x0800a6d1   Data           1  os_dbg.o(.constdata)
    OSDbg_FlagGrp                            0x0800a6d4   Data          40  os_dbg.o(.constdata)
    OSDbg_FlagDelEn                          0x0800a6fc   Data           1  os_dbg.o(.constdata)
    OSDbg_FlagModeClrEn                      0x0800a6fd   Data           1  os_dbg.o(.constdata)
    OSDbg_FlagPendAbortEn                    0x0800a6fe   Data           1  os_dbg.o(.constdata)
    OSDbg_FlagGrpSize                        0x0800a700   Data           2  os_dbg.o(.constdata)
    OSDbg_FlagWidth                          0x0800a702   Data           2  os_dbg.o(.constdata)
    OSDbg_IntQ                               0x0800a704   Data           2  os_dbg.o(.constdata)
    OSDbg_ISRPostDeferredEn                  0x0800a706   Data           1  os_dbg.o(.constdata)
    OSDbg_Mem                                0x0800a708   Data          32  os_dbg.o(.constdata)
    OSDbg_MemEn                              0x0800a728   Data           1  os_dbg.o(.constdata)
    OSDbg_MemSize                            0x0800a72a   Data           2  os_dbg.o(.constdata)
    OSDbg_MsgEn                              0x0800a72c   Data           1  os_dbg.o(.constdata)
    OSDbg_MsgSize                            0x0800a72e   Data           2  os_dbg.o(.constdata)
    OSDbg_MsgPoolSize                        0x0800a730   Data           2  os_dbg.o(.constdata)
    OSDbg_MsgQSize                           0x0800a732   Data           2  os_dbg.o(.constdata)
    OSDbg_Mutex                              0x0800a734   Data          44  os_dbg.o(.constdata)
    OSDbg_MutexEn                            0x0800a760   Data           1  os_dbg.o(.constdata)
    OSDbg_MutexDelEn                         0x0800a761   Data           1  os_dbg.o(.constdata)
    OSDbg_MutexPendAbortEn                   0x0800a762   Data           1  os_dbg.o(.constdata)
    OSDbg_MutexSize                          0x0800a764   Data           2  os_dbg.o(.constdata)
    OSDbg_ObjTypeChkEn                       0x0800a766   Data           1  os_dbg.o(.constdata)
    OSDbg_PendMultiEn                        0x0800a767   Data           1  os_dbg.o(.constdata)
    OSDbg_PendDataSize                       0x0800a768   Data           2  os_dbg.o(.constdata)
    OSDbg_PendListSize                       0x0800a76a   Data           2  os_dbg.o(.constdata)
    OSDbg_PendObjSize                        0x0800a76c   Data           2  os_dbg.o(.constdata)
    OSDbg_PrioMax                            0x0800a76e   Data           2  os_dbg.o(.constdata)
    OSDbg_PrioTblSize                        0x0800a770   Data           2  os_dbg.o(.constdata)
    OSDbg_PtrSize                            0x0800a772   Data           2  os_dbg.o(.constdata)
    OSDbg_Q                                  0x0800a774   Data          48  os_dbg.o(.constdata)
    OSDbg_QEn                                0x0800a7a4   Data           1  os_dbg.o(.constdata)
    OSDbg_QDelEn                             0x0800a7a5   Data           1  os_dbg.o(.constdata)
    OSDbg_QFlushEn                           0x0800a7a6   Data           1  os_dbg.o(.constdata)
    OSDbg_QPendAbortEn                       0x0800a7a7   Data           1  os_dbg.o(.constdata)
    OSDbg_QSize                              0x0800a7a8   Data           2  os_dbg.o(.constdata)
    OSDbg_SchedRoundRobinEn                  0x0800a7aa   Data           1  os_dbg.o(.constdata)
    OSDbg_Sem                                0x0800a7ac   Data          40  os_dbg.o(.constdata)
    OSDbg_SemEn                              0x0800a7d4   Data           1  os_dbg.o(.constdata)
    OSDbg_SemDelEn                           0x0800a7d5   Data           1  os_dbg.o(.constdata)
    OSDbg_SemPendAbortEn                     0x0800a7d6   Data           1  os_dbg.o(.constdata)
    OSDbg_SemSetEn                           0x0800a7d7   Data           1  os_dbg.o(.constdata)
    OSDbg_SemSize                            0x0800a7d8   Data           2  os_dbg.o(.constdata)
    OSDbg_RdyList                            0x0800a7da   Data           2  os_dbg.o(.constdata)
    OSDbg_RdyListSize                        0x0800a7dc   Data           4  os_dbg.o(.constdata)
    OSDbg_StkWidth                           0x0800a7e0   Data           1  os_dbg.o(.constdata)
    OSDbg_StatTaskEn                         0x0800a7e1   Data           1  os_dbg.o(.constdata)
    OSDbg_StatTaskStkChkEn                   0x0800a7e2   Data           1  os_dbg.o(.constdata)
    OSDbg_TaskChangePrioEn                   0x0800a7e3   Data           1  os_dbg.o(.constdata)
    OSDbg_TaskDelEn                          0x0800a7e4   Data           1  os_dbg.o(.constdata)
    OSDbg_TaskQEn                            0x0800a7e5   Data           1  os_dbg.o(.constdata)
    OSDbg_TaskQPendAbortEn                   0x0800a7e6   Data           1  os_dbg.o(.constdata)
    OSDbg_TaskProfileEn                      0x0800a7e7   Data           1  os_dbg.o(.constdata)
    OSDbg_TaskRegTblSize                     0x0800a7e8   Data           2  os_dbg.o(.constdata)
    OSDbg_TaskSemPendAbortEn                 0x0800a7ea   Data           1  os_dbg.o(.constdata)
    OSDbg_TaskSuspendEn                      0x0800a7eb   Data           1  os_dbg.o(.constdata)
    OSDbg_TCBSize                            0x0800a7ec   Data           2  os_dbg.o(.constdata)
    OSDbg_TickListSize                       0x0800a7ee   Data           2  os_dbg.o(.constdata)
    OSDbg_TimeDlyHMSMEn                      0x0800a7f0   Data           1  os_dbg.o(.constdata)
    OSDbg_TimeDlyResumeEn                    0x0800a7f1   Data           1  os_dbg.o(.constdata)
    OSDbg_TLS_TblSize                        0x0800a7f2   Data           2  os_dbg.o(.constdata)
    OSDbg_Tmr                                0x0800a7f4   Data          48  os_dbg.o(.constdata)
    OSDbg_TmrEn                              0x0800a824   Data           1  os_dbg.o(.constdata)
    OSDbg_TmrDelEn                           0x0800a825   Data           1  os_dbg.o(.constdata)
    OSDbg_TmrSize                            0x0800a826   Data           2  os_dbg.o(.constdata)
    OSDbg_VersionNbr                         0x0800a828   Data           2  os_dbg.o(.constdata)
    OSDbg_DataSize                           0x0800a82c   Data           4  os_dbg.o(.constdata)
    Region$$Table$$Base                      0x0800a830   Number         0  anon$$obj.o(Region$$Table)
    Region$$Table$$Limit                     0x0800a850   Number         0  anon$$obj.o(Region$$Table)
    DateStr                                  0x20000000   Data          11  command_process.o(.data)
    TimeStr                                  0x2000000b   Data           8  command_process.o(.data)
    TimingDelay                              0x2000002c   Data           4  systick.o(.data)
    DebugComRX                               0x20000030   Data           8  usart.o(.data)
    DebugComTX                               0x20000038   Data           8  usart.o(.data)
    CommuComRX                               0x20000040   Data           8  usart.o(.data)
    CommuComTX                               0x20000048   Data           8  usart.o(.data)
    receive_count                            0x20000060   Data           4  usbd_cdc_vcp.o(.data)
    linecoding                               0x20000064   Data           8  usbd_cdc_vcp.o(.data)
    VCP_fops                                 0x2000006c   Data          20  usbd_cdc_vcp.o(.data)
    USR_desc                                 0x20000080   Data          28  usbd_desc.o(.data)
    USBD_DeviceDesc                          0x2000009c   Data          18  usbd_desc.o(.data)
    USBD_DeviceQualifierDesc                 0x200000ae   Data          10  usbd_desc.o(.data)
    USBD_LangIDDesc                          0x200000b8   Data           4  usbd_desc.o(.data)
    USBD_StringSerial                        0x200000bc   Data          26  usbd_desc.o(.data)
    USR_cb                                   0x200000d8   Data          28  usbd_usr.o(.data)
    CmdBuff                                  0x200000f8   Data           8  usbd_cdc_core.o(.data)
    APP_Rx_ptr_in                            0x20000100   Data           4  usbd_cdc_core.o(.data)
    APP_Rx_ptr_out                           0x20000104   Data           4  usbd_cdc_core.o(.data)
    APP_Rx_length                            0x20000108   Data           4  usbd_cdc_core.o(.data)
    USB_Tx_State                             0x2000010c   Data           1  usbd_cdc_core.o(.data)
    USBD_CDC_cb                              0x20000118   Data          44  usbd_cdc_core.o(.data)
    usbd_cdc_CfgDesc                         0x20000144   Data          67  usbd_cdc_core.o(.data)
    SET_TEST_MODE                            0x2000018c   Data           4  usbd_core.o(.data)
    USBD_DCD_INT_cb                          0x20000190   Data          44  usbd_core.o(.data)
    USBD_DCD_INT_fops                        0x200001bc   Data           4  usbd_core.o(.data)
    USBD_ep_status                           0x200001c0   Data           4  usbd_req.o(.data)
    USBD_default_cfg                         0x200001c4   Data           4  usbd_req.o(.data)
    USBD_cfg_status                          0x200001c8   Data           4  usbd_req.o(.data)
    CPU_TS_TmrFreq_Hz                        0x200001d0   Data           4  cpu_core.o(.data)
    OSPrioTbl                                0x200001d4   Data           8  os_prio.o(.data)
    OS_AppTaskCreateHookPtr                  0x200001dc   Data           4  os_var.o(.data)
    OS_AppTaskDelHookPtr                     0x200001e0   Data           4  os_var.o(.data)
    OS_AppTaskReturnHookPtr                  0x200001e4   Data           4  os_var.o(.data)
    OS_AppIdleTaskHookPtr                    0x200001e8   Data           4  os_var.o(.data)
    OS_AppStatTaskHookPtr                    0x200001ec   Data           4  os_var.o(.data)
    OS_AppTaskSwHookPtr                      0x200001f0   Data           4  os_var.o(.data)
    OS_AppTimeTickHookPtr                    0x200001f4   Data           4  os_var.o(.data)
    OSIdleTaskCtr                            0x200001f8   Data           4  os_var.o(.data)
    OSIntNestingCtr                          0x200001fc   Data           1  os_var.o(.data)
    OSRunning                                0x200001fd   Data           1  os_var.o(.data)
    OSIntQInPtr                              0x20000200   Data           4  os_var.o(.data)
    OSIntQOutPtr                             0x20000204   Data           4  os_var.o(.data)
    OSIntQNbrEntries                         0x20000208   Data           2  os_var.o(.data)
    OSIntQNbrEntriesMax                      0x2000020a   Data           2  os_var.o(.data)
    OSIntQOvfCtr                             0x2000020c   Data           2  os_var.o(.data)
    OSIntQTaskTimeMax                        0x20000210   Data           4  os_var.o(.data)
    OSFlagDbgListPtr                         0x20000214   Data           4  os_var.o(.data)
    OSFlagQty                                0x20000218   Data           2  os_var.o(.data)
    OSMemDbgListPtr                          0x2000021c   Data           4  os_var.o(.data)
    OSMemQty                                 0x20000220   Data           2  os_var.o(.data)
    OSMutexDbgListPtr                        0x20000224   Data           4  os_var.o(.data)
    OSMutexQty                               0x20000228   Data           2  os_var.o(.data)
    OSPrioCur                                0x2000022a   Data           1  os_var.o(.data)
    OSPrioHighRdy                            0x2000022b   Data           1  os_var.o(.data)
    OSPrioSaved                              0x2000022c   Data           1  os_var.o(.data)
    OSQDbgListPtr                            0x20000230   Data           4  os_var.o(.data)
    OSQQty                                   0x20000234   Data           2  os_var.o(.data)
    OSSchedLockTimeBegin                     0x20000238   Data           4  os_var.o(.data)
    OSSchedLockTimeMax                       0x2000023c   Data           4  os_var.o(.data)
    OSSchedLockTimeMaxCur                    0x20000240   Data           4  os_var.o(.data)
    OSSchedLockNestingCtr                    0x20000244   Data           1  os_var.o(.data)
    OSSemDbgListPtr                          0x20000248   Data           4  os_var.o(.data)
    OSSemQty                                 0x2000024c   Data           2  os_var.o(.data)
    OSStatResetFlag                          0x2000024e   Data           1  os_var.o(.data)
    OSStatTaskCPUUsage                       0x20000250   Data           2  os_var.o(.data)
    OSStatTaskCPUUsageMax                    0x20000252   Data           2  os_var.o(.data)
    OSStatTaskCtr                            0x20000254   Data           4  os_var.o(.data)
    OSStatTaskCtrMax                         0x20000258   Data           4  os_var.o(.data)
    OSStatTaskCtrRun                         0x2000025c   Data           4  os_var.o(.data)
    OSStatTaskRdy                            0x20000260   Data           1  os_var.o(.data)
    OSStatTaskTimeMax                        0x20000264   Data           4  os_var.o(.data)
    OSTaskCtxSwCtr                           0x20000268   Data           4  os_var.o(.data)
    OSTaskDbgListPtr                         0x2000026c   Data           4  os_var.o(.data)
    OSTaskQty                                0x20000270   Data           2  os_var.o(.data)
    OSTaskRegNextAvailID                     0x20000272   Data           1  os_var.o(.data)
    OSTickCtr                                0x20000274   Data           4  os_var.o(.data)
    OSTickTaskTimeMax                        0x20000278   Data           4  os_var.o(.data)
    OSTickListDly                            0x2000027c   Data           8  os_var.o(.data)
    OSTickListTimeout                        0x20000284   Data           8  os_var.o(.data)
    OSTmrDbgListPtr                          0x2000028c   Data           4  os_var.o(.data)
    OSTmrListEntries                         0x20000290   Data           2  os_var.o(.data)
    OSTmrListPtr                             0x20000294   Data           4  os_var.o(.data)
    OSTmrQty                                 0x20000298   Data           2  os_var.o(.data)
    OSTmrTaskTimeMax                         0x2000029c   Data           4  os_var.o(.data)
    OSTmrTickCtr                             0x200002a0   Data           4  os_var.o(.data)
    OSTmrUpdateCnt                           0x200002a4   Data           4  os_var.o(.data)
    OSTmrUpdateCtr                           0x200002a8   Data           4  os_var.o(.data)
    OSTCBCurPtr                              0x200002ac   Data           4  os_var.o(.data)
    OSTCBHighRdyPtr                          0x200002b0   Data           4  os_var.o(.data)
    OS_CPU_ExceptStkBase                     0x200002b4   Data           4  os_cpu_c.o(.data)
    StartTaskTcb                             0x200002b8   Data         184  app.o(.bss)
    Sys_StateChk_Tmr                         0x20000370   Data          48  app.o(.bss)
    App_Start_Task_Stk                       0x200003a0   Data        1024  app.o(.bss)
    LedTaskTcb                               0x200007a0   Data         184  app_led.o(.bss)
    App_Led_Task_Stk                         0x20000858   Data        1024  app_led.o(.bss)
    USB_Tx_Buffer                            0x20000c58   Data          64  app_usb.o(.bss)
    UsbTaskTcb                               0x20000c98   Data         184  app_usb.o(.bss)
    App_Usb_Task_Stk                         0x20000d50   Data        1024  app_usb.o(.bss)
    AdjVolTcb                                0x20001150   Data         184  app_adjvol.o(.bss)
    App_AdjVol_Task_Stk                      0x20001208   Data        1024  app_adjvol.o(.bss)
    System_MsgStr                            0x200016d0   Data          30  system.o(.bss)
    USB_OTG_dev                              0x200016f0   Data        1524  board.o(.bss)
    Adc_V_ConValue                           0x20001ce4   Data         560  board.o(.bss)
    Adc_I_ConValue                           0x20001f14   Data          40  board.o(.bss)
    USBD_StrDesc                             0x20002004   Data         255  usbd_desc.o(.bss)
    usbd_cdc_OtherCfgDesc                    0x20002103   Data          67  usbd_cdc_core.o(.bss)
    USB_Rx_Buffer                            0x20002146   Data          64  usbd_cdc_core.o(.bss)
    APP_Rx_Buffer                            0x20002186   Data        2048  usbd_cdc_core.o(.bss)
    CPU_Name                                 0x20002986   Data          16  cpu_core.o(.bss)
    OSCfg_IdleTaskStk                        0x20002998   Data         512  os_cfg_app.o(.bss)
    OSCfg_IntQ                               0x20002b98   Data         320  os_cfg_app.o(.bss)
    OSCfg_IntQTaskStk                        0x20002cd8   Data         512  os_cfg_app.o(.bss)
    OSCfg_ISRStk                             0x20002ed8   Data         512  os_cfg_app.o(.bss)
    OSCfg_MsgPool                            0x200030d8   Data        1600  os_cfg_app.o(.bss)
    OSCfg_StatTaskStk                        0x20003718   Data         512  os_cfg_app.o(.bss)
    OSCfg_TickTaskStk                        0x20003918   Data         512  os_cfg_app.o(.bss)
    OSCfg_TmrTaskStk                         0x20003b18   Data         512  os_cfg_app.o(.bss)
    OSIdleTaskTCB                            0x20003d18   Data         184  os_var.o(.bss)
    OSIntQTaskTCB                            0x20003dd0   Data         184  os_var.o(.bss)
    OSMsgPool                                0x20003e88   Data          12  os_var.o(.bss)
    OSRdyList                                0x20003e94   Data         768  os_var.o(.bss)
    OSStatTaskTCB                            0x20004194   Data         184  os_var.o(.bss)
    OSTickTaskTCB                            0x2000424c   Data         184  os_var.o(.bss)
    OSTmrMutex                               0x20004304   Data          44  os_var.o(.bss)
    OSTmrTaskTCB                             0x20004330   Data         184  os_var.o(.bss)
    __libspace_start                         0x200043e8   Data          96  libspace.o(.bss)
    __temporary_stack_top$libspace           0x20004448   Data           0  libspace.o(.bss)



==============================================================================

Memory Map of the image

  Image Entry point : 0x08000189

  Load Region LR_IROM1 (Base: 0x08000000, Size: 0x0000ab08, Max: 0x00100000, ABSOLUTE, COMPRESSED[0x0000a974])

    Execution Region ER_IROM1 (Exec base: 0x08000000, Load base: 0x08000000, Size: 0x0000a850, Max: 0x00100000, ABSOLUTE)

    Exec Addr    Load Addr    Size         Type   Attr      Idx    E Section Name        Object

    0x08000000   0x08000000   0x00000188   Data   RO            3    RESET               startup_stm32f40_41xxx.o
    0x08000188   0x08000188   0x00000008   Code   RO         9452  * !!!main             c_w.l(__main.o)
    0x08000190   0x08000190   0x00000034   Code   RO         9662    !!!scatter          c_w.l(__scatter.o)
    0x080001c4   0x080001c4   0x0000005a   Code   RO         9660    !!dczerorl2         c_w.l(__dczerorl2.o)
    0x0800021e   0x0800021e   0x00000002   PAD
    0x08000220   0x08000220   0x0000001c   Code   RO         9664    !!handler_zi        c_w.l(__scatter_zi.o)
    0x0800023c   0x0800023c   0x00000002   Code   RO         9530    .ARM.Collect$$libinit$$00000000  c_w.l(libinit.o)
    0x0800023e   0x0800023e   0x00000004   Code   RO         9542    .ARM.Collect$$libinit$$00000001  c_w.l(libinit2.o)
    0x08000242   0x08000242   0x00000000   Code   RO         9545    .ARM.Collect$$libinit$$00000004  c_w.l(libinit2.o)
    0x08000242   0x08000242   0x00000000   Code   RO         9548    .ARM.Collect$$libinit$$0000000A  c_w.l(libinit2.o)
    0x08000242   0x08000242   0x00000000   Code   RO         9550    .ARM.Collect$$libinit$$0000000C  c_w.l(libinit2.o)
    0x08000242   0x08000242   0x00000000   Code   RO         9552    .ARM.Collect$$libinit$$0000000E  c_w.l(libinit2.o)
    0x08000242   0x08000242   0x00000000   Code   RO         9555    .ARM.Collect$$libinit$$00000011  c_w.l(libinit2.o)
    0x08000242   0x08000242   0x00000000   Code   RO         9557    .ARM.Collect$$libinit$$00000013  c_w.l(libinit2.o)
    0x08000242   0x08000242   0x00000000   Code   RO         9559    .ARM.Collect$$libinit$$00000015  c_w.l(libinit2.o)
    0x08000242   0x08000242   0x00000000   Code   RO         9561    .ARM.Collect$$libinit$$00000017  c_w.l(libinit2.o)
    0x08000242   0x08000242   0x00000000   Code   RO         9563    .ARM.Collect$$libinit$$00000019  c_w.l(libinit2.o)
    0x08000242   0x08000242   0x00000000   Code   RO         9565    .ARM.Collect$$libinit$$0000001B  c_w.l(libinit2.o)
    0x08000242   0x08000242   0x00000000   Code   RO         9567    .ARM.Collect$$libinit$$0000001D  c_w.l(libinit2.o)
    0x08000242   0x08000242   0x00000000   Code   RO         9569    .ARM.Collect$$libinit$$0000001F  c_w.l(libinit2.o)
    0x08000242   0x08000242   0x00000000   Code   RO         9571    .ARM.Collect$$libinit$$00000021  c_w.l(libinit2.o)
    0x08000242   0x08000242   0x00000000   Code   RO         9573    .ARM.Collect$$libinit$$00000023  c_w.l(libinit2.o)
    0x08000242   0x08000242   0x00000000   Code   RO         9575    .ARM.Collect$$libinit$$00000025  c_w.l(libinit2.o)
    0x08000242   0x08000242   0x00000000   Code   RO         9579    .ARM.Collect$$libinit$$0000002C  c_w.l(libinit2.o)
    0x08000242   0x08000242   0x00000000   Code   RO         9581    .ARM.Collect$$libinit$$0000002E  c_w.l(libinit2.o)
    0x08000242   0x08000242   0x00000000   Code   RO         9583    .ARM.Collect$$libinit$$00000030  c_w.l(libinit2.o)
    0x08000242   0x08000242   0x00000000   Code   RO         9585    .ARM.Collect$$libinit$$00000032  c_w.l(libinit2.o)
    0x08000242   0x08000242   0x00000002   Code   RO         9586    .ARM.Collect$$libinit$$00000033  c_w.l(libinit2.o)
    0x08000244   0x08000244   0x00000002   Code   RO         9617    .ARM.Collect$$libshutdown$$00000000  c_w.l(libshutdown.o)
    0x08000246   0x08000246   0x00000000   Code   RO         9643    .ARM.Collect$$libshutdown$$00000002  c_w.l(libshutdown2.o)
    0x08000246   0x08000246   0x00000000   Code   RO         9645    .ARM.Collect$$libshutdown$$00000004  c_w.l(libshutdown2.o)
    0x08000246   0x08000246   0x00000000   Code   RO         9648    .ARM.Collect$$libshutdown$$00000007  c_w.l(libshutdown2.o)
    0x08000246   0x08000246   0x00000000   Code   RO         9651    .ARM.Collect$$libshutdown$$0000000A  c_w.l(libshutdown2.o)
    0x08000246   0x08000246   0x00000000   Code   RO         9653    .ARM.Collect$$libshutdown$$0000000C  c_w.l(libshutdown2.o)
    0x08000246   0x08000246   0x00000000   Code   RO         9656    .ARM.Collect$$libshutdown$$0000000F  c_w.l(libshutdown2.o)
    0x08000246   0x08000246   0x00000002   Code   RO         9657    .ARM.Collect$$libshutdown$$00000010  c_w.l(libshutdown2.o)
    0x08000248   0x08000248   0x00000000   Code   RO         9486    .ARM.Collect$$rtentry$$00000000  c_w.l(__rtentry.o)
    0x08000248   0x08000248   0x00000000   Code   RO         9501    .ARM.Collect$$rtentry$$00000002  c_w.l(__rtentry2.o)
    0x08000248   0x08000248   0x00000006   Code   RO         9513    .ARM.Collect$$rtentry$$00000004  c_w.l(__rtentry4.o)
    0x0800024e   0x0800024e   0x00000000   Code   RO         9503    .ARM.Collect$$rtentry$$00000009  c_w.l(__rtentry2.o)
    0x0800024e   0x0800024e   0x00000004   Code   RO         9504    .ARM.Collect$$rtentry$$0000000A  c_w.l(__rtentry2.o)
    0x08000252   0x08000252   0x00000000   Code   RO         9506    .ARM.Collect$$rtentry$$0000000C  c_w.l(__rtentry2.o)
    0x08000252   0x08000252   0x00000008   Code   RO         9507    .ARM.Collect$$rtentry$$0000000D  c_w.l(__rtentry2.o)
    0x0800025a   0x0800025a   0x00000002   Code   RO         9534    .ARM.Collect$$rtexit$$00000000  c_w.l(rtexit.o)
    0x0800025c   0x0800025c   0x00000000   Code   RO         9590    .ARM.Collect$$rtexit$$00000002  c_w.l(rtexit2.o)
    0x0800025c   0x0800025c   0x00000004   Code   RO         9591    .ARM.Collect$$rtexit$$00000003  c_w.l(rtexit2.o)
    0x08000260   0x08000260   0x00000006   Code   RO         9592    .ARM.Collect$$rtexit$$00000004  c_w.l(rtexit2.o)
    0x08000266   0x08000266   0x00000002   PAD
    0x08000268   0x08000268   0x00000040   Code   RO            4    .text               startup_stm32f40_41xxx.o
    0x080002a8   0x080002a8   0x00000034   Code   RO         7739    .text               cpu_a.o
    0x080002dc   0x080002dc   0x00000006   Code   RO         9450    .text               c_w.l(heapauxi.o)
    0x080002e2   0x080002e2   0x0000004a   Code   RO         9517    .text               c_w.l(sys_stackheap_outer.o)
    0x0800032c   0x0800032c   0x00000012   Code   RO         9519    .text               c_w.l(exit.o)
    0x0800033e   0x0800033e   0x00000002   PAD
    0x08000340   0x08000340   0x00000008   Code   RO         9531    .text               c_w.l(libspace.o)
    0x08000348   0x08000348   0x0000000c   Code   RO         9587    .text               c_w.l(sys_exit.o)
    0x08000354   0x08000354   0x00000002   Code   RO         9606    .text               c_w.l(use_no_semi.o)
    0x08000356   0x08000356   0x00000000   Code   RO         9608    .text               c_w.l(indicate_semi.o)
    0x08000356   0x08000356   0x00000002   PAD
    0x08000358   0x08000358   0x000000ac   Code   RO         9284    CODE                os_cpu_a.o
    0x08000404   0x08000404   0x00000016   Code   RO         1594    i.ADC_Cmd           stm32f4xx_adc.o
    0x0800041a   0x0800041a   0x00000002   PAD
    0x0800041c   0x0800041c   0x00000030   Code   RO         1595    i.ADC_CommonInit    stm32f4xx_adc.o
    0x0800044c   0x0800044c   0x00000016   Code   RO         1598    i.ADC_DMACmd        stm32f4xx_adc.o
    0x08000462   0x08000462   0x00000002   PAD
    0x08000464   0x08000464   0x00000054   Code   RO         1614    i.ADC_Init          stm32f4xx_adc.o
    0x080004b8   0x080004b8   0x000000b8   Code   RO         1619    i.ADC_RegularChannelConfig  stm32f4xx_adc.o
    0x08000570   0x08000570   0x0000000a   Code   RO         1621    i.ADC_SoftwareStartConv  stm32f4xx_adc.o
    0x0800057a   0x0800057a   0x00000002   PAD
    0x0800057c   0x0800057c   0x0000008c   Code   RO         1498    i.Adc_Init          adc.o
    0x08000608   0x08000608   0x00000074   Code   RO          887    i.Adjust_Voltage_CW  adjustvoltage.o
    0x0800067c   0x0800067c   0x00000074   Code   RO          888    i.Adjust_Voltage_HV  adjustvoltage.o
    0x080006f0   0x080006f0   0x00000016   Code   RO          890    i.Adjust_Voltage_Pcw  adjustvoltage.o
    0x08000706   0x08000706   0x00000016   Code   RO          891    i.Adjust_Voltage_Vnn1  adjustvoltage.o
    0x0800071c   0x0800071c   0x00000016   Code   RO          892    i.Adjust_Voltage_Vnn2  adjustvoltage.o
    0x08000732   0x08000732   0x0000001e   Code   RO          893    i.Adjust_Voltage_Vpp1  adjustvoltage.o
    0x08000750   0x08000750   0x0000001e   Code   RO          894    i.Adjust_Voltage_Vpp2  adjustvoltage.o
    0x0800076e   0x0800076e   0x00000002   PAD
    0x08000770   0x08000770   0x00000044   Code   RO          450    i.App_AdjVol_Task   app_adjvol.o
    0x080007b4   0x080007b4   0x00000054   Code   RO          451    i.App_AdjVol_TaskCreate  app_adjvol.o
    0x08000808   0x08000808   0x000000fc   Code   RO          383    i.App_Led_Task      app_led.o
    0x08000904   0x08000904   0x00000054   Code   RO          384    i.App_Led_TaskCreate  app_led.o
    0x08000958   0x08000958   0x000000f8   Code   RO          155    i.App_Start_Task    app.o
    0x08000a50   0x08000a50   0x00000054   Code   RO          156    i.App_Start_Task_Create  app.o
    0x08000aa4   0x08000aa4   0x00000048   Code   RO          416    i.App_Usb_Task      app_usb.o
    0x08000aec   0x08000aec   0x00000054   Code   RO          417    i.App_Usb_TaskCreate  app_usb.o
    0x08000b40   0x08000b40   0x0000000e   Code   RO         7561    i.BSP_CPU_ClkFreq   bsp.o
    0x08000b4e   0x08000b4e   0x00000002   PAD
    0x08000b50   0x08000b50   0x00000054   Code   RO         1154    i.Board_Bsp_Init    board.o
    0x08000ba4   0x08000ba4   0x00000004   Code   RO          604    i.BusFault_Handler  stm32f4xx_it.o
    0x08000ba8   0x08000ba8   0x0000000c   Code   RO         7621    i.CPU_Init          cpu_core.o
    0x08000bb4   0x08000bb4   0x00000030   Code   RO         7622    i.CPU_NameClr       cpu_core.o
    0x08000be4   0x08000be4   0x00000008   Code   RO         7624    i.CPU_NameInit      cpu_core.o
    0x08000bec   0x08000bec   0x00000014   Code   RO         7628    i.CPU_TS_Init       cpu_core.o
    0x08000c00   0x08000c00   0x0000000c   Code   RO         7630    i.CPU_TS_TmrFreqSet  cpu_core.o
    0x08000c0c   0x08000c0c   0x00000034   Code   RO         7563    i.CPU_TS_TmrInit    bsp.o
    0x08000c40   0x08000c40   0x0000000c   Code   RO         7564    i.CPU_TS_TmrRd      bsp.o
    0x08000c4c   0x08000c4c   0x0000003c   Code   RO          704    i.Cmd_Process       command_process.o
    0x08000c88   0x08000c88   0x000000d4   Code   RO         1380    i.Com_IRQHandler_CallBack  usart.o
    0x08000d5c   0x08000d5c   0x000000c0   Code   RO         1155    i.Commu_Com_Config  board.o
    0x08000e1c   0x08000e1c   0x00000020   Code   RO         2327    i.DAC_SetChannel1Data  stm32f4xx_dac.o
    0x08000e3c   0x08000e3c   0x0000002c   Code   RO         2330    i.DAC_SoftwareTriggerCmd  stm32f4xx_dac.o
    0x08000e68   0x08000e68   0x0000004a   Code   RO         7025    i.DCD_EP_Close      usb_dcd.o
    0x08000eb2   0x08000eb2   0x00000048   Code   RO         7026    i.DCD_EP_ClrStall   usb_dcd.o
    0x08000efa   0x08000efa   0x00000068   Code   RO         7028    i.DCD_EP_Open       usb_dcd.o
    0x08000f62   0x08000f62   0x00000052   Code   RO         7029    i.DCD_EP_PrepareRx  usb_dcd.o
    0x08000fb4   0x08000fb4   0x0000001c   Code   RO         7030    i.DCD_EP_SetAddress  usb_dcd.o
    0x08000fd0   0x08000fd0   0x00000048   Code   RO         7031    i.DCD_EP_Stall      usb_dcd.o
    0x08001018   0x08001018   0x0000004e   Code   RO         7032    i.DCD_EP_Tx         usb_dcd.o
    0x08001066   0x08001066   0x00000002   PAD
    0x08001068   0x08001068   0x00000198   Code   RO         7119    i.DCD_HandleEnumDone_ISR  usb_dcd_int.o
    0x08001200   0x08001200   0x00000128   Code   RO         7120    i.DCD_HandleInEP_ISR  usb_dcd_int.o
    0x08001328   0x08001328   0x00000100   Code   RO         7121    i.DCD_HandleOutEP_ISR  usb_dcd_int.o
    0x08001428   0x08001428   0x0000006c   Code   RO         7122    i.DCD_HandleResume_ISR  usb_dcd_int.o
    0x08001494   0x08001494   0x000000b0   Code   RO         7123    i.DCD_HandleRxStatusQueueLevel_ISR  usb_dcd_int.o
    0x08001544   0x08001544   0x0000002c   Code   RO         7124    i.DCD_HandleSof_ISR  usb_dcd_int.o
    0x08001570   0x08001570   0x000000a8   Code   RO         7125    i.DCD_HandleUSBSuspend_ISR  usb_dcd_int.o
    0x08001618   0x08001618   0x00000104   Code   RO         7126    i.DCD_HandleUsbReset_ISR  usb_dcd_int.o
    0x0800171c   0x0800171c   0x0000009c   Code   RO         7034    i.DCD_Init          usb_dcd.o
    0x080017b8   0x080017b8   0x0000002c   Code   RO         7127    i.DCD_IsoINIncomplete_ISR  usb_dcd_int.o
    0x080017e4   0x080017e4   0x0000002c   Code   RO         7128    i.DCD_IsoOUTIncomplete_ISR  usb_dcd_int.o
    0x08001810   0x08001810   0x0000002c   Code   RO         7129    i.DCD_OTG_ISR       usb_dcd_int.o
    0x0800183c   0x0800183c   0x00000028   Code   RO         7130    i.DCD_ReadDevInEP   usb_dcd_int.o
    0x08001864   0x08001864   0x0000002c   Code   RO         7131    i.DCD_SessionRequest_ISR  usb_dcd_int.o
    0x08001890   0x08001890   0x000000ac   Code   RO         7132    i.DCD_WriteEmptyTxFifo  usb_dcd_int.o
    0x0800193c   0x0800193c   0x00000010   Code   RO          605    i.DMA1_Stream4_IRQHandler  stm32f4xx_it.o
    0x0800194c   0x0800194c   0x00000010   Code   RO          606    i.DMA1_Stream6_IRQHandler  stm32f4xx_it.o
    0x0800195c   0x0800195c   0x00000034   Code   RO         2613    i.DMA_ClearFlag     stm32f4xx_dma.o
    0x08001990   0x08001990   0x00000034   Code   RO         2614    i.DMA_ClearITPendingBit  stm32f4xx_dma.o
    0x080019c4   0x080019c4   0x00000016   Code   RO         2615    i.DMA_Cmd           stm32f4xx_dma.o
    0x080019da   0x080019da   0x00000008   Code   RO         2621    i.DMA_GetCurrDataCounter  stm32f4xx_dma.o
    0x080019e2   0x080019e2   0x00000002   PAD
    0x080019e4   0x080019e4   0x00000064   Code   RO         2625    i.DMA_GetITStatus   stm32f4xx_dma.o
    0x08001a48   0x08001a48   0x0000003a   Code   RO         2626    i.DMA_ITConfig      stm32f4xx_dma.o
    0x08001a82   0x08001a82   0x00000002   PAD
    0x08001a84   0x08001a84   0x00000058   Code   RO         2627    i.DMA_Init          stm32f4xx_dma.o
    0x08001adc   0x08001adc   0x00000004   Code   RO         2630    i.DMA_SetCurrDataCounter  stm32f4xx_dma.o
    0x08001ae0   0x08001ae0   0x00000068   Code   RO          851    i.DacCw_Tlv5626cd_ValueSet  tlv5626cd.o
    0x08001b48   0x08001b48   0x00000068   Code   RO          852    i.DacHv_Tlv5626cd_ValueSet  tlv5626cd.o
    0x08001bb0   0x08001bb0   0x00000002   Code   RO          607    i.DebugMon_Handler  stm32f4xx_it.o
    0x08001bb2   0x08001bb2   0x00000002   PAD
    0x08001bb4   0x08001bb4   0x000000c0   Code   RO         1156    i.Debug_Com_Config  board.o
    0x08001c74   0x08001c74   0x00000014   Code   RO         1282    i.Delay_ms          systick.o
    0x08001c88   0x08001c88   0x0000007c   Code   RO         1349    i.Dma_Config        dma.o
    0x08001d04   0x08001d04   0x00000058   Code   RO         1350    i.Dmay_Streamx_IRQHandler_CallBack  dma.o
    0x08001d5c   0x08001d5c   0x00000008   Code   RO         1157    i.Fan_Config        board.o
    0x08001d64   0x08001d64   0x00000054   Code   RO          979    i.Fan_Emc2305_Init  emc2305.o
    0x08001db8   0x08001db8   0x00000084   Code   RO          705    i.FrameCmdPackage   command_process.o
    0x08001e3c   0x08001e3c   0x00000090   Code   RO         3415    i.GPIO_Init         stm32f4xx_gpio.o
    0x08001ecc   0x08001ecc   0x00000046   Code   RO         3416    i.GPIO_PinAFConfig  stm32f4xx_gpio.o
    0x08001f12   0x08001f12   0x00000012   Code   RO         3419    i.GPIO_ReadInputDataBit  stm32f4xx_gpio.o
    0x08001f24   0x08001f24   0x00000004   Code   RO         3422    i.GPIO_ResetBits    stm32f4xx_gpio.o
    0x08001f28   0x08001f28   0x00000004   Code   RO         3423    i.GPIO_SetBits      stm32f4xx_gpio.o
    0x08001f2c   0x08001f2c   0x00000060   Code   RO          706    i.Get_AdjCw_Msg     command_process.o
    0x08001f8c   0x08001f8c   0x00000060   Code   RO          707    i.Get_AdjHv_Msg     command_process.o
    0x08001fec   0x08001fec   0x0000003c   Code   RO          708    i.Get_Compile_Info  command_process.o
    0x08002028   0x08002028   0x0000000c   Code   RO         1283    i.Get_DelayMs       systick.o
    0x08002034   0x08002034   0x00000018   Code   RO          709    i.Get_FireWare_Version  command_process.o
    0x0800204c   0x0800204c   0x00000034   Code   RO         6646    i.Get_SerialNum     usbd_desc.o
    0x08002080   0x08002080   0x000004cc   Code   RO         1234    i.Gpio_Config       gpio.o
    0x0800254c   0x0800254c   0x000000dc   Code   RO         7217    i.Handle_USBAsynchXfer  usbd_cdc_core.o
    0x08002628   0x08002628   0x00000004   Code   RO          608    i.HardFault_Handler  stm32f4xx_it.o
    0x0800262c   0x0800262c   0x00000070   Code   RO          983    i.I2c_Emc_SendByte  emc2305.o
    0x0800269c   0x0800269c   0x00000054   Code   RO          985    i.I2c_Emc_Start     emc2305.o
    0x080026f0   0x080026f0   0x00000054   Code   RO          986    i.I2c_Emc_Stop      emc2305.o
    0x08002744   0x08002744   0x00000054   Code   RO          987    i.I2c_Emc_WaitAck   emc2305.o
    0x08002798   0x08002798   0x0000004c   Code   RO         1158    i.I_AdcDma_Config   board.o
    0x080027e4   0x080027e4   0x00000024   Code   RO         1159    i.I_Adc_Config      board.o
    0x08002808   0x08002808   0x00000014   Code   RO          710    i.InValid_CidData   command_process.o
    0x0800281c   0x0800281c   0x0000003e   Code   RO         6647    i.IntToUnicode      usbd_desc.o
    0x0800285a   0x0800285a   0x00000004   Code   RO          609    i.MemManage_Handler  stm32f4xx_it.o
    0x0800285e   0x0800285e   0x00000012   Code   RO         7931    i.Mem_Clr           lib_mem.o
    0x08002870   0x08002870   0x00000054   Code   RO         7947    i.Mem_Set           lib_mem.o
    0x080028c4   0x080028c4   0x00000002   Code   RO          610    i.NMI_Handler       stm32f4xx_it.o
    0x080028c6   0x080028c6   0x00000002   PAD
    0x080028c8   0x080028c8   0x00000078   Code   RO         1540    i.NVIC_Init         misc.o
    0x08002940   0x08002940   0x00000014   Code   RO         1541    i.NVIC_PriorityGroupConfig  misc.o
    0x08002954   0x08002954   0x00000014   Code   RO         1542    i.NVIC_SetVectorTable  misc.o
    0x08002968   0x08002968   0x0000000c   Code   RO         1258    i.Nvic_Config       nvic.o
    0x08002974   0x08002974   0x00000002   Code   RO         8200    i.OSCfg_Init        os_cfg_app.o
    0x08002976   0x08002976   0x00000002   PAD
    0x08002978   0x08002978   0x00000014   Code   RO         9290    i.OSIdleTaskHook    os_cpu_c.o
    0x0800298c   0x0800298c   0x00000170   Code   RO         8220    i.OSInit            os_core.o
    0x08002afc   0x08002afc   0x00000028   Code   RO         9291    i.OSInitHook        os_cpu_c.o
    0x08002b24   0x08002b24   0x0000002c   Code   RO         8221    i.OSIntEnter        os_core.o
    0x08002b50   0x08002b50   0x000000dc   Code   RO         8222    i.OSIntExit         os_core.o
    0x08002c2c   0x08002c2c   0x000000c4   Code   RO         8643    i.OSMutexCreate     os_mutex.o
    0x08002cf0   0x08002cf0   0x000002d8   Code   RO         8645    i.OSMutexPend       os_mutex.o
    0x08002fc8   0x08002fc8   0x0000024c   Code   RO         8647    i.OSMutexPost       os_mutex.o
    0x08003214   0x08003214   0x000000a0   Code   RO         8223    i.OSSched           os_core.o
    0x080032b4   0x080032b4   0x00000074   Code   RO         8224    i.OSSchedLock       os_core.o
    0x08003328   0x08003328   0x00000094   Code   RO         8225    i.OSSchedUnlock     os_core.o
    0x080033bc   0x080033bc   0x00000068   Code   RO         8226    i.OSStart           os_core.o
    0x08003424   0x08003424   0x00000138   Code   RO         8890    i.OSStatReset       os_stat.o
    0x0800355c   0x0800355c   0x000000f0   Code   RO         8891    i.OSStatTaskCPUUsageInit  os_stat.o
    0x0800364c   0x0800364c   0x00000014   Code   RO         9292    i.OSStatTaskHook    os_cpu_c.o
    0x08003660   0x08003660   0x00000244   Code   RO         8921    i.OSTaskCreate      os_task.o
    0x080038a4   0x080038a4   0x00000018   Code   RO         9293    i.OSTaskCreateHook  os_cpu_c.o
    0x080038bc   0x080038bc   0x000001c4   Code   RO         8922    i.OSTaskDel         os_task.o
    0x08003a80   0x08003a80   0x00000018   Code   RO         9294    i.OSTaskDelHook     os_cpu_c.o
    0x08003a98   0x08003a98   0x0000007c   Code   RO         8930    i.OSTaskResume      os_task.o
    0x08003b14   0x08003b14   0x00000018   Code   RO         9295    i.OSTaskReturnHook  os_cpu_c.o
    0x08003b2c   0x08003b2c   0x00000214   Code   RO         8931    i.OSTaskSemPend     os_task.o
    0x08003d40   0x08003d40   0x000000d4   Code   RO         8935    i.OSTaskStkChk      os_task.o
    0x08003e14   0x08003e14   0x0000025c   Code   RO         9296    i.OSTaskStkInit     os_cpu_c.o
    0x08004070   0x08004070   0x00000060   Code   RO         8936    i.OSTaskSuspend     os_task.o
    0x080040d0   0x080040d0   0x00000088   Code   RO         9297    i.OSTaskSwHook      os_cpu_c.o
    0x08004158   0x08004158   0x0000010c   Code   RO         9134    i.OSTimeDly         os_time.o
    0x08004264   0x08004264   0x000001e8   Code   RO         9135    i.OSTimeDlyHMSM     os_time.o
    0x0800444c   0x0800444c   0x00000044   Code   RO         9139    i.OSTimeTick        os_time.o
    0x08004490   0x08004490   0x00000014   Code   RO         9298    i.OSTimeTickHook    os_cpu_c.o
    0x080044a4   0x080044a4   0x000000b4   Code   RO         9176    i.OSTmrCreate       os_tmr.o
    0x08004558   0x08004558   0x00000100   Code   RO         9179    i.OSTmrStart        os_tmr.o
    0x08004658   0x08004658   0x000001ac   Code   RO         8442    i.OS_Dbg_Init       os_dbg.o
    0x08004804   0x08004804   0x00000018   Code   RO         8467    i.OS_FlagInit       os_flag.o
    0x0800481c   0x0800481c   0x00000224   Code   RO         8468    i.OS_FlagPost       os_flag.o
    0x08004a40   0x08004a40   0x00000064   Code   RO         8469    i.OS_FlagTaskRdy    os_flag.o
    0x08004aa4   0x08004aa4   0x00000044   Code   RO         8228    i.OS_IdleTask       os_core.o
    0x08004ae8   0x08004ae8   0x00000070   Code   RO         8229    i.OS_IdleTaskInit   os_core.o
    0x08004b58   0x08004b58   0x000000fc   Code   RO         8541    i.OS_IntQPost       os_int.o
    0x08004c54   0x08004c54   0x0000018c   Code   RO         8542    i.OS_IntQRePost     os_int.o
    0x08004de0   0x08004de0   0x000000b0   Code   RO         8543    i.OS_IntQTask       os_int.o
    0x08004e90   0x08004e90   0x00000128   Code   RO         8544    i.OS_IntQTaskInit   os_int.o
    0x08004fb8   0x08004fb8   0x00000018   Code   RO         8575    i.OS_MemInit        os_mem.o
    0x08004fd0   0x08004fd0   0x0000007c   Code   RO         8607    i.OS_MsgPoolInit    os_msg.o
    0x0800504c   0x0800504c   0x00000044   Code   RO         8608    i.OS_MsgQFreeAll    os_msg.o
    0x08005090   0x08005090   0x0000000e   Code   RO         8610    i.OS_MsgQInit       os_msg.o
    0x0800509e   0x0800509e   0x00000002   PAD
    0x080050a0   0x080050a0   0x00000104   Code   RO         8611    i.OS_MsgQPut        os_msg.o
    0x080051a4   0x080051a4   0x00000030   Code   RO         8649    i.OS_MutexDbgListAdd  os_mutex.o
    0x080051d4   0x080051d4   0x00000018   Code   RO         8651    i.OS_MutexInit      os_mutex.o
    0x080051ec   0x080051ec   0x00000068   Code   RO         8230    i.OS_Pend           os_core.o
    0x08005254   0x08005254   0x00000026   Code   RO         8233    i.OS_PendDataInit   os_core.o
    0x0800527a   0x0800527a   0x00000002   PAD
    0x0800527c   0x0800527c   0x0000005c   Code   RO         8234    i.OS_PendDbgNameAdd  os_core.o
    0x080052d8   0x080052d8   0x00000024   Code   RO         8235    i.OS_PendDbgNameRemove  os_core.o
    0x080052fc   0x080052fc   0x00000046   Code   RO         8236    i.OS_PendListChangePrio  os_core.o
    0x08005342   0x08005342   0x0000000a   Code   RO         8237    i.OS_PendListInit   os_core.o
    0x0800534c   0x0800534c   0x00000066   Code   RO         8239    i.OS_PendListInsertPrio  os_core.o
    0x080053b2   0x080053b2   0x00000030   Code   RO         8240    i.OS_PendListRemove  os_core.o
    0x080053e2   0x080053e2   0x00000042   Code   RO         8241    i.OS_PendListRemove1  os_core.o
    0x08005424   0x08005424   0x000000d6   Code   RO         8244    i.OS_Post           os_core.o
    0x080054fa   0x080054fa   0x0000002a   Code   RO         8245    i.OS_Post1          os_core.o
    0x08005524   0x08005524   0x00000028   Code   RO         8709    i.OS_PrioGetHighest  os_prio.o
    0x0800554c   0x0800554c   0x00000018   Code   RO         8710    i.OS_PrioInit       os_prio.o
    0x08005564   0x08005564   0x00000024   Code   RO         8711    i.OS_PrioInsert     os_prio.o
    0x08005588   0x08005588   0x00000024   Code   RO         8712    i.OS_PrioRemove     os_prio.o
    0x080055ac   0x080055ac   0x00000018   Code   RO         8755    i.OS_QInit          os_q.o
    0x080055c4   0x080055c4   0x0000014c   Code   RO         8756    i.OS_QPost          os_q.o
    0x08005710   0x08005710   0x00000024   Code   RO         8246    i.OS_RdyListInit    os_core.o
    0x08005734   0x08005734   0x0000002c   Code   RO         8247    i.OS_RdyListInsert  os_core.o
    0x08005760   0x08005760   0x00000040   Code   RO         8248    i.OS_RdyListInsertHead  os_core.o
    0x080057a0   0x080057a0   0x0000003c   Code   RO         8249    i.OS_RdyListInsertTail  os_core.o
    0x080057dc   0x080057dc   0x0000005c   Code   RO         8251    i.OS_RdyListRemove  os_core.o
    0x08005838   0x08005838   0x00000054   Code   RO         8252    i.OS_Sched0         os_core.o
    0x0800588c   0x0800588c   0x0000001c   Code   RO         8253    i.OS_SchedLockTimeMeasStart  os_core.o
    0x080058a8   0x080058a8   0x0000003c   Code   RO         8254    i.OS_SchedLockTimeMeasStop  os_core.o
    0x080058e4   0x080058e4   0x00000018   Code   RO         8827    i.OS_SemInit        os_sem.o
    0x080058fc   0x080058fc   0x00000164   Code   RO         8828    i.OS_SemPost        os_sem.o
    0x08005a60   0x08005a60   0x00000358   Code   RO         8892    i.OS_StatTask       os_stat.o
    0x08005db8   0x08005db8   0x000000cc   Code   RO         8893    i.OS_StatTaskInit   os_stat.o
    0x08005e84   0x08005e84   0x0000002c   Code   RO         8255    i.OS_TaskBlock      os_core.o
    0x08005eb0   0x08005eb0   0x00000030   Code   RO         8937    i.OS_TaskDbgListAdd  os_task.o
    0x08005ee0   0x08005ee0   0x00000044   Code   RO         8938    i.OS_TaskDbgListRemove  os_task.o
    0x08005f24   0x08005f24   0x00000020   Code   RO         8939    i.OS_TaskInit       os_task.o
    0x08005f44   0x08005f44   0x000000b4   Code   RO         8940    i.OS_TaskInitTCB    os_task.o
    0x08005ff8   0x08005ff8   0x0000020c   Code   RO         8941    i.OS_TaskQPost      os_task.o
    0x08006204   0x08006204   0x00000140   Code   RO         8942    i.OS_TaskResume     os_task.o
    0x08006344   0x08006344   0x00000018   Code   RO         8943    i.OS_TaskReturn     os_task.o
    0x0800635c   0x0800635c   0x000004c4   Code   RO         8944    i.OS_TaskSemPost    os_task.o
    0x08006820   0x08006820   0x00000150   Code   RO         8945    i.OS_TaskSuspend    os_task.o
    0x08006970   0x08006970   0x00000086   Code   RO         9082    i.OS_TickListInsert  os_tick.o
    0x080069f6   0x080069f6   0x00000002   PAD
    0x080069f8   0x080069f8   0x000000bc   Code   RO         9083    i.OS_TickListInsertDly  os_tick.o
    0x08006ab4   0x08006ab4   0x00000058   Code   RO         9084    i.OS_TickListRemove  os_tick.o
    0x08006b0c   0x08006b0c   0x00000002   Code   RO         9085    i.OS_TickListResetPeak  os_tick.o
    0x08006b0e   0x08006b0e   0x00000002   PAD
    0x08006b10   0x08006b10   0x00000108   Code   RO         9086    i.OS_TickListUpdateDly  os_tick.o
    0x08006c18   0x08006c18   0x00000144   Code   RO         9087    i.OS_TickListUpdateTimeout  os_tick.o
    0x08006d5c   0x08006d5c   0x000000e0   Code   RO         9088    i.OS_TickTask       os_tick.o
    0x08006e3c   0x08006e3c   0x000000c8   Code   RO         9089    i.OS_TickTaskInit   os_tick.o
    0x08006f04   0x08006f04   0x00000028   Code   RO         9183    i.OS_TmrDbgListAdd  os_tmr.o
    0x08006f2c   0x08006f2c   0x00000134   Code   RO         9185    i.OS_TmrInit        os_tmr.o
    0x08007060   0x08007060   0x00000018   Code   RO         9186    i.OS_TmrLock        os_tmr.o
    0x08007078   0x08007078   0x00000002   Code   RO         9187    i.OS_TmrResetPeak   os_tmr.o
    0x0800707a   0x0800707a   0x00000002   PAD
    0x0800707c   0x0800707c   0x00000094   Code   RO         9188    i.OS_TmrTask        os_tmr.o
    0x08007110   0x08007110   0x00000044   Code   RO         9189    i.OS_TmrUnlink      os_tmr.o
    0x08007154   0x08007154   0x00000014   Code   RO         9190    i.OS_TmrUnlock      os_tmr.o
    0x08007168   0x08007168   0x00000010   Code   RO          611    i.OTG_FS_IRQHandler  stm32f4xx_it.o
    0x08007178   0x08007178   0x00000004   Code   RO          896    i.Pcw_Calculate_AdjVol  adjustvoltage.o
    0x0800717c   0x0800717c   0x00000002   Code   RO          806    i.Power_On          system.o
    0x0800717e   0x0800717e   0x00000002   PAD
    0x08007180   0x08007180   0x00000020   Code   RO         4341    i.RCC_AHB1PeriphClockCmd  stm32f4xx_rcc.o
    0x080071a0   0x080071a0   0x00000020   Code   RO         4344    i.RCC_AHB2PeriphClockCmd  stm32f4xx_rcc.o
    0x080071c0   0x080071c0   0x00000020   Code   RO         4350    i.RCC_APB1PeriphClockCmd  stm32f4xx_rcc.o
    0x080071e0   0x080071e0   0x00000020   Code   RO         4353    i.RCC_APB2PeriphClockCmd  stm32f4xx_rcc.o
    0x08007200   0x08007200   0x000000e8   Code   RO         4362    i.RCC_GetClocksFreq  stm32f4xx_rcc.o
    0x080072e8   0x080072e8   0x000000a0   Code   RO          711    i.ReceiveFrameAnalysis  command_process.o
    0x08007388   0x08007388   0x00000018   Code   RO         5499    i.SPI_Cmd           stm32f4xx_spi.o
    0x080073a0   0x080073a0   0x00000012   Code   RO         5507    i.SPI_I2S_GetFlagStatus  stm32f4xx_spi.o
    0x080073b2   0x080073b2   0x00000004   Code   RO         5511    i.SPI_I2S_SendData  stm32f4xx_spi.o
    0x080073b6   0x080073b6   0x0000003c   Code   RO         5512    i.SPI_Init          stm32f4xx_spi.o
    0x080073f2   0x080073f2   0x00000030   Code   RO         1439    i.SPI_WriteByte     spi.o
    0x08007422   0x08007422   0x00000002   Code   RO          612    i.SVC_Handler       stm32f4xx_it.o
    0x08007424   0x08007424   0x000000ec   Code   RO           13    i.SetSysClock       system_stm32f4xx.o
    0x08007510   0x08007510   0x00000010   Code   RO         1284    i.Set_DelayMs       systick.o
    0x08007520   0x08007520   0x00000002   Code   RO          807    i.Shutdown_Request  system.o
    0x08007522   0x08007522   0x00000002   PAD
    0x08007524   0x08007524   0x00000014   Code   RO          853    i.Spi_Dac_Config    tlv5626cd.o
    0x08007538   0x08007538   0x000000cc   Code   RO         1440    i.Spi_config        spi.o
    0x08007604   0x08007604   0x00000028   Code   RO         1544    i.SysTick_CLKSourceConfig  misc.o
    0x0800762c   0x0800762c   0x00000014   Code   RO          613    i.SysTick_Handler   stm32f4xx_it.o
    0x08007640   0x08007640   0x0000005c   Code   RO         1285    i.SysTick_Iint      systick.o
    0x0800769c   0x0800769c   0x00000068   Code   RO           15    i.SystemInit        system_stm32f4xx.o
    0x08007704   0x08007704   0x00000094   Code   RO          808    i.System_PowerControl  system.o
    0x08007798   0x08007798   0x00000018   Code   RO         1286    i.TimingDelay_Decrement  systick.o
    0x080077b0   0x080077b0   0x00000010   Code   RO          614    i.UART4_IRQHandler  stm32f4xx_it.o
    0x080077c0   0x080077c0   0x00000010   Code   RO          615    i.USART2_IRQHandler  stm32f4xx_it.o
    0x080077d0   0x080077d0   0x0000001e   Code   RO         6288    i.USART_ClearITPendingBit  stm32f4xx_usart.o
    0x080077ee   0x080077ee   0x00000018   Code   RO         6291    i.USART_Cmd         stm32f4xx_usart.o
    0x08007806   0x08007806   0x00000012   Code   RO         6292    i.USART_DMACmd      stm32f4xx_usart.o
    0x08007818   0x08007818   0x00000054   Code   RO         6295    i.USART_GetITStatus  stm32f4xx_usart.o
    0x0800786c   0x0800786c   0x0000004a   Code   RO         6297    i.USART_ITConfig    stm32f4xx_usart.o
    0x080078b6   0x080078b6   0x00000002   PAD
    0x080078b8   0x080078b8   0x000000d4   Code   RO         6298    i.USART_Init        stm32f4xx_usart.o
    0x0800798c   0x0800798c   0x00000016   Code   RO         7295    i.USBD_ClrCfg       usbd_core.o
    0x080079a2   0x080079a2   0x00000048   Code   RO         7463    i.USBD_ClrFeature   usbd_req.o
    0x080079ea   0x080079ea   0x0000001e   Code   RO         7403    i.USBD_CtlContinueRx  usbd_ioreq.o
    0x08007a08   0x08007a08   0x0000001e   Code   RO         7404    i.USBD_CtlContinueSendData  usbd_ioreq.o
    0x08007a26   0x08007a26   0x0000001e   Code   RO         7464    i.USBD_CtlError     usbd_req.o
    0x08007a44   0x08007a44   0x0000002e   Code   RO         7405    i.USBD_CtlPrepareRx  usbd_ioreq.o
    0x08007a72   0x08007a72   0x00000024   Code   RO         7406    i.USBD_CtlReceiveStatus  usbd_ioreq.o
    0x08007a96   0x08007a96   0x0000002e   Code   RO         7407    i.USBD_CtlSendData  usbd_ioreq.o
    0x08007ac4   0x08007ac4   0x00000024   Code   RO         7408    i.USBD_CtlSendStatus  usbd_ioreq.o
    0x08007ae8   0x08007ae8   0x000000e8   Code   RO         7296    i.USBD_DataInStage  usbd_core.o
    0x08007bd0   0x08007bd0   0x00000096   Code   RO         7297    i.USBD_DataOutStage  usbd_core.o
    0x08007c66   0x08007c66   0x00000006   Code   RO         7298    i.USBD_DeInit       usbd_core.o
    0x08007c6c   0x08007c6c   0x00000018   Code   RO         7299    i.USBD_DevConnected  usbd_core.o
    0x08007c84   0x08007c84   0x00000024   Code   RO         7300    i.USBD_DevDisconnected  usbd_core.o
    0x08007ca8   0x08007ca8   0x00000054   Code   RO         7465    i.USBD_GetConfig    usbd_req.o
    0x08007cfc   0x08007cfc   0x00000112   Code   RO         7466    i.USBD_GetDescriptor  usbd_req.o
    0x08007e0e   0x08007e0e   0x00000014   Code   RO         7467    i.USBD_GetLen       usbd_req.o
    0x08007e22   0x08007e22   0x00000002   PAD
    0x08007e24   0x08007e24   0x00000050   Code   RO         7468    i.USBD_GetStatus    usbd_req.o
    0x08007e74   0x08007e74   0x00000052   Code   RO         7469    i.USBD_GetString    usbd_req.o
    0x08007ec6   0x08007ec6   0x00000042   Code   RO         7301    i.USBD_Init         usbd_core.o
    0x08007f08   0x08007f08   0x00000012   Code   RO         7302    i.USBD_IsoINIncomplete  usbd_core.o
    0x08007f1a   0x08007f1a   0x00000012   Code   RO         7303    i.USBD_IsoOUTIncomplete  usbd_core.o
    0x08007f2c   0x08007f2c   0x00000100   Code   RO         7133    i.USBD_OTG_ISR_Handler  usb_dcd_int.o
    0x0800802c   0x0800802c   0x00000048   Code   RO         7470    i.USBD_ParseSetupRequest  usbd_req.o
    0x08008074   0x08008074   0x00000032   Code   RO         7304    i.USBD_Reset        usbd_core.o
    0x080080a6   0x080080a6   0x0000001e   Code   RO         7305    i.USBD_Resume       usbd_core.o
    0x080080c4   0x080080c4   0x00000014   Code   RO         7306    i.USBD_RunTestMode  usbd_core.o
    0x080080d8   0x080080d8   0x0000001a   Code   RO         7307    i.USBD_SOF          usbd_core.o
    0x080080f2   0x080080f2   0x0000005c   Code   RO         7471    i.USBD_SetAddress   usbd_req.o
    0x0800814e   0x0800814e   0x0000001e   Code   RO         7308    i.USBD_SetCfg       usbd_core.o
    0x0800816c   0x0800816c   0x000000d0   Code   RO         7472    i.USBD_SetConfig    usbd_req.o
    0x0800823c   0x0800823c   0x000000b0   Code   RO         7473    i.USBD_SetFeature   usbd_req.o
    0x080082ec   0x080082ec   0x00000054   Code   RO         7309    i.USBD_SetupStage   usbd_core.o
    0x08008340   0x08008340   0x00000072   Code   RO         7474    i.USBD_StdDevReq    usbd_req.o
    0x080083b2   0x080083b2   0x00000002   PAD
    0x080083b4   0x080083b4   0x00000178   Code   RO         7475    i.USBD_StdEPReq     usbd_req.o
    0x0800852c   0x0800852c   0x0000004c   Code   RO         7476    i.USBD_StdItfReq    usbd_req.o
    0x08008578   0x08008578   0x00000020   Code   RO         7310    i.USBD_Suspend      usbd_core.o
    0x08008598   0x08008598   0x00000034   Code   RO         6648    i.USBD_USR_ConfigStrDescriptor  usbd_desc.o
    0x080085cc   0x080085cc   0x00000002   Code   RO         6724    i.USBD_USR_DeviceConfigured  usbd_usr.o
    0x080085ce   0x080085ce   0x00000002   Code   RO         6725    i.USBD_USR_DeviceConnected  usbd_usr.o
    0x080085d0   0x080085d0   0x00000010   Code   RO         6649    i.USBD_USR_DeviceDescriptor  usbd_desc.o
    0x080085e0   0x080085e0   0x00000002   Code   RO         6726    i.USBD_USR_DeviceDisconnected  usbd_usr.o
    0x080085e2   0x080085e2   0x00000002   Code   RO         6727    i.USBD_USR_DeviceReset  usbd_usr.o
    0x080085e4   0x080085e4   0x00000002   Code   RO         6728    i.USBD_USR_DeviceResumed  usbd_usr.o
    0x080085e6   0x080085e6   0x00000002   Code   RO         6729    i.USBD_USR_DeviceSuspended  usbd_usr.o
    0x080085e8   0x080085e8   0x00000002   Code   RO         6730    i.USBD_USR_Init     usbd_usr.o
    0x080085ea   0x080085ea   0x00000002   PAD
    0x080085ec   0x080085ec   0x00000038   Code   RO         6650    i.USBD_USR_InterfaceStrDescriptor  usbd_desc.o
    0x08008624   0x08008624   0x00000010   Code   RO         6651    i.USBD_USR_LangIDStrDescriptor  usbd_desc.o
    0x08008634   0x08008634   0x0000002c   Code   RO         6652    i.USBD_USR_ManufacturerStrDescriptor  usbd_desc.o
    0x08008660   0x08008660   0x00000070   Code   RO         6653    i.USBD_USR_ProductStrDescriptor  usbd_desc.o
    0x080086d0   0x080086d0   0x00000018   Code   RO         6654    i.USBD_USR_SerialStrDescriptor  usbd_desc.o
    0x080086e8   0x080086e8   0x00000010   Code   RO         7218    i.USBD_cdc_GetCfgDesc  usbd_cdc_core.o
    0x080086f8   0x080086f8   0x0000002c   Code   RO         6545    i.USB_OTG_BSP_EnableInterrupt  usb_bsp.o
    0x08008724   0x08008724   0x00000054   Code   RO         6546    i.USB_OTG_BSP_Init  usb_bsp.o
    0x08008778   0x08008778   0x00000012   Code   RO         6547    i.USB_OTG_BSP_mDelay  usb_bsp.o
    0x0800878a   0x0800878a   0x00000014   Code   RO         6548    i.USB_OTG_BSP_uDelay  usb_bsp.o
    0x0800879e   0x0800879e   0x0000011a   Code   RO         6792    i.USB_OTG_CoreInit  usb_core.o
    0x080088b8   0x080088b8   0x0000020e   Code   RO         6793    i.USB_OTG_CoreInitDev  usb_core.o
    0x08008ac6   0x08008ac6   0x00000002   PAD
    0x08008ac8   0x08008ac8   0x00000070   Code   RO         6794    i.USB_OTG_CoreReset  usb_core.o
    0x08008b38   0x08008b38   0x00000022   Code   RO         6795    i.USB_OTG_DisableGlobalInt  usb_core.o
    0x08008b5a   0x08008b5a   0x00000074   Code   RO         6796    i.USB_OTG_EP0Activate  usb_core.o
    0x08008bce   0x08008bce   0x00000156   Code   RO         6797    i.USB_OTG_EP0StartXfer  usb_core.o
    0x08008d24   0x08008d24   0x00000062   Code   RO         6798    i.USB_OTG_EP0_OutStart  usb_core.o
    0x08008d86   0x08008d86   0x00000098   Code   RO         6799    i.USB_OTG_EPActivate  usb_core.o
    0x08008e1e   0x08008e1e   0x00000050   Code   RO         6800    i.USB_OTG_EPClearStall  usb_core.o
    0x08008e6e   0x08008e6e   0x0000009a   Code   RO         6801    i.USB_OTG_EPDeactivate  usb_core.o
    0x08008f08   0x08008f08   0x00000064   Code   RO         6802    i.USB_OTG_EPSetStall  usb_core.o
    0x08008f6c   0x08008f6c   0x000001fe   Code   RO         6803    i.USB_OTG_EPStartXfer  usb_core.o
    0x0800916a   0x0800916a   0x00000034   Code   RO         6804    i.USB_OTG_EnableCommonInt  usb_core.o
    0x0800919e   0x0800919e   0x000000b0   Code   RO         6805    i.USB_OTG_EnableDevInt  usb_core.o
    0x0800924e   0x0800924e   0x00000022   Code   RO         6806    i.USB_OTG_EnableGlobalInt  usb_core.o
    0x08009270   0x08009270   0x0000004c   Code   RO         6807    i.USB_OTG_FlushRxFifo  usb_core.o
    0x080092bc   0x080092bc   0x00000054   Code   RO         6808    i.USB_OTG_FlushTxFifo  usb_core.o
    0x08009310   0x08009310   0x00000038   Code   RO         6809    i.USB_OTG_GetDeviceSpeed  usb_core.o
    0x08009348   0x08009348   0x0000000c   Code   RO         6811    i.USB_OTG_GetMode   usb_core.o
    0x08009354   0x08009354   0x00000018   Code   RO         6812    i.USB_OTG_InitDevSpeed  usb_core.o
    0x0800936c   0x0800936c   0x00000016   Code   RO         6813    i.USB_OTG_IsDeviceMode  usb_core.o
    0x08009382   0x08009382   0x00000010   Code   RO         6815    i.USB_OTG_ReadCoreItr  usb_core.o
    0x08009392   0x08009392   0x00000010   Code   RO         6816    i.USB_OTG_ReadDevAllInEPItr  usb_core.o
    0x080093a2   0x080093a2   0x00000010   Code   RO         6817    i.USB_OTG_ReadDevAllOutEp_itr  usb_core.o
    0x080093b2   0x080093b2   0x00000014   Code   RO         6818    i.USB_OTG_ReadDevOutEP_itr  usb_core.o
    0x080093c6   0x080093c6   0x00000028   Code   RO         6820    i.USB_OTG_ReadPacket  usb_core.o
    0x080093ee   0x080093ee   0x00000002   PAD
    0x080093f0   0x080093f0   0x000000d0   Code   RO         6821    i.USB_OTG_SelectCore  usb_core.o
    0x080094c0   0x080094c0   0x0000004e   Code   RO         6822    i.USB_OTG_SetCurrentMode  usb_core.o
    0x0800950e   0x0800950e   0x0000003e   Code   RO         6826    i.USB_OTG_WritePacket  usb_core.o
    0x0800954c   0x0800954c   0x00000004   Code   RO          616    i.UsageFault_Handler  stm32f4xx_it.o
    0x08009550   0x08009550   0x00000098   Code   RO         1381    i.Usart_Init        usart.o
    0x080095e8   0x080095e8   0x0000000c   Code   RO         6590    i.VCP_CheckDataReceived  usbd_cdc_vcp.o
    0x080095f4   0x080095f4   0x00000006   Code   RO         6591    i.VCP_Ctrl          usbd_cdc_vcp.o
    0x080095fa   0x080095fa   0x00000002   PAD
    0x080095fc   0x080095fc   0x00000010   Code   RO         6592    i.VCP_DataRx        usbd_cdc_vcp.o
    0x0800960c   0x0800960c   0x00000040   Code   RO         6593    i.VCP_DataTx        usbd_cdc_vcp.o
    0x0800964c   0x0800964c   0x00000004   Code   RO         6594    i.VCP_DeInit        usbd_cdc_vcp.o
    0x08009650   0x08009650   0x00000004   Code   RO         6595    i.VCP_Init          usbd_cdc_vcp.o
    0x08009654   0x08009654   0x00000054   Code   RO         1160    i.V_AdcDma_Config   board.o
    0x080096a8   0x080096a8   0x000000c0   Code   RO         1161    i.V_Adc_Config      board.o
    0x08009768   0x08009768   0x000000d4   Code   RO          897    i.Vnnx_Calculate_AdjVol  adjustvoltage.o
    0x0800983c   0x0800983c   0x000000a8   Code   RO          898    i.Vppx_Calculate_AdjVol  adjustvoltage.o
    0x080098e4   0x080098e4   0x0000002e   Code   RO          989    i.Write_Emc2305_Reg  emc2305.o
    0x08009912   0x08009912   0x00000014   Code   RO         9480    i.__hardfp_fabs     m_wm.l(fabs.o)
    0x08009926   0x08009926   0x0000000c   Code   RO          521    i.cb_Sys_StateChk_Tmr  app_timer.o
    0x08009932   0x08009932   0x00000002   PAD
    0x08009934   0x08009934   0x000000a8   Code   RO          580    i.main              main.o
    0x080099dc   0x080099dc   0x000000b0   Code   RO         7219    i.usbd_cdc_DataIn   usbd_cdc_core.o
    0x08009a8c   0x08009a8c   0x00000038   Code   RO         7220    i.usbd_cdc_DataOut  usbd_cdc_core.o
    0x08009ac4   0x08009ac4   0x0000002c   Code   RO         7221    i.usbd_cdc_DeInit   usbd_cdc_core.o
    0x08009af0   0x08009af0   0x00000038   Code   RO         7222    i.usbd_cdc_EP0_RxReady  usbd_cdc_core.o
    0x08009b28   0x08009b28   0x00000058   Code   RO         7223    i.usbd_cdc_Init     usbd_cdc_core.o
    0x08009b80   0x08009b80   0x00000028   Code   RO         7224    i.usbd_cdc_SOF      usbd_cdc_core.o
    0x08009ba8   0x08009ba8   0x000000c4   Code   RO         7225    i.usbd_cdc_Setup    usbd_cdc_core.o
    0x08009c6c   0x08009c6c   0x00000062   Code   RO         9454    x$fpl$d2f           fz_wm.l(d2f.o)
    0x08009cce   0x08009cce   0x00000002   PAD
    0x08009cd0   0x08009cd0   0x00000150   Code   RO         9456    x$fpl$dadd          fz_wm.l(daddsub_clz.o)
    0x08009e20   0x08009e20   0x000002b0   Code   RO         9463    x$fpl$ddiv          fz_wm.l(ddiv.o)
    0x0800a0d0   0x0800a0d0   0x0000005e   Code   RO         9466    x$fpl$dfix          fz_wm.l(dfix.o)
    0x0800a12e   0x0800a12e   0x00000026   Code   RO         9470    x$fpl$dfltu         fz_wm.l(dflt_clz.o)
    0x0800a154   0x0800a154   0x00000154   Code   RO         9476    x$fpl$dmul          fz_wm.l(dmul.o)
    0x0800a2a8   0x0800a2a8   0x0000009c   Code   RO         9491    x$fpl$dnaninf       fz_wm.l(dnaninf.o)
    0x0800a344   0x0800a344   0x0000000c   Code   RO         9493    x$fpl$dretinf       fz_wm.l(dretinf.o)
    0x0800a350   0x0800a350   0x00000016   Code   RO         9457    x$fpl$drsb          fz_wm.l(daddsub_clz.o)
    0x0800a366   0x0800a366   0x00000002   PAD
    0x0800a368   0x0800a368   0x000001d4   Code   RO         9458    x$fpl$dsub          fz_wm.l(daddsub_clz.o)
    0x0800a53c   0x0800a53c   0x00000056   Code   RO         9478    x$fpl$f2d           fz_wm.l(f2d.o)
    0x0800a592   0x0800a592   0x0000008c   Code   RO         9495    x$fpl$fnaninf       fz_wm.l(fnaninf.o)
    0x0800a61e   0x0800a61e   0x0000000a   Code   RO         9602    x$fpl$fpinit        fz_wm.l(fpinit.o)
    0x0800a628   0x0800a628   0x0000000a   Code   RO         9497    x$fpl$fretinf       fz_wm.l(fretinf.o)
    0x0800a632   0x0800a632   0x00000000   Code   RO         9499    x$fpl$usenofp       fz_wm.l(usenofp.o)
    0x0800a632   0x0800a632   0x00000002   PAD
    0x0800a634   0x0800a634   0x00000094   Data   RO         8202    .constdata          os_cfg_app.o
    0x0800a6c8   0x0800a6c8   0x00000168   Data   RO         8443    .constdata          os_dbg.o
    0x0800a830   0x0800a830   0x00000020   Data   RO         9658    Region$$Table       anon$$obj.o


    Execution Region RW_IRAM1 (Exec base: 0x20000000, Load base: 0x0800a850, Size: 0x00004a48, Max: 0x00020000, ABSOLUTE, COMPRESSED[0x00000124])

    Exec Addr    Load Addr    Size         Type   Attr      Idx    E Section Name        Object

    0x20000000   COMPRESSED   0x00000027   Data   RW          714    .data               command_process.o
    0x20000027   COMPRESSED   0x00000001   PAD
    0x20000028   COMPRESSED   0x00000003   Data   RW          810    .data               system.o
    0x2000002b   COMPRESSED   0x00000001   PAD
    0x2000002c   COMPRESSED   0x00000004   Data   RW         1289    .data               systick.o
    0x20000030   COMPRESSED   0x00000020   Data   RW         1387    .data               usart.o
    0x20000050   COMPRESSED   0x00000010   Data   RW         4394    .data               stm32f4xx_rcc.o
    0x20000060   COMPRESSED   0x00000020   Data   RW         6596    .data               usbd_cdc_vcp.o
    0x20000080   COMPRESSED   0x00000056   Data   RW         6656    .data               usbd_desc.o
    0x200000d6   COMPRESSED   0x00000002   PAD
    0x200000d8   COMPRESSED   0x0000001c   Data   RW         6731    .data               usbd_usr.o
    0x200000f4   COMPRESSED   0x00000098   Data   RW         7227    .data               usbd_cdc_core.o
    0x2000018c   COMPRESSED   0x00000034   Data   RW         7311    .data               usbd_core.o
    0x200001c0   COMPRESSED   0x0000000d   Data   RW         7477    .data               usbd_req.o
    0x200001cd   COMPRESSED   0x00000003   PAD
    0x200001d0   COMPRESSED   0x00000004   Data   RW         7634    .data               cpu_core.o
    0x200001d4   COMPRESSED   0x00000008   Data   RW         8713    .data               os_prio.o
    0x200001dc   COMPRESSED   0x000000d8   Data   RW         9271    .data               os_var.o
    0x200002b4   COMPRESSED   0x00000004   Data   RW         9301    .data               os_cpu_c.o
    0x200002b8        -       0x000004e8   Zero   RW          157    .bss                app.o
    0x200007a0        -       0x000004b8   Zero   RW          385    .bss                app_led.o
    0x20000c58        -       0x000004f8   Zero   RW          418    .bss                app_usb.o
    0x20001150        -       0x000004b8   Zero   RW          452    .bss                app_adjvol.o
    0x20001608        -       0x000000c8   Zero   RW          713    .bss                command_process.o
    0x200016d0        -       0x0000001e   Zero   RW          809    .bss                system.o
    0x200016ee   COMPRESSED   0x00000002   PAD
    0x200016f0        -       0x0000084c   Zero   RW         1162    .bss                board.o
    0x20001f3c        -       0x000000c8   Zero   RW         1386    .bss                usart.o
    0x20002004        -       0x000000ff   Zero   RW         6655    .bss                usbd_desc.o
    0x20002103        -       0x00000883   Zero   RW         7226    .bss                usbd_cdc_core.o
    0x20002986        -       0x00000010   Zero   RW         7632    .bss                cpu_core.o
    0x20002996   COMPRESSED   0x00000002   PAD
    0x20002998        -       0x00001380   Zero   RW         8201    .bss                os_cfg_app.o
    0x20003d18        -       0x000006d0   Zero   RW         9270    .bss                os_var.o
    0x200043e8        -       0x00000060   Zero   RW         9532    .bss                c_w.l(libspace.o)
    0x20004448        -       0x00000200   Zero   RW            2    HEAP                startup_stm32f40_41xxx.o
    0x20004648        -       0x00000400   Zero   RW            1    STACK               startup_stm32f40_41xxx.o


==============================================================================

Image component sizes


      Code (inc. data)   RO Data    RW Data    ZI Data      Debug   Object Name

       140         12          0          0          0       1075   adc.o
       742         88          0          0          0       5984   adjustvoltage.o
       332         68          0          0       1256      65217   app.o
       152         34          0          0       1208       1762   app_adjvol.o
       336         34          0          0       1208       1690   app_led.o
        12          0          0          0          0        590   app_timer.o
       156         44          0          0       1272       1823   app_usb.o
       864         92          0          0       2124       5014   board.o
        78         14          0          0          0      10743   bsp.o
       648         56          0         39        200       5509   command_process.o
        52          0          0          0          0        332   cpu_a.o
       100         18          0          4         16       4593   cpu_core.o
       212         12          0          0          0       1988   dma.o
       494         34          0          0          0       3431   emc2305.o
      1228         34          0          0          0       1542   gpio.o
       102          0          0          0          0       1940   lib_mem.o
       168          8          0          0          0        555   main.o
       200         32          0          0          0       2723   misc.o
        12          0          0          0          0        458   nvic.o
         2          0        148          0       4992      20515   os_cfg_app.o
      2674        378          0          0          0      20050   os_core.o
       172         32          0          0          0        400   os_cpu_a.o
       912         56          0          4          0       7256   os_cpu_c.o
       428        280        360          0          0       4861   os_dbg.o
       672         28          0          0          0       3229   os_flag.o
      1120        196          0          0          0       3666   os_int.o
        24         10          0          0          0        993   os_mem.o
       466         26          0          0          0       3429   os_msg.o
      1584         92          0          0          0       4844   os_mutex.o
       136         16          0          8          0       3022   os_prio.o
       356         18          0          0          0       2302   os_q.o
       380         16          0          0          0       2338   os_sem.o
      1612        206          0          0          0       4123   os_stat.o
      4748        252          0          0          0      13724   os_task.o
      1424        114          0          0          0       6570   os_tick.o
       824         44          0          0          0       3201   os_time.o
      1046        178          0          0          0       6749   os_tmr.o
         0          0          0        216       1744      19040   os_var.o
       252         26          0          0          0       1865   spi.o
        64         26        392          0       1536        872   startup_stm32f40_41xxx.o
       370         24          0          0          0       4978   stm32f4xx_adc.o
        76         10          0          0          0       1947   stm32f4xx_dac.o
       384         52          0          0          0       6300   stm32f4xx_dma.o
       240          0          0          0          0       3599   stm32f4xx_gpio.o
       122          6          0          0          0       6068   stm32f4xx_it.o
       360         42          0         16          0       5332   stm32f4xx_rcc.o
       106          0          0          0          0       3020   stm32f4xx_spi.o
       442          8          0          0          0       5039   stm32f4xx_usart.o
       152         18          0          3         30       1784   system.o
       340         32          0          0          0     312225   system_stm32f4xx.o
       164         28          0          4          0      29307   systick.o
       228         24          0          0          0       1775   tlv5626cd.o
       364         48          0         32        200       2009   usart.o
       166          6          0          0          0       2755   usb_bsp.o
      3498         18          0          0          0      21976   usb_core.o
       666          0          0          0          0       6308   usb_dcd.o
      2360        108          0          0          0      11423   usb_dcd_int.o
       892        110          0        152       2179       9550   usbd_cdc_core.o
       106         22          0         32          0       4010   usbd_cdc_vcp.o
       844          6          0         52          0      12220   usbd_core.o
       434        170          0         86        255       7267   usbd_desc.o
       224          0          0          0          0       4840   usbd_ioreq.o
      1756         56          0         13          0      11130   usbd_req.o
        14          0          0         28          0       3621   usbd_usr.o

    ----------------------------------------------------------------------
     39284       3362        932        696      18224     728501   Object Totals
         0          0         32          0          0          0   (incl. Generated)
        52          0          0          7          4          0   (incl. Padding)

    ----------------------------------------------------------------------

      Code (inc. data)   RO Data    RW Data    ZI Data      Debug   Library Member Name

        90          0          0          0          0          0   __dczerorl2.o
         8          0          0          0          0         68   __main.o
         0          0          0          0          0          0   __rtentry.o
        12          0          0          0          0          0   __rtentry2.o
         6          0          0          0          0          0   __rtentry4.o
        52          8          0          0          0          0   __scatter.o
        28          0          0          0          0          0   __scatter_zi.o
        18          0          0          0          0         80   exit.o
         6          0          0          0          0        152   heapauxi.o
         0          0          0          0          0          0   indicate_semi.o
         2          0          0          0          0          0   libinit.o
         6          0          0          0          0          0   libinit2.o
         2          0          0          0          0          0   libshutdown.o
         2          0          0          0          0          0   libshutdown2.o
         8          4          0          0         96         68   libspace.o
         2          0          0          0          0          0   rtexit.o
        10          0          0          0          0          0   rtexit2.o
        12          4          0          0          0         68   sys_exit.o
        74          0          0          0          0         80   sys_stackheap_outer.o
         2          0          0          0          0         68   use_no_semi.o
        98          4          0          0          0        140   d2f.o
       826         16          0          0          0        492   daddsub_clz.o
       688        140          0          0          0        256   ddiv.o
        94          4          0          0          0        140   dfix.o
        38          0          0          0          0        116   dflt_clz.o
       340         12          0          0          0        152   dmul.o
       156          4          0          0          0        140   dnaninf.o
        12          0          0          0          0        116   dretinf.o
        86          4          0          0          0        132   f2d.o
       140          4          0          0          0        132   fnaninf.o
        10          0          0          0          0        116   fpinit.o
        10          0          0          0          0        116   fretinf.o
         0          0          0          0          0          0   usenofp.o
        20          0          0          0          0        124   fabs.o

    ----------------------------------------------------------------------
      2872        204          0          0         96       2756   Library Totals
        14          0          0          0          0          0   (incl. Padding)

    ----------------------------------------------------------------------

      Code (inc. data)   RO Data    RW Data    ZI Data      Debug   Library Name

       340         16          0          0         96        584   c_w.l
      2498        188          0          0          0       2048   fz_wm.l
        20          0          0          0          0        124   m_wm.l

    ----------------------------------------------------------------------
      2872        204          0          0         96       2756   Library Totals

    ----------------------------------------------------------------------

==============================================================================


      Code (inc. data)   RO Data    RW Data    ZI Data      Debug   

     42156       3566        932        696      18320     695001   Grand Totals
     42156       3566        932        292      18320     695001   ELF Image Totals (compressed)
     42156       3566        932        292          0          0   ROM Totals

==============================================================================

    Total RO  Size (Code + RO Data)                43088 (  42.08kB)
    Total RW  Size (RW Data + ZI Data)             19016 (  18.57kB)
    Total ROM Size (Code + RO Data + RW Data)      43380 (  42.36kB)

==============================================================================

