Component: ARM Compiler 5.06 update 6 (build 750) Tool: armlink [4d35ed]

==============================================================================

Section Cross References

    startup_stm32f40_41xxx.o(RESET) refers to startup_stm32f40_41xxx.o(STACK) for __initial_sp
    startup_stm32f40_41xxx.o(RESET) refers to startup_stm32f40_41xxx.o(.text) for Reset_Handler
    startup_stm32f40_41xxx.o(RESET) refers to stm32f4xx_it.o(i.NMI_Handler) for NMI_Handler
    startup_stm32f40_41xxx.o(RESET) refers to stm32f4xx_it.o(i.HardFault_Handler) for HardFault_Handler
    startup_stm32f40_41xxx.o(RESET) refers to stm32f4xx_it.o(i.MemManage_Handler) for MemManage_Handler
    startup_stm32f40_41xxx.o(RESET) refers to stm32f4xx_it.o(i.BusFault_Handler) for BusFault_Handler
    startup_stm32f40_41xxx.o(RESET) refers to stm32f4xx_it.o(i.UsageFault_Handler) for UsageFault_Handler
    startup_stm32f40_41xxx.o(RESET) refers to stm32f4xx_it.o(i.SVC_Handler) for SVC_Handler
    startup_stm32f40_41xxx.o(RESET) refers to stm32f4xx_it.o(i.DebugMon_Handler) for DebugMon_Handler
    startup_stm32f40_41xxx.o(RESET) refers to os_cpu_a.o(CODE) for PendSV_Handler
    startup_stm32f40_41xxx.o(RESET) refers to stm32f4xx_it.o(i.SysTick_Handler) for SysTick_Handler
    startup_stm32f40_41xxx.o(RESET) refers to stm32f4xx_it.o(i.DMA1_Stream4_IRQHandler) for DMA1_Stream4_IRQHandler
    startup_stm32f40_41xxx.o(RESET) refers to stm32f4xx_it.o(i.DMA1_Stream6_IRQHandler) for DMA1_Stream6_IRQHandler
    startup_stm32f40_41xxx.o(RESET) refers to stm32f4xx_it.o(i.TIM2_IRQHandler) for TIM2_IRQHandler
    startup_stm32f40_41xxx.o(RESET) refers to stm32f4xx_it.o(i.USART2_IRQHandler) for USART2_IRQHandler
    startup_stm32f40_41xxx.o(RESET) refers to stm32f4xx_it.o(i.UART4_IRQHandler) for UART4_IRQHandler
    startup_stm32f40_41xxx.o(RESET) refers to stm32f4xx_it.o(i.OTG_FS_IRQHandler) for OTG_FS_IRQHandler
    startup_stm32f40_41xxx.o(.text) refers to system_stm32f4xx.o(i.SystemInit) for SystemInit
    startup_stm32f40_41xxx.o(.text) refers to entry.o(.ARM.Collect$$$$00000000) for __main
    system_stm32f4xx.o(i.SystemCoreClockUpdate) refers to system_stm32f4xx.o(.data) for SystemCoreClock
    system_stm32f4xx.o(i.SystemInit) refers to system_stm32f4xx.o(i.SetSysClock) for SetSysClock
    app.o(i.App_Start_Task) refers to cpu_core.o(i.CPU_Init) for CPU_Init
    app.o(i.App_Start_Task) refers to os_stat.o(i.OSStatTaskCPUUsageInit) for OSStatTaskCPUUsageInit
    app.o(i.App_Start_Task) refers to os_core.o(i.OSSchedRoundRobinCfg) for OSSchedRoundRobinCfg
    app.o(i.App_Start_Task) refers to cpu_a.o(.text) for CPU_SR_Save
    app.o(i.App_Start_Task) refers to app_led.o(i.App_Led_TaskCreate) for App_Led_TaskCreate
    app.o(i.App_Start_Task) refers to app_usb.o(i.App_Usb_TaskCreate) for App_Usb_TaskCreate
    app.o(i.App_Start_Task) refers to app_com.o(i.App_Com_TaskCreate) for App_Com_TaskCreate
    app.o(i.App_Start_Task) refers to app_fan.o(i.App_Fan_TaskCreate) for App_Fan_TaskCreate
    app.o(i.App_Start_Task) refers to app_sysonoff.o(i.App_SysOnOff_TaskCreate) for App_SysOnOff_TaskCreate
    app.o(i.App_Start_Task) refers to app_pwrmanager.o(i.App_PwrManager_TaskCreate) for App_PwrManager_TaskCreate
    app.o(i.App_Start_Task) refers to app_temperature.o(i.App_Temperature_TaskCreate) for App_Temperature_TaskCreate
    app.o(i.App_Start_Task) refers to os_tmr.o(i.OSTmrCreate) for OSTmrCreate
    app.o(i.App_Start_Task) refers to os_tmr.o(i.OSTmrStart) for OSTmrStart
    app.o(i.App_Start_Task) refers to os_task.o(i.OSTaskSuspend) for OSTaskSuspend
    app.o(i.App_Start_Task) refers to os_core.o(i.OS_Sched0) for OS_Sched0
    app.o(i.App_Start_Task) refers to os_var.o(.data) for OSSchedLockNestingCtr
    app.o(i.App_Start_Task) refers to app_timer.o(i.cb_Sys_StateChk_Tmr) for cb_Sys_StateChk_Tmr
    app.o(i.App_Start_Task) refers to app.o(.bss) for Sys_StateChk_Tmr
    app.o(i.App_Start_Task_Create) refers to os_task.o(i.OSTaskCreate) for OSTaskCreate
    app.o(i.App_Start_Task_Create) refers to app.o(.bss) for App_Start_Task_Stk
    app.o(i.App_Start_Task_Create) refers to app.o(i.App_Start_Task) for App_Start_Task
    app_led.o(i.App_Led_Task) refers to stm32f4xx_gpio.o(i.GPIO_ToggleBits) for GPIO_ToggleBits
    app_led.o(i.App_Led_Task) refers to os_time.o(i.OSTimeDlyHMSM) for OSTimeDlyHMSM
    app_led.o(i.App_Led_TaskCreate) refers to os_task.o(i.OSTaskCreate) for OSTaskCreate
    app_led.o(i.App_Led_TaskCreate) refers to app_led.o(.bss) for App_Led_Task_Stk
    app_led.o(i.App_Led_TaskCreate) refers to app_led.o(i.App_Led_Task) for App_Led_Task
    app_usb.o(i.App_Usb_Task) refers to usbd_cdc_vcp.o(i.VCP_CheckDataReceived) for VCP_CheckDataReceived
    app_usb.o(i.App_Usb_Task) refers to command_process.o(i.ReceiveFrameAnalysis) for ReceiveFrameAnalysis
    app_usb.o(i.App_Usb_Task) refers to command_process.o(i.Cmd_Process) for Cmd_Process
    app_usb.o(i.App_Usb_Task) refers to command_process.o(i.FrameCmdPackage) for FrameCmdPackage
[...]
    USB_OTG_ReadPacket                       0x0800c9f3   Thumb Code    40  usb_core.o(i.USB_OTG_ReadPacket)
    USB_OTG_SelectCore                       0x0800ca1d   Thumb Code   204  usb_core.o(i.USB_OTG_SelectCore)
    USB_OTG_SetCurrentMode                   0x0800caed   Thumb Code    78  usb_core.o(i.USB_OTG_SetCurrentMode)
    USB_OTG_WritePacket                      0x0800cb3b   Thumb Code    62  usb_core.o(i.USB_OTG_WritePacket)
    US_PWR_ID_IN                             0x0800cb79   Thumb Code    50  ds2431.o(i.US_PWR_ID_IN)
    US_PWR_ID_OUT                            0x0800cbb1   Thumb Code    50  ds2431.o(i.US_PWR_ID_OUT)
    Update_EcInfo                            0x0800cbe9   Thumb Code   772  command_process.o(i.Update_EcInfo)
    UsageFault_Handler                       0x0800cef5   Thumb Code     4  stm32f4xx_it.o(i.UsageFault_Handler)
    Usart_Init                               0x0800cef9   Thumb Code   130  usart.o(i.Usart_Init)
    VCP_CheckDataReceived                    0x0800cf91   Thumb Code     6  usbd_cdc_vcp.o(i.VCP_CheckDataReceived)
    V_AdcDma_Config                          0x0800cffd   Thumb Code    92  board.o(i.V_AdcDma_Config)
    Vnnx_Calculate_AdjVol                    0x0800d065   Thumb Code   118  adjustvoltage.o(i.Vnnx_Calculate_AdjVol)
    Vppx_Calculate_AdjVol                    0x0800d105   Thumb Code   122  adjustvoltage.o(i.Vppx_Calculate_AdjVol)
    Write_BowarInfo                          0x0800d1a9   Thumb Code    42  command_process.o(i.Write_BowarInfo)
    __scatterload_copy                       0x0800d1e1   Thumb Code    14  handlers.o(i.__scatterload_copy)
    __scatterload_null                       0x0800d1ef   Thumb Code     2  handlers.o(i.__scatterload_null)
    __scatterload_zeroinit                   0x0800d1f1   Thumb Code    14  handlers.o(i.__scatterload_zeroinit)
    cb_Sys_StateChk_Tmr                      0x0800d201   Thumb Code   332  app_timer.o(i.cb_Sys_StateChk_Tmr)
    delay_os_lock                            0x0800d355   Thumb Code    10  systick.o(i.delay_os_lock)
    delay_os_unlock                          0x0800d35f   Thumb Code    10  systick.o(i.delay_os_unlock)
    delay_us_os                              0x0800d369   Thumb Code    84  systick.o(i.delay_us_os)
    main                                     0x0800d3bd   Thumb Code   164  main.o(i.main)
    usbd_cdc_DataIn                          0x0800d469   Thumb Code   160  usbd_cdc_core.o(i.usbd_cdc_DataIn)
    usbd_cdc_DataOut                         0x0800d519   Thumb Code    48  usbd_cdc_core.o(i.usbd_cdc_DataOut)
    usbd_cdc_DeInit                          0x0800d551   Thumb Code    40  usbd_cdc_core.o(i.usbd_cdc_DeInit)
    usbd_cdc_EP0_RxReady                     0x0800d57d   Thumb Code    38  usbd_cdc_core.o(i.usbd_cdc_EP0_RxReady)
    usbd_cdc_Init                            0x0800d5b5   Thumb Code    74  usbd_cdc_core.o(i.usbd_cdc_Init)
    usbd_cdc_SOF                             0x0800d60d   Thumb Code    36  usbd_cdc_core.o(i.usbd_cdc_SOF)
    usbd_cdc_Setup                           0x0800d635   Thumb Code   176  usbd_cdc_core.o(i.usbd_cdc_Setup)
    OSCfg_IdleTaskStkBasePtr                 0x0800d6f8   Data           4  os_cfg_app.o(.constdata)
    OSCfg_IdleTaskStkLimit                   0x0800d6fc   Data           4  os_cfg_app.o(.constdata)
    OSCfg_IdleTaskStkSize                    0x0800d700   Data           4  os_cfg_app.o(.constdata)
    OSCfg_IdleTaskStkSizeRAM                 0x0800d704   Data           4  os_cfg_app.o(.constdata)
    OSCfg_IntQBasePtr                        0x0800d708   Data           4  os_cfg_app.o(.constdata)
    OSCfg_IntQSize                           0x0800d70c   Data           2  os_cfg_app.o(.constdata)
    OSCfg_IntQSizeRAM                        0x0800d710   Data           4  os_cfg_app.o(.constdata)
    OSCfg_IntQTaskStkBasePtr                 0x0800d714   Data           4  os_cfg_app.o(.constdata)
    OSCfg_IntQTaskStkLimit                   0x0800d718   Data           4  os_cfg_app.o(.constdata)
    OSCfg_IntQTaskStkSize                    0x0800d71c   Data           4  os_cfg_app.o(.constdata)
    OSCfg_IntQTaskStkSizeRAM                 0x0800d720   Data           4  os_cfg_app.o(.constdata)
    OSCfg_ISRStkBasePtr                      0x0800d724   Data           4  os_cfg_app.o(.constdata)
    OSCfg_ISRStkSize                         0x0800d728   Data           4  os_cfg_app.o(.constdata)
    OSCfg_ISRStkSizeRAM                      0x0800d72c   Data           4  os_cfg_app.o(.constdata)
    OSCfg_MsgPoolSize                        0x0800d730   Data           2  os_cfg_app.o(.constdata)
    OSCfg_MsgPoolSizeRAM                     0x0800d734   Data           4  os_cfg_app.o(.constdata)
    OSCfg_MsgPoolBasePtr                     0x0800d738   Data           4  os_cfg_app.o(.constdata)
    OSCfg_StatTaskPrio                       0x0800d73c   Data           1  os_cfg_app.o(.constdata)
    OSCfg_StatTaskRate_Hz                    0x0800d740   Data           4  os_cfg_app.o(.constdata)
    OSCfg_StatTaskStkBasePtr                 0x0800d744   Data           4  os_cfg_app.o(.constdata)
    OSCfg_StatTaskStkLimit                   0x0800d748   Data           4  os_cfg_app.o(.constdata)
    OSCfg_StatTaskStkSize                    0x0800d74c   Data           4  os_cfg_app.o(.constdata)
    OSCfg_StatTaskStkSizeRAM                 0x0800d750   Data           4  os_cfg_app.o(.constdata)
    OSCfg_StkSizeMin                         0x0800d754   Data           4  os_cfg_app.o(.constdata)
    OSCfg_TickRate_Hz                        0x0800d758   Data           4  os_cfg_app.o(.constdata)
    OSCfg_TickTaskPrio                       0x0800d75c   Data           1  os_cfg_app.o(.constdata)
    OSCfg_TickTaskStkBasePtr                 0x0800d760   Data           4  os_cfg_app.o(.constdata)
    OSCfg_TickTaskStkLimit                   0x0800d764   Data           4  os_cfg_app.o(.constdata)
    OSCfg_TickTaskStkSize                    0x0800d768   Data           4  os_cfg_app.o(.constdata)
    OSCfg_TickTaskStkSizeRAM                 0x0800d76c   Data           4  os_cfg_app.o(.constdata)
    OSCfg_TmrTaskPrio                        0x0800d770   Data           1  os_cfg_app.o(.constdata)
    OSCfg_TmrTaskRate_Hz                     0x0800d774   Data           4  os_cfg_app.o(.constdata)
    OSCfg_TmrTaskStkBasePtr                  0x0800d778   Data           4  os_cfg_app.o(.constdata)
    OSCfg_TmrTaskStkLimit                    0x0800d77c   Data           4  os_cfg_app.o(.constdata)
    OSCfg_TmrTaskStkSize                     0x0800d780   Data           4  os_cfg_app.o(.constdata)
    OSCfg_TmrTaskStkSizeRAM                  0x0800d784   Data           4  os_cfg_app.o(.constdata)
    OSCfg_DataSizeRAM                        0x0800d788   Data           4  os_cfg_app.o(.constdata)
    OSDbg_DbgEn                              0x0800d78c   Data           1  os_dbg.o(.constdata)
    OSDbg_ArgChkEn                           0x0800d78d   Data           1  os_dbg.o(.constdata)
    OSDbg_AppHooksEn                         0x0800d78e   Data           1  os_dbg.o(.constdata)
    OSDbg_EndiannessTest                     0x0800d790   Data           4  os_dbg.o(.constdata)
    OSDbg_CalledFromISRChkEn                 0x0800d794   Data           1  os_dbg.o(.constdata)
    OSDbg_FlagEn                             0x0800d795   Data           1  os_dbg.o(.constdata)
    OSDbg_FlagGrp                            0x0800d798   Data          40  os_dbg.o(.constdata)
    OSDbg_FlagDelEn                          0x0800d7c0   Data           1  os_dbg.o(.constdata)
    OSDbg_FlagModeClrEn                      0x0800d7c1   Data           1  os_dbg.o(.constdata)
    OSDbg_FlagPendAbortEn                    0x0800d7c2   Data           1  os_dbg.o(.constdata)
    OSDbg_FlagGrpSize                        0x0800d7c4   Data           2  os_dbg.o(.constdata)
    OSDbg_FlagWidth                          0x0800d7c6   Data           2  os_dbg.o(.constdata)
    OSDbg_IntQ                               0x0800d7c8   Data           2  os_dbg.o(.constdata)
    OSDbg_ISRPostDeferredEn                  0x0800d7ca   Data           1  os_dbg.o(.constdata)
    OSDbg_Mem                                0x0800d7cc   Data          32  os_dbg.o(.constdata)
    OSDbg_MemEn                              0x0800d7ec   Data           1  os_dbg.o(.constdata)
    OSDbg_MemSize                            0x0800d7ee   Data           2  os_dbg.o(.constdata)
    OSDbg_MsgEn                              0x0800d7f0   Data           1  os_dbg.o(.constdata)
    OSDbg_MsgSize                            0x0800d7f2   Data           2  os_dbg.o(.constdata)
    OSDbg_MsgPoolSize                        0x0800d7f4   Data           2  os_dbg.o(.constdata)
    OSDbg_MsgQSize                           0x0800d7f6   Data           2  os_dbg.o(.constdata)
    OSDbg_Mutex                              0x0800d7f8   Data          44  os_dbg.o(.constdata)
    OSDbg_MutexEn                            0x0800d824   Data           1  os_dbg.o(.constdata)
    OSDbg_MutexDelEn                         0x0800d825   Data           1  os_dbg.o(.constdata)
    OSDbg_MutexPendAbortEn                   0x0800d826   Data           1  os_dbg.o(.constdata)
    OSDbg_MutexSize                          0x0800d828   Data           2  os_dbg.o(.constdata)
    OSDbg_ObjTypeChkEn                       0x0800d82a   Data           1  os_dbg.o(.constdata)
    OSDbg_PendMultiEn                        0x0800d82b   Data           1  os_dbg.o(.constdata)
    OSDbg_PendDataSize                       0x0800d82c   Data           2  os_dbg.o(.constdata)
    OSDbg_PendListSize                       0x0800d82e   Data           2  os_dbg.o(.constdata)
    OSDbg_PendObjSize                        0x0800d830   Data           2  os_dbg.o(.constdata)
    OSDbg_PrioMax                            0x0800d832   Data           2  os_dbg.o(.constdata)
    OSDbg_PrioTblSize                        0x0800d834   Data           2  os_dbg.o(.constdata)
    OSDbg_PtrSize                            0x0800d836   Data           2  os_dbg.o(.constdata)
    OSDbg_Q                                  0x0800d838   Data          48  os_dbg.o(.constdata)
    OSDbg_QEn                                0x0800d868   Data           1  os_dbg.o(.constdata)
    OSDbg_QDelEn                             0x0800d869   Data           1  os_dbg.o(.constdata)
    OSDbg_QFlushEn                           0x0800d86a   Data           1  os_dbg.o(.constdata)
    OSDbg_QPendAbortEn                       0x0800d86b   Data           1  os_dbg.o(.constdata)
    OSDbg_QSize                              0x0800d86c   Data           2  os_dbg.o(.constdata)
    OSDbg_SchedRoundRobinEn                  0x0800d86e   Data           1  os_dbg.o(.constdata)
    OSDbg_Sem                                0x0800d870   Data          40  os_dbg.o(.constdata)
    OSDbg_SemEn                              0x0800d898   Data           1  os_dbg.o(.constdata)
    OSDbg_SemDelEn                           0x0800d899   Data           1  os_dbg.o(.constdata)
    OSDbg_SemPendAbortEn                     0x0800d89a   Data           1  os_dbg.o(.constdata)
    OSDbg_SemSetEn                           0x0800d89b   Data           1  os_dbg.o(.constdata)
    OSDbg_SemSize                            0x0800d89c   Data           2  os_dbg.o(.constdata)
    OSDbg_RdyList                            0x0800d89e   Data           2  os_dbg.o(.constdata)
    OSDbg_RdyListSize                        0x0800d8a0   Data           4  os_dbg.o(.constdata)
    OSDbg_StkWidth                           0x0800d8a4   Data           1  os_dbg.o(.constdata)
    OSDbg_StatTaskEn                         0x0800d8a5   Data           1  os_dbg.o(.constdata)
    OSDbg_StatTaskStkChkEn                   0x0800d8a6   Data           1  os_dbg.o(.constdata)
    OSDbg_TaskChangePrioEn                   0x0800d8a7   Data           1  os_dbg.o(.constdata)
    OSDbg_TaskDelEn                          0x0800d8a8   Data           1  os_dbg.o(.constdata)
    OSDbg_TaskQEn                            0x0800d8a9   Data           1  os_dbg.o(.constdata)
    OSDbg_TaskQPendAbortEn                   0x0800d8aa   Data           1  os_dbg.o(.constdata)
    OSDbg_TaskProfileEn                      0x0800d8ab   Data           1  os_dbg.o(.constdata)
    OSDbg_TaskRegTblSize                     0x0800d8ac   Data           2  os_dbg.o(.constdata)
    OSDbg_TaskSemPendAbortEn                 0x0800d8ae   Data           1  os_dbg.o(.constdata)
    OSDbg_TaskSuspendEn                      0x0800d8af   Data           1  os_dbg.o(.constdata)
    OSDbg_TCBSize                            0x0800d8b0   Data           2  os_dbg.o(.constdata)
    OSDbg_TickListSize                       0x0800d8b2   Data           2  os_dbg.o(.constdata)
    OSDbg_TimeDlyHMSMEn                      0x0800d8b4   Data           1  os_dbg.o(.constdata)
    OSDbg_TimeDlyResumeEn                    0x0800d8b5   Data           1  os_dbg.o(.constdata)
    OSDbg_TLS_TblSize                        0x0800d8b6   Data           2  os_dbg.o(.constdata)
    OSDbg_Tmr                                0x0800d8b8   Data          48  os_dbg.o(.constdata)
    OSDbg_TmrEn                              0x0800d8e8   Data           1  os_dbg.o(.constdata)
    OSDbg_TmrDelEn                           0x0800d8e9   Data           1  os_dbg.o(.constdata)
    OSDbg_TmrSize                            0x0800d8ea   Data           2  os_dbg.o(.constdata)
    OSDbg_VersionNbr                         0x0800d8ec   Data           2  os_dbg.o(.constdata)
    OSDbg_DataSize                           0x0800d8f0   Data           4  os_dbg.o(.constdata)
    Region$$Table$$Base                      0x0800d904   Number         0  anon$$obj.o(Region$$Table)
    Region$$Table$$Limit                     0x0800d924   Number         0  anon$$obj.o(Region$$Table)
    DateStr                                  0x20000000   Data          11  app_usb.o(.data)
    TimeStr                                  0x2000000b   Data           8  app_usb.o(.data)
    RcvFrameCmd                              0x20000018   Data          12  command_process.o(.data)
    SenFrameCmd                              0x20000024   Data          12  command_process.o(.data)
    Ec_Info                                  0x20000030   Data          49  command_process.o(.data)
    String                                   0x20000064   Data           8  command_process.o(.data)
    SysMsg                                   0x2000006c   Data         108  system.o(.data)
    TimingDelay                              0x200000ec   Data           4  systick.o(.data)
    __stdout                                 0x200000f0   Data           4  usart.o(.data)
    DebugComRX                               0x200000f4   Data           8  usart.o(.data)
    DebugComTX                               0x200000fc   Data           8  usart.o(.data)
    CommuComRX                               0x20000104   Data           8  usart.o(.data)
    CommuComTX                               0x2000010c   Data           8  usart.o(.data)
    receive_count                            0x20000124   Data           4  usbd_cdc_vcp.o(.data)
    linecoding                               0x20000128   Data           8  usbd_cdc_vcp.o(.data)
    VCP_fops                                 0x20000130   Data          20  usbd_cdc_vcp.o(.data)
    USR_desc                                 0x20000144   Data          28  usbd_desc.o(.data)
    USBD_DeviceDesc                          0x20000160   Data          18  usbd_desc.o(.data)
    USBD_DeviceQualifierDesc                 0x20000172   Data          10  usbd_desc.o(.data)
    USBD_LangIDDesc                          0x2000017c   Data           4  usbd_desc.o(.data)
    USBD_StringSerial                        0x20000180   Data          26  usbd_desc.o(.data)
    USR_cb                                   0x2000019c   Data          28  usbd_usr.o(.data)
    CmdBuff                                  0x200001bc   Data           8  usbd_cdc_core.o(.data)
    APP_Rx_ptr_in                            0x200001c4   Data           4  usbd_cdc_core.o(.data)
    APP_Rx_ptr_out                           0x200001c8   Data           4  usbd_cdc_core.o(.data)
    APP_Rx_length                            0x200001cc   Data           4  usbd_cdc_core.o(.data)
    USB_Tx_State                             0x200001d0   Data           1  usbd_cdc_core.o(.data)
    USBD_CDC_cb                              0x200001dc   Data          44  usbd_cdc_core.o(.data)
    usbd_cdc_CfgDesc                         0x20000208   Data          67  usbd_cdc_core.o(.data)
    SET_TEST_MODE                            0x20000250   Data           4  usbd_core.o(.data)
    USBD_DCD_INT_cb                          0x20000254   Data          44  usbd_core.o(.data)
    USBD_DCD_INT_fops                        0x20000280   Data           4  usbd_core.o(.data)
    USBD_ep_status                           0x20000284   Data           4  usbd_req.o(.data)
    USBD_default_cfg                         0x20000288   Data           4  usbd_req.o(.data)
    USBD_cfg_status                          0x2000028c   Data           4  usbd_req.o(.data)
    CPU_TS_TmrFreq_Hz                        0x20000294   Data           4  cpu_core.o(.data)
    OSPrioTbl                                0x20000298   Data           8  os_prio.o(.data)
    OS_AppTaskCreateHookPtr                  0x200002a0   Data           4  os_var.o(.data)
    OS_AppTaskDelHookPtr                     0x200002a4   Data           4  os_var.o(.data)
    OS_AppTaskReturnHookPtr                  0x200002a8   Data           4  os_var.o(.data)
    OS_AppIdleTaskHookPtr                    0x200002ac   Data           4  os_var.o(.data)
    OS_AppStatTaskHookPtr                    0x200002b0   Data           4  os_var.o(.data)
    OS_AppTaskSwHookPtr                      0x200002b4   Data           4  os_var.o(.data)
    OS_AppTimeTickHookPtr                    0x200002b8   Data           4  os_var.o(.data)
    OSIdleTaskCtr                            0x200002bc   Data           4  os_var.o(.data)
    OSIntNestingCtr                          0x200002c0   Data           1  os_var.o(.data)
    OSRunning                                0x200002c1   Data           1  os_var.o(.data)
    OSIntQInPtr                              0x200002c4   Data           4  os_var.o(.data)
    OSIntQOutPtr                             0x200002c8   Data           4  os_var.o(.data)
    OSIntQNbrEntries                         0x200002cc   Data           2  os_var.o(.data)
    OSIntQNbrEntriesMax                      0x200002ce   Data           2  os_var.o(.data)
    OSIntQOvfCtr                             0x200002d0   Data           2  os_var.o(.data)
    OSIntQTaskTimeMax                        0x200002d4   Data           4  os_var.o(.data)
    OSFlagDbgListPtr                         0x200002d8   Data           4  os_var.o(.data)
    OSFlagQty                                0x200002dc   Data           2  os_var.o(.data)
    OSMemDbgListPtr                          0x200002e0   Data           4  os_var.o(.data)
    OSMemQty                                 0x200002e4   Data           2  os_var.o(.data)
    OSMutexDbgListPtr                        0x200002e8   Data           4  os_var.o(.data)
    OSMutexQty                               0x200002ec   Data           2  os_var.o(.data)
    OSPrioCur                                0x200002ee   Data           1  os_var.o(.data)
    OSPrioHighRdy                            0x200002ef   Data           1  os_var.o(.data)
    OSPrioSaved                              0x200002f0   Data           1  os_var.o(.data)
    OSQDbgListPtr                            0x200002f4   Data           4  os_var.o(.data)
    OSQQty                                   0x200002f8   Data           2  os_var.o(.data)
    OSSchedLockTimeBegin                     0x200002fc   Data           4  os_var.o(.data)
    OSSchedLockTimeMax                       0x20000300   Data           4  os_var.o(.data)
    OSSchedLockTimeMaxCur                    0x20000304   Data           4  os_var.o(.data)
    OSSchedLockNestingCtr                    0x20000308   Data           1  os_var.o(.data)
    OSSchedRoundRobinDfltTimeQuanta          0x2000030c   Data           4  os_var.o(.data)
    OSSchedRoundRobinEn                      0x20000310   Data           1  os_var.o(.data)
    OSSemDbgListPtr                          0x20000314   Data           4  os_var.o(.data)
    OSSemQty                                 0x20000318   Data           2  os_var.o(.data)
    OSStatResetFlag                          0x2000031a   Data           1  os_var.o(.data)
    OSStatTaskCPUUsage                       0x2000031c   Data           2  os_var.o(.data)
    OSStatTaskCPUUsageMax                    0x2000031e   Data           2  os_var.o(.data)
    OSStatTaskCtr                            0x20000320   Data           4  os_var.o(.data)
    OSStatTaskCtrMax                         0x20000324   Data           4  os_var.o(.data)
    OSStatTaskCtrRun                         0x20000328   Data           4  os_var.o(.data)
    OSStatTaskRdy                            0x2000032c   Data           1  os_var.o(.data)
    OSStatTaskTimeMax                        0x20000330   Data           4  os_var.o(.data)
    OSTaskCtxSwCtr                           0x20000334   Data           4  os_var.o(.data)
    OSTaskDbgListPtr                         0x20000338   Data           4  os_var.o(.data)
    OSTaskQty                                0x2000033c   Data           2  os_var.o(.data)
    OSTaskRegNextAvailID                     0x2000033e   Data           1  os_var.o(.data)
    OSTickCtr                                0x20000340   Data           4  os_var.o(.data)
    OSTickTaskTimeMax                        0x20000344   Data           4  os_var.o(.data)
    OSTickListDly                            0x20000348   Data           8  os_var.o(.data)
    OSTickListTimeout                        0x20000350   Data           8  os_var.o(.data)
    OSTmrDbgListPtr                          0x20000358   Data           4  os_var.o(.data)
    OSTmrListEntries                         0x2000035c   Data           2  os_var.o(.data)
    OSTmrListPtr                             0x20000360   Data           4  os_var.o(.data)
    OSTmrQty                                 0x20000364   Data           2  os_var.o(.data)
    OSTmrTaskTimeMax                         0x20000368   Data           4  os_var.o(.data)
    OSTmrTickCtr                             0x2000036c   Data           4  os_var.o(.data)
    OSTmrUpdateCnt                           0x20000370   Data           4  os_var.o(.data)
    OSTmrUpdateCtr                           0x20000374   Data           4  os_var.o(.data)
    OSTCBCurPtr                              0x20000378   Data           4  os_var.o(.data)
    OSTCBHighRdyPtr                          0x2000037c   Data           4  os_var.o(.data)
    OS_CPU_ExceptStkBase                     0x20000380   Data           4  os_cpu_c.o(.data)
    StartTaskTcb                             0x20000384   Data         192  app.o(.bss)
    Sys_StateChk_Tmr                         0x20000444   Data          48  app.o(.bss)
    App_Start_Task_Stk                       0x20000474   Data        1024  app.o(.bss)
    LedTaskTcb                               0x20000874   Data         192  app_led.o(.bss)
    App_Led_Task_Stk                         0x20000934   Data        1024  app_led.o(.bss)
    USB_Tx_Buffer                            0x20000d34   Data          64  app_usb.o(.bss)
    UsbTaskTcb                               0x20000d74   Data         192  app_usb.o(.bss)
    App_Usb_Task_Stk                         0x20000e34   Data        1024  app_usb.o(.bss)
    ComTaskTcb                               0x20001234   Data         192  app_com.o(.bss)
    App_Com_Task_Stk                         0x200012f4   Data        1024  app_com.o(.bss)
    FanTaskTcb                               0x200016f4   Data         192  app_fan.o(.bss)
    App_Fan_Task_Stk                         0x200017b4   Data        1024  app_fan.o(.bss)
    SysOnOffTaskTcb                          0x20001bb4   Data         192  app_sysonoff.o(.bss)
    App_SysOnOff_Task_Stk                    0x20001c74   Data        1024  app_sysonoff.o(.bss)
    TemperatureTaskTcb                       0x20002074   Data         192  app_temperature.o(.bss)
    App_Temperature_Task_Stk                 0x20002134   Data        1024  app_temperature.o(.bss)
    PwrManagerTcb                            0x20002534   Data         192  app_pwrmanager.o(.bss)
    App_PwrManager_Task_Stk                  0x200025f4   Data        1024  app_pwrmanager.o(.bss)
    BoardInfo                                0x200029f4   Data          13  command_process.o(.bss)
    RcvDataCmd                               0x20002a01   Data         100  command_process.o(.bss)
    SenDataCmd                               0x20002a65   Data         100  command_process.o(.bss)
    USB_OTG_dev                              0x20002acc   Data        1524  board.o(.bss)
    RcvData                                  0x200030c0   Data         100  usart.o(.bss)
    SenData                                  0x20003124   Data         100  usart.o(.bss)
    Adc_3_ConValue                           0x20003188   Data         560  adc.o(.bss)
    Adc_1_ConValue                           0x200033b8   Data          80  adc.o(.bss)
    USBD_StrDesc                             0x20003408   Data         255  usbd_desc.o(.bss)
    usbd_cdc_OtherCfgDesc                    0x20003507   Data          67  usbd_cdc_core.o(.bss)
    USB_Rx_Buffer                            0x2000354a   Data          64  usbd_cdc_core.o(.bss)
    APP_Rx_Buffer                            0x2000358a   Data        2048  usbd_cdc_core.o(.bss)
    CPU_Name                                 0x20003d8a   Data          16  cpu_core.o(.bss)
    OSCfg_IdleTaskStk                        0x20003d9c   Data         512  os_cfg_app.o(.bss)
    OSCfg_IntQ                               0x20003f9c   Data         320  os_cfg_app.o(.bss)
    OSCfg_IntQTaskStk                        0x200040dc   Data         512  os_cfg_app.o(.bss)
    OSCfg_ISRStk                             0x200042dc   Data         512  os_cfg_app.o(.bss)
    OSCfg_MsgPool                            0x200044dc   Data        1600  os_cfg_app.o(.bss)
    OSCfg_StatTaskStk                        0x20004b1c   Data         512  os_cfg_app.o(.bss)
    OSCfg_TickTaskStk                        0x20004d1c   Data         512  os_cfg_app.o(.bss)
    OSCfg_TmrTaskStk                         0x20004f1c   Data         512  os_cfg_app.o(.bss)
    OSIdleTaskTCB                            0x2000511c   Data         192  os_var.o(.bss)
    OSIntQTaskTCB                            0x200051dc   Data         192  os_var.o(.bss)
    OSMsgPool                                0x2000529c   Data          12  os_var.o(.bss)
    OSRdyList                                0x200052a8   Data         768  os_var.o(.bss)
    OSStatTaskTCB                            0x200055a8   Data         192  os_var.o(.bss)
    OSTickTaskTCB                            0x20005668   Data         192  os_var.o(.bss)
    OSTmrMutex                               0x20005728   Data          44  os_var.o(.bss)
    OSTmrTaskTCB                             0x20005754   Data         192  os_var.o(.bss)
    __initial_sp                             0x20005c18   Data           0  startup_stm32f40_41xxx.o(STACK)



==============================================================================

Memory Map of the image

  Image Entry point : 0x08000189

  Load Region LR_IROM1 (Base: 0x08000000, Size: 0x0000dca8, Max: 0x00100000, ABSOLUTE, COMPRESSED[0x0000da7c])

    Execution Region ER_IROM1 (Exec base: 0x08000000, Load base: 0x08000000, Size: 0x0000d924, Max: 0x00100000, ABSOLUTE)

    Exec Addr    Load Addr    Size         Type   Attr      Idx    E Section Name        Object

    0x08000000   0x08000000   0x00000188   Data   RO            3    RESET               startup_stm32f40_41xxx.o
    0x08000188   0x08000188   0x00000000   Code   RO        10121  * .ARM.Collect$$$$00000000  mc_w.l(entry.o)
    0x08000188   0x08000188   0x00000004   Code   RO        10144    .ARM.Collect$$$$00000001  mc_w.l(entry2.o)
    0x0800018c   0x0800018c   0x00000004   Code   RO        10147    .ARM.Collect$$$$00000004  mc_w.l(entry5.o)
    0x08000190   0x08000190   0x00000000   Code   RO        10149    .ARM.Collect$$$$00000008  mc_w.l(entry7b.o)
    0x08000190   0x08000190   0x00000000   Code   RO        10151    .ARM.Collect$$$$0000000A  mc_w.l(entry8b.o)
    0x08000190   0x08000190   0x00000008   Code   RO        10152    .ARM.Collect$$$$0000000B  mc_w.l(entry9a.o)
    0x08000198   0x08000198   0x00000000   Code   RO        10154    .ARM.Collect$$$$0000000D  mc_w.l(entry10a.o)
    0x08000198   0x08000198   0x00000000   Code   RO        10156    .ARM.Collect$$$$0000000F  mc_w.l(entry11a.o)
    0x08000198   0x08000198   0x00000004   Code   RO        10145    .ARM.Collect$$$$00002712  mc_w.l(entry2.o)
    0x0800019c   0x0800019c   0x00000024   Code   RO            4    .text               startup_stm32f40_41xxx.o
    0x080001c0   0x080001c0   0x00000034   Code   RO         8390    .text               cpu_a.o
    0x080001f4   0x080001f4   0x00000024   Code   RO        10126    .text               mc_w.l(memseta.o)
    0x08000218   0x08000218   0x0000014e   Code   RO        10130    .text               mf_w.l(dadd.o)
    0x08000366   0x08000366   0x000000e4   Code   RO        10132    .text               mf_w.l(dmul.o)
    0x0800044a   0x0800044a   0x000000de   Code   RO        10134    .text               mf_w.l(ddiv.o)
    0x08000528   0x08000528   0x00000022   Code   RO        10136    .text               mf_w.l(dflti.o)
    0x0800054a   0x0800054a   0x0000001a   Code   RO        10138    .text               mf_w.l(dfltui.o)
    0x08000564   0x08000564   0x0000003e   Code   RO        10140    .text               mf_w.l(dfixi.o)
    0x080005a2   0x080005a2   0x00000032   Code   RO        10142    .text               mf_w.l(dfixui.o)
    0x080005d4   0x080005d4   0x0000001e   Code   RO        10158    .text               mc_w.l(llshl.o)
    0x080005f2   0x080005f2   0x00000020   Code   RO        10160    .text               mc_w.l(llushr.o)
    0x08000612   0x08000612   0x00000024   Code   RO        10162    .text               mc_w.l(llsshr.o)
    0x08000636   0x08000636   0x00000000   Code   RO        10166    .text               mc_w.l(iusefp.o)
    0x08000636   0x08000636   0x000000ba   Code   RO        10167    .text               mf_w.l(depilogue.o)
    0x080006f0   0x080006f0   0x00000024   Code   RO        10169    .text               mc_w.l(init.o)
    0x08000714   0x08000714   0x00000056   Code   RO        10179    .text               mc_w.l(__dczerorl2.o)
    0x0800076a   0x0800076a   0x00000002   PAD
    0x0800076c   0x0800076c   0x000000ac   Code   RO         9959    CODE                os_cpu_a.o
    0x08000818   0x08000818   0x00000016   Code   RO         2245    i.ADC_Cmd           stm32f4xx_adc.o
    0x0800082e   0x0800082e   0x00000002   PAD
    0x08000830   0x08000830   0x00000030   Code   RO         2246    i.ADC_CommonInit    stm32f4xx_adc.o
    0x08000860   0x08000860   0x00000016   Code   RO         2249    i.ADC_DMACmd        stm32f4xx_adc.o
    0x08000876   0x08000876   0x00000016   Code   RO         2250    i.ADC_DMARequestAfterLastTransferCmd  stm32f4xx_adc.o
    0x0800088c   0x0800088c   0x00000054   Code   RO         2265    i.ADC_Init          stm32f4xx_adc.o
    0x080008e0   0x080008e0   0x000000b8   Code   RO         2270    i.ADC_RegularChannelConfig  stm32f4xx_adc.o
    0x08000998   0x08000998   0x0000000a   Code   RO         2272    i.ADC_SoftwareStartConv  stm32f4xx_adc.o
    0x080009a2   0x080009a2   0x00000002   PAD
    0x080009a4   0x080009a4   0x0000002c   Code   RO         2275    i.ADC_TempSensorVrefintCmd  stm32f4xx_adc.o
    0x080009d0   0x080009d0   0x00000030   Code   RO         1689    i.Adc1_Config       board.o
    0x08000a00   0x08000a00   0x000000a4   Code   RO         2072    i.Adc1_GetMcuInternalTemperature  adc.o
    0x08000aa4   0x08000aa4   0x00000080   Code   RO         2074    i.Adc1_ReadConvertValue  adc.o
    0x08000b24   0x08000b24   0x000000b8   Code   RO         1690    i.Adc3_Config       board.o
    0x08000bdc   0x08000bdc   0x00000228   Code   RO         2075    i.Adc3_GetAdjVoltage  adc.o
    0x08000e04   0x08000e04   0x000004b8   Code   RO         2076    i.Adc3_GetFixVoltage  adc.o
    0x080012bc   0x080012bc   0x00000084   Code   RO         2077    i.Adc3_ReadConvertValue  adc.o
    0x08001340   0x08001340   0x00000088   Code   RO         2078    i.Adc_Init          adc.o
    0x080013c8   0x080013c8   0x0000000c   Code   RO         1102    i.Adjust_Cw_Reset   adjustvoltage.o
    0x080013d4   0x080013d4   0x0000001c   Code   RO         1104    i.Adjust_Hv2_Reset  adjustvoltage.o
    0x080013f0   0x080013f0   0x00000048   Code   RO         1105    i.Adjust_Hv_Reset   adjustvoltage.o
    0x08001438   0x08001438   0x000000a0   Code   RO         1106    i.Adjust_Voltage_CW  adjustvoltage.o
    0x080014d8   0x080014d8   0x000000a0   Code   RO         1107    i.Adjust_Voltage_HV  adjustvoltage.o
    0x08001578   0x08001578   0x00000024   Code   RO         1108    i.Adjust_Voltage_Pcw_Ncw  adjustvoltage.o
    0x0800159c   0x0800159c   0x00000024   Code   RO         1109    i.Adjust_Voltage_Vnn1_Vnn2  adjustvoltage.o
    0x080015c0   0x080015c0   0x0000001e   Code   RO         1110    i.Adjust_Voltage_Vpp1  adjustvoltage.o
    0x080015de   0x080015de   0x0000001e   Code   RO         1111    i.Adjust_Voltage_Vpp2  adjustvoltage.o
    0x080015fc   0x080015fc   0x00000090   Code   RO          479    i.App_Com_Task      app_com.o
    0x0800168c   0x0800168c   0x00000054   Code   RO          480    i.App_Com_TaskCreate  app_com.o
    0x080016e0   0x080016e0   0x00000022   Code   RO          539    i.App_Fan_Task      app_fan.o
    0x08001702   0x08001702   0x00000002   PAD
    0x08001704   0x08001704   0x00000054   Code   RO          540    i.App_Fan_TaskCreate  app_fan.o
    0x08001758   0x08001758   0x0000002c   Code   RO          410    i.App_Led_Task      app_led.o
    0x08001784   0x08001784   0x00000054   Code   RO          411    i.App_Led_TaskCreate  app_led.o
    0x080017d8   0x080017d8   0x00000020   Code   RO          665    i.App_PwrManager_Task  app_pwrmanager.o
    0x080017f8   0x080017f8   0x00000058   Code   RO          666    i.App_PwrManager_TaskCreate  app_pwrmanager.o
    0x08001850   0x08001850   0x00000114   Code   RO          155    i.App_Start_Task    app.o
    0x08001964   0x08001964   0x00000054   Code   RO          156    i.App_Start_Task_Create  app.o
    0x080019b8   0x080019b8   0x00000022   Code   RO          573    i.App_SysOnOff_Task  app_sysonoff.o
    0x080019da   0x080019da   0x00000002   PAD
    0x080019dc   0x080019dc   0x00000054   Code   RO          574    i.App_SysOnOff_TaskCreate  app_sysonoff.o
    0x08001a30   0x08001a30   0x00000022   Code   RO          631    i.App_Temperature_Task  app_temperature.o
    0x08001a52   0x08001a52   0x00000002   PAD
    0x08001a54   0x08001a54   0x0000005c   Code   RO          632    i.App_Temperature_TaskCreate  app_temperature.o
    0x08001ab0   0x08001ab0   0x00000588   Code   RO          444    i.App_Usb_Task      app_usb.o
    0x08002038   0x08002038   0x00000054   Code   RO          445    i.App_Usb_TaskCreate  app_usb.o
    0x0800208c   0x0800208c   0x0000000e   Code   RO         8212    i.BSP_CPU_ClkFreq   bsp.o
    0x0800209a   0x0800209a   0x00000002   PAD
    0x0800209c   0x0800209c   0x00000044   Code   RO         1418    i.Bat1_PowerRead    bat1.o
    0x080020e0   0x080020e0   0x00000044   Code   RO         1503    i.Bat2_PowerRead    bat2.o
    0x08002124   0x08002124   0x000002d8   Code   RO         1591    i.Battery_Power_Read  power.o
    0x080023fc   0x080023fc   0x00000068   Code   RO         1691    i.Board_Bsp_Init    board.o
    0x08002464   0x08002464   0x00000004   Code   RO          723    i.BusFault_Handler  stm32f4xx_it.o
    0x08002468   0x08002468   0x0000000c   Code   RO         8272    i.CPU_Init          cpu_core.o
    0x08002474   0x08002474   0x00000030   Code   RO         8273    i.CPU_NameClr       cpu_core.o
    0x080024a4   0x080024a4   0x00000008   Code   RO         8275    i.CPU_NameInit      cpu_core.o
    0x080024ac   0x080024ac   0x00000014   Code   RO         8279    i.CPU_TS_Init       cpu_core.o
    0x080024c0   0x080024c0   0x0000000c   Code   RO         8281    i.CPU_TS_TmrFreqSet  cpu_core.o
    0x080024cc   0x080024cc   0x00000034   Code   RO         8214    i.CPU_TS_TmrInit    bsp.o
    0x08002500   0x08002500   0x0000000c   Code   RO         8215    i.CPU_TS_TmrRd      bsp.o
    0x0800250c   0x0800250c   0x00000084   Code   RO          829    i.Calc_TarVol_AlowRange  command_process.o
    0x08002590   0x08002590   0x00000024   Code   RO         1592    i.CheckBatteryState  power.o
    0x080025b4   0x080025b4   0x0000009c   Code   RO          830    i.Cmd_Process       command_process.o
    0x08002650   0x08002650   0x000000d4   Code   RO         1938    i.Com_IRQHandler_CallBack  usart.o
    0x08002724   0x08002724   0x000000cc   Code   RO         1692    i.Commu_Com_Config  board.o
    0x080027f0   0x080027f0   0x00000028   Code   RO         2969    i.DAC_Cmd           stm32f4xx_dac.o
    0x08002818   0x08002818   0x00000034   Code   RO         2977    i.DAC_Init          stm32f4xx_dac.o
    0x0800284c   0x0800284c   0x00000020   Code   RO         2978    i.DAC_SetChannel1Data  stm32f4xx_dac.o
    0x0800286c   0x0800286c   0x00000020   Code   RO         2979    i.DAC_SetChannel2Data  stm32f4xx_dac.o
    0x0800288c   0x0800288c   0x0000002c   Code   RO         2981    i.DAC_SoftwareTriggerCmd  stm32f4xx_dac.o
    0x080028b8   0x080028b8   0x0000004a   Code   RO         7676    i.DCD_EP_Close      usb_dcd.o
    0x08002902   0x08002902   0x00000048   Code   RO         7677    i.DCD_EP_ClrStall   usb_dcd.o
    0x0800294a   0x0800294a   0x00000068   Code   RO         7679    i.DCD_EP_Open       usb_dcd.o
    0x080029b2   0x080029b2   0x00000052   Code   RO         7680    i.DCD_EP_PrepareRx  usb_dcd.o
    0x08002a04   0x08002a04   0x0000001c   Code   RO         7681    i.DCD_EP_SetAddress  usb_dcd.o
    0x08002a20   0x08002a20   0x00000048   Code   RO         7682    i.DCD_EP_Stall      usb_dcd.o
    0x08002a68   0x08002a68   0x0000004e   Code   RO         7683    i.DCD_EP_Tx         usb_dcd.o
    0x08002ab6   0x08002ab6   0x00000002   PAD
    0x08002ab8   0x08002ab8   0x00000198   Code   RO         7770    i.DCD_HandleEnumDone_ISR  usb_dcd_int.o
    0x08002c50   0x08002c50   0x00000128   Code   RO         7771    i.DCD_HandleInEP_ISR  usb_dcd_int.o
    0x08002d78   0x08002d78   0x00000100   Code   RO         7772    i.DCD_HandleOutEP_ISR  usb_dcd_int.o
    0x08002e78   0x08002e78   0x0000006c   Code   RO         7773    i.DCD_HandleResume_ISR  usb_dcd_int.o
    0x08002ee4   0x08002ee4   0x000000b0   Code   RO         7774    i.DCD_HandleRxStatusQueueLevel_ISR  usb_dcd_int.o
    0x08002f94   0x08002f94   0x0000002c   Code   RO         7775    i.DCD_HandleSof_ISR  usb_dcd_int.o
    0x08002fc0   0x08002fc0   0x000000a8   Code   RO         7776    i.DCD_HandleUSBSuspend_ISR  usb_dcd_int.o
    0x08003068   0x08003068   0x00000104   Code   RO         7777    i.DCD_HandleUsbReset_ISR  usb_dcd_int.o
    0x0800316c   0x0800316c   0x0000009c   Code   RO         7685    i.DCD_Init          usb_dcd.o
    0x08003208   0x08003208   0x0000002c   Code   RO         7778    i.DCD_IsoINIncomplete_ISR  usb_dcd_int.o
    0x08003234   0x08003234   0x0000002c   Code   RO         7779    i.DCD_IsoOUTIncomplete_ISR  usb_dcd_int.o
    0x08003260   0x08003260   0x0000002c   Code   RO         7780    i.DCD_OTG_ISR       usb_dcd_int.o
    0x0800328c   0x0800328c   0x00000028   Code   RO         7781    i.DCD_ReadDevInEP   usb_dcd_int.o
    0x080032b4   0x080032b4   0x0000002c   Code   RO         7782    i.DCD_SessionRequest_ISR  usb_dcd_int.o
    0x080032e0   0x080032e0   0x000000ac   Code   RO         7783    i.DCD_WriteEmptyTxFifo  usb_dcd_int.o
    0x0800338c   0x0800338c   0x00000010   Code   RO          724    i.DMA1_Stream4_IRQHandler  stm32f4xx_it.o
    0x0800339c   0x0800339c   0x00000010   Code   RO          725    i.DMA1_Stream6_IRQHandler  stm32f4xx_it.o
    0x080033ac   0x080033ac   0x00000034   Code   RO         3264    i.DMA_ClearFlag     stm32f4xx_dma.o
    0x080033e0   0x080033e0   0x00000034   Code   RO         3265    i.DMA_ClearITPendingBit  stm32f4xx_dma.o
    0x08003414   0x08003414   0x00000016   Code   RO         3266    i.DMA_Cmd           stm32f4xx_dma.o
    0x0800342a   0x0800342a   0x00000008   Code   RO         3272    i.DMA_GetCurrDataCounter  stm32f4xx_dma.o
    0x08003432   0x08003432   0x00000002   PAD
    0x08003434   0x08003434   0x00000064   Code   RO         3276    i.DMA_GetITStatus   stm32f4xx_dma.o
    0x08003498   0x08003498   0x0000003a   Code   RO         3277    i.DMA_ITConfig      stm32f4xx_dma.o
    0x080034d2   0x080034d2   0x00000002   PAD
    0x080034d4   0x080034d4   0x00000058   Code   RO         3278    i.DMA_Init          stm32f4xx_dma.o
    0x0800352c   0x0800352c   0x00000004   Code   RO         3281    i.DMA_SetCurrDataCounter  stm32f4xx_dma.o
    0x08003530   0x08003530   0x00000064   Code   RO         1629    i.DS2431_ReadByte   ds2431.o
    0x08003594   0x08003594   0x00000050   Code   RO         1631    i.DS2431_Reset      ds2431.o
    0x080035e4   0x080035e4   0x0000005c   Code   RO         1632    i.DS2431_WriteByte  ds2431.o
    0x08003640   0x08003640   0x000000a4   Code   RO         1633    i.DS2431_WriteData  ds2431.o
    0x080036e4   0x080036e4   0x0000009c   Code   RO         1066    i.DacCw_Tlv5626cd_ValueSet  tlv5626cd.o
    0x08003780   0x08003780   0x0000009c   Code   RO         1067    i.DacHv_Tlv5626cd_ValueSet  tlv5626cd.o
    0x0800381c   0x0800381c   0x0000002c   Code   RO         2048    i.Dac_config        dac.o
    0x08003848   0x08003848   0x00000002   Code   RO          726    i.DebugMon_Handler  stm32f4xx_it.o
    0x0800384a   0x0800384a   0x0000000c   Code   RO         1015    i.Delay_Nop         system.o
    0x08003856   0x08003856   0x00000002   PAD
    0x08003858   0x08003858   0x00000080   Code   RO         1907    i.Dma_Config        dma.o
    0x080038d8   0x080038d8   0x00000030   Code   RO         1908    i.Dmay_Streamx_IRQHandler_CallBack  dma.o
    0x08003908   0x08003908   0x0000005c   Code   RO         1205    i.Emc2305_ReadByte  emc2305.o
    0x08003964   0x08003964   0x00000086   Code   RO         1206    i.Emc2305_ReadData  emc2305.o
    0x080039ea   0x080039ea   0x00000048   Code   RO         1207    i.Emc2305_WriteByte  emc2305.o
    0x08003a32   0x08003a32   0x00000010   Code   RO         1694    i.Fan_Config        board.o
    0x08003a42   0x08003a42   0x00000002   PAD
    0x08003a44   0x08003a44   0x0000012c   Code   RO         1209    i.Fan_Emc2305_Control  emc2305.o
    0x08003b70   0x08003b70   0x00000072   Code   RO         1210    i.Fan_Emc2305_Init  emc2305.o
    0x08003be2   0x08003be2   0x00000002   PAD
    0x08003be4   0x08003be4   0x0000012c   Code   RO         1211    i.Fan_Speed_Read    emc2305.o
    0x08003d10   0x08003d10   0x00000084   Code   RO          833    i.FrameCmdPackage   command_process.o
    0x08003d94   0x08003d94   0x00000090   Code   RO         4066    i.GPIO_Init         stm32f4xx_gpio.o
    0x08003e24   0x08003e24   0x00000046   Code   RO         4067    i.GPIO_PinAFConfig  stm32f4xx_gpio.o
    0x08003e6a   0x08003e6a   0x00000012   Code   RO         4070    i.GPIO_ReadInputDataBit  stm32f4xx_gpio.o
    0x08003e7c   0x08003e7c   0x00000004   Code   RO         4073    i.GPIO_ResetBits    stm32f4xx_gpio.o
    0x08003e80   0x08003e80   0x00000004   Code   RO         4074    i.GPIO_SetBits      stm32f4xx_gpio.o
    0x08003e84   0x08003e84   0x00000008   Code   RO         4076    i.GPIO_ToggleBits   stm32f4xx_gpio.o
    0x08003e8c   0x08003e8c   0x00000074   Code   RO          834    i.Get_AdjCw_Msg     command_process.o
    0x08003f00   0x08003f00   0x00000074   Code   RO          835    i.Get_AdjHv_Msg     command_process.o
    0x08003f74   0x08003f74   0x00000010   Code   RO          836    i.Get_Compile_Info  command_process.o
    0x08003f84   0x08003f84   0x00000010   Code   RO          837    i.Get_EC_Info       command_process.o
    0x08003f94   0x08003f94   0x00000010   Code   RO          838    i.Get_Fan_Info      command_process.o
    0x08003fa4   0x08003fa4   0x00000010   Code   RO          839    i.Get_FireWare_Version  command_process.o
    0x08003fb4   0x08003fb4   0x00000010   Code   RO          840    i.Get_Pwr_Info      command_process.o
    0x08003fc4   0x08003fc4   0x00000034   Code   RO         7297    i.Get_SerialNum     usbd_desc.o
    0x08003ff8   0x08003ff8   0x00000010   Code   RO          841    i.Get_Voltage_Msg   command_process.o
    0x08004008   0x08004008   0x00000020   Code   RO          842    i.Get_Vpp1Vnn1DisResponse  command_process.o
    0x08004028   0x08004028   0x00000020   Code   RO          843    i.Get_Vpp1Vnn1EnResponse  command_process.o
    0x08004048   0x08004048   0x00000020   Code   RO          844    i.Get_Vpp2Vnn2DisResponse  command_process.o
    0x08004068   0x08004068   0x00000020   Code   RO          845    i.Get_Vpp2Vnn2EnResponse  command_process.o
    0x08004088   0x08004088   0x0000061c   Code   RO         1769    i.Gpio_Config       gpio.o
    0x080046a4   0x080046a4   0x00000030   Code   RO         1770    i.Gpio_Init         gpio.o
    0x080046d4   0x080046d4   0x000000dc   Code   RO         7868    i.Handle_USBAsynchXfer  usbd_cdc_core.o
    0x080047b0   0x080047b0   0x00000004   Code   RO          727    i.HardFault_Handler  stm32f4xx_it.o
    0x080047b4   0x080047b4   0x00000054   Code   RO         1419    i.I2c_Bat1_ReadByte  bat1.o
    0x08004808   0x08004808   0x00000084   Code   RO         1420    i.I2c_Bat1_ReadData  bat1.o
    0x0800488c   0x0800488c   0x00000044   Code   RO         1421    i.I2c_Bat1_SendAck  bat1.o
    0x080048d0   0x080048d0   0x00000058   Code   RO         1422    i.I2c_Bat1_SendByte  bat1.o
    0x08004928   0x08004928   0x00000044   Code   RO         1423    i.I2c_Bat1_SendNack  bat1.o
    0x0800496c   0x0800496c   0x00000040   Code   RO         1424    i.I2c_Bat1_Start    bat1.o
    0x080049ac   0x080049ac   0x00000040   Code   RO         1425    i.I2c_Bat1_Stop     bat1.o
    0x080049ec   0x080049ec   0x00000050   Code   RO         1426    i.I2c_Bat1_WaitAck  bat1.o
    0x08004a3c   0x08004a3c   0x00000060   Code   RO         1504    i.I2c_Bat2_ReadByte  bat2.o
    0x08004a9c   0x08004a9c   0x00000084   Code   RO         1505    i.I2c_Bat2_ReadData  bat2.o
    0x08004b20   0x08004b20   0x00000050   Code   RO         1506    i.I2c_Bat2_SendAck  bat2.o
    0x08004b70   0x08004b70   0x00000060   Code   RO         1507    i.I2c_Bat2_SendByte  bat2.o
    0x08004bd0   0x08004bd0   0x00000050   Code   RO         1508    i.I2c_Bat2_SendNack  bat2.o
    0x08004c20   0x08004c20   0x0000004c   Code   RO         1509    i.I2c_Bat2_Start    bat2.o
    0x08004c6c   0x08004c6c   0x0000004c   Code   RO         1510    i.I2c_Bat2_Stop     bat2.o
    0x08004cb8   0x08004cb8   0x00000058   Code   RO         1511    i.I2c_Bat2_WaitAck  bat2.o
    0x08004d10   0x08004d10   0x00000054   Code   RO         1212    i.I2c_Emc_ReadByte  emc2305.o
    0x08004d64   0x08004d64   0x00000044   Code   RO         1213    i.I2c_Emc_SendAck   emc2305.o
    0x08004da8   0x08004da8   0x00000054   Code   RO         1214    i.I2c_Emc_SendByte  emc2305.o
    0x08004dfc   0x08004dfc   0x00000044   Code   RO         1215    i.I2c_Emc_SendNack  emc2305.o
    0x08004e40   0x08004e40   0x00000044   Code   RO         1216    i.I2c_Emc_Start     emc2305.o
    0x08004e84   0x08004e84   0x00000040   Code   RO         1217    i.I2c_Emc_Stop      emc2305.o
    0x08004ec4   0x08004ec4   0x0000004c   Code   RO         1218    i.I2c_Emc_WaitAck   emc2305.o
    0x08004f10   0x08004f10   0x0000005c   Code   RO         1321    i.I2c_Tmp_ReadByte  tmp468.o
    0x08004f6c   0x08004f6c   0x0000004c   Code   RO         1322    i.I2c_Tmp_SendAck   tmp468.o
    0x08004fb8   0x08004fb8   0x00000060   Code   RO         1323    i.I2c_Tmp_SendByte  tmp468.o
    0x08005018   0x08005018   0x0000004c   Code   RO         1324    i.I2c_Tmp_SendNack  tmp468.o
    0x08005064   0x08005064   0x00000048   Code   RO         1325    i.I2c_Tmp_Start     tmp468.o
    0x080050ac   0x080050ac   0x00000048   Code   RO         1326    i.I2c_Tmp_Stop      tmp468.o
    0x080050f4   0x080050f4   0x00000050   Code   RO         1327    i.I2c_Tmp_WaitAck   tmp468.o
    0x08005144   0x08005144   0x00000030   Code   RO         1328    i.IIC1_SDA_IN       tmp468.o
    0x08005174   0x08005174   0x00000030   Code   RO         1329    i.IIC1_SDA_OUT      tmp468.o
    0x080051a4   0x080051a4   0x00000064   Code   RO         1695    i.I_AdcDma_Config   board.o
    0x08005208   0x08005208   0x00000014   Code   RO          846    i.InValid_CidData   command_process.o
    0x0800521c   0x0800521c   0x0000003e   Code   RO         7298    i.IntToUnicode      usbd_desc.o
    0x0800525a   0x0800525a   0x00000004   Code   RO          728    i.MemManage_Handler  stm32f4xx_it.o
    0x0800525e   0x0800525e   0x00000012   Code   RO         8582    i.Mem_Clr           lib_mem.o
    0x08005270   0x08005270   0x00000054   Code   RO         8598    i.Mem_Set           lib_mem.o
    0x080052c4   0x080052c4   0x00000002   Code   RO          729    i.NMI_Handler       stm32f4xx_it.o
    0x080052c6   0x080052c6   0x00000002   PAD
    0x080052c8   0x080052c8   0x00000078   Code   RO         2191    i.NVIC_Init         misc.o
    0x08005340   0x08005340   0x00000014   Code   RO         2192    i.NVIC_PriorityGroupConfig  misc.o
    0x08005354   0x08005354   0x00000014   Code   RO         2193    i.NVIC_SetVectorTable  misc.o
    0x08005368   0x08005368   0x00000068   Code   RO         1112    i.Ncw_Calculate_AdjVol  adjustvoltage.o
    0x080053d0   0x080053d0   0x000000a0   Code   RO         1798    i.Nvic_Config       nvic.o
    0x08005470   0x08005470   0x00000002   Code   RO         8851    i.OSCfg_Init        os_cfg_app.o
    0x08005472   0x08005472   0x00000002   PAD
    0x08005474   0x08005474   0x00000014   Code   RO         9965    i.OSIdleTaskHook    os_cpu_c.o
    0x08005488   0x08005488   0x0000018c   Code   RO         8871    i.OSInit            os_core.o
    0x08005614   0x08005614   0x00000028   Code   RO         9966    i.OSInitHook        os_cpu_c.o
    0x0800563c   0x0800563c   0x0000002c   Code   RO         8872    i.OSIntEnter        os_core.o
    0x08005668   0x08005668   0x000000dc   Code   RO         8873    i.OSIntExit         os_core.o
    0x08005744   0x08005744   0x000000c4   Code   RO         9312    i.OSMutexCreate     os_mutex.o
    0x08005808   0x08005808   0x000002d8   Code   RO         9314    i.OSMutexPend       os_mutex.o
    0x08005ae0   0x08005ae0   0x0000024c   Code   RO         9316    i.OSMutexPost       os_mutex.o
    0x08005d2c   0x08005d2c   0x000000a0   Code   RO         8874    i.OSSched           os_core.o
    0x08005dcc   0x08005dcc   0x00000074   Code   RO         8875    i.OSSchedLock       os_core.o
    0x08005e40   0x08005e40   0x00000064   Code   RO         8876    i.OSSchedRoundRobinCfg  os_core.o
    0x08005ea4   0x08005ea4   0x00000094   Code   RO         8878    i.OSSchedUnlock     os_core.o
    0x08005f38   0x08005f38   0x00000068   Code   RO         8879    i.OSStart           os_core.o
    0x08005fa0   0x08005fa0   0x00000138   Code   RO         9559    i.OSStatReset       os_stat.o
    0x080060d8   0x080060d8   0x000000f0   Code   RO         9560    i.OSStatTaskCPUUsageInit  os_stat.o
    0x080061c8   0x080061c8   0x00000014   Code   RO         9967    i.OSStatTaskHook    os_cpu_c.o
    0x080061dc   0x080061dc   0x0000025c   Code   RO         9590    i.OSTaskCreate      os_task.o
    0x08006438   0x08006438   0x00000018   Code   RO         9968    i.OSTaskCreateHook  os_cpu_c.o
    0x08006450   0x08006450   0x000001c4   Code   RO         9591    i.OSTaskDel         os_task.o
    0x08006614   0x08006614   0x00000018   Code   RO         9969    i.OSTaskDelHook     os_cpu_c.o
    0x0800662c   0x0800662c   0x0000007c   Code   RO         9599    i.OSTaskResume      os_task.o
    0x080066a8   0x080066a8   0x00000018   Code   RO         9970    i.OSTaskReturnHook  os_cpu_c.o
    0x080066c0   0x080066c0   0x00000214   Code   RO         9600    i.OSTaskSemPend     os_task.o
    0x080068d4   0x080068d4   0x000000d4   Code   RO         9604    i.OSTaskStkChk      os_task.o
    0x080069a8   0x080069a8   0x0000025c   Code   RO         9971    i.OSTaskStkInit     os_cpu_c.o
    0x08006c04   0x08006c04   0x00000060   Code   RO         9605    i.OSTaskSuspend     os_task.o
    0x08006c64   0x08006c64   0x00000088   Code   RO         9972    i.OSTaskSwHook      os_cpu_c.o
    0x08006cec   0x08006cec   0x0000010c   Code   RO         9809    i.OSTimeDly         os_time.o
    0x08006df8   0x08006df8   0x000001e8   Code   RO         9810    i.OSTimeDlyHMSM     os_time.o
    0x08006fe0   0x08006fe0   0x00000044   Code   RO         9814    i.OSTimeTick        os_time.o
    0x08007024   0x08007024   0x00000014   Code   RO         9973    i.OSTimeTickHook    os_cpu_c.o
    0x08007038   0x08007038   0x000000b4   Code   RO         9851    i.OSTmrCreate       os_tmr.o
    0x080070ec   0x080070ec   0x00000100   Code   RO         9854    i.OSTmrStart        os_tmr.o
    0x080071ec   0x080071ec   0x000001ac   Code   RO         9111    i.OS_Dbg_Init       os_dbg.o
    0x08007398   0x08007398   0x00000018   Code   RO         9136    i.OS_FlagInit       os_flag.o
    0x080073b0   0x080073b0   0x00000224   Code   RO         9137    i.OS_FlagPost       os_flag.o
    0x080075d4   0x080075d4   0x00000064   Code   RO         9138    i.OS_FlagTaskRdy    os_flag.o
    0x08007638   0x08007638   0x00000044   Code   RO         8881    i.OS_IdleTask       os_core.o
    0x0800767c   0x0800767c   0x00000070   Code   RO         8882    i.OS_IdleTaskInit   os_core.o
    0x080076ec   0x080076ec   0x000000fc   Code   RO         9210    i.OS_IntQPost       os_int.o
    0x080077e8   0x080077e8   0x000001a4   Code   RO         9211    i.OS_IntQRePost     os_int.o
    0x0800798c   0x0800798c   0x000000b0   Code   RO         9212    i.OS_IntQTask       os_int.o
    0x08007a3c   0x08007a3c   0x00000128   Code   RO         9213    i.OS_IntQTaskInit   os_int.o
    0x08007b64   0x08007b64   0x00000018   Code   RO         9244    i.OS_MemInit        os_mem.o
    0x08007b7c   0x08007b7c   0x0000007c   Code   RO         9276    i.OS_MsgPoolInit    os_msg.o
    0x08007bf8   0x08007bf8   0x00000044   Code   RO         9277    i.OS_MsgQFreeAll    os_msg.o
    0x08007c3c   0x08007c3c   0x0000000e   Code   RO         9279    i.OS_MsgQInit       os_msg.o
    0x08007c4a   0x08007c4a   0x00000002   PAD
    0x08007c4c   0x08007c4c   0x00000104   Code   RO         9280    i.OS_MsgQPut        os_msg.o
    0x08007d50   0x08007d50   0x00000030   Code   RO         9318    i.OS_MutexDbgListAdd  os_mutex.o
    0x08007d80   0x08007d80   0x00000018   Code   RO         9320    i.OS_MutexInit      os_mutex.o
    0x08007d98   0x08007d98   0x00000068   Code   RO         8883    i.OS_Pend           os_core.o
    0x08007e00   0x08007e00   0x00000026   Code   RO         8886    i.OS_PendDataInit   os_core.o
    0x08007e26   0x08007e26   0x00000002   PAD
    0x08007e28   0x08007e28   0x0000005c   Code   RO         8887    i.OS_PendDbgNameAdd  os_core.o
    0x08007e84   0x08007e84   0x00000024   Code   RO         8888    i.OS_PendDbgNameRemove  os_core.o
    0x08007ea8   0x08007ea8   0x00000046   Code   RO         8889    i.OS_PendListChangePrio  os_core.o
    0x08007eee   0x08007eee   0x0000000a   Code   RO         8890    i.OS_PendListInit   os_core.o
    0x08007ef8   0x08007ef8   0x00000066   Code   RO         8892    i.OS_PendListInsertPrio  os_core.o
    0x08007f5e   0x08007f5e   0x00000030   Code   RO         8893    i.OS_PendListRemove  os_core.o
    0x08007f8e   0x08007f8e   0x00000042   Code   RO         8894    i.OS_PendListRemove1  os_core.o
    0x08007fd0   0x08007fd0   0x000000d6   Code   RO         8897    i.OS_Post           os_core.o
    0x080080a6   0x080080a6   0x0000002a   Code   RO         8898    i.OS_Post1          os_core.o
    0x080080d0   0x080080d0   0x00000028   Code   RO         9378    i.OS_PrioGetHighest  os_prio.o
    0x080080f8   0x080080f8   0x00000018   Code   RO         9379    i.OS_PrioInit       os_prio.o
    0x08008110   0x08008110   0x00000024   Code   RO         9380    i.OS_PrioInsert     os_prio.o
    0x08008134   0x08008134   0x00000024   Code   RO         9381    i.OS_PrioRemove     os_prio.o
    0x08008158   0x08008158   0x00000018   Code   RO         9424    i.OS_QInit          os_q.o
    0x08008170   0x08008170   0x0000014c   Code   RO         9425    i.OS_QPost          os_q.o
    0x080082bc   0x080082bc   0x00000024   Code   RO         8899    i.OS_RdyListInit    os_core.o
    0x080082e0   0x080082e0   0x0000002c   Code   RO         8900    i.OS_RdyListInsert  os_core.o
    0x0800830c   0x0800830c   0x00000040   Code   RO         8901    i.OS_RdyListInsertHead  os_core.o
    0x0800834c   0x0800834c   0x0000003c   Code   RO         8902    i.OS_RdyListInsertTail  os_core.o
    0x08008388   0x08008388   0x00000044   Code   RO         8903    i.OS_RdyListMoveHeadToTail  os_core.o
    0x080083cc   0x080083cc   0x0000005c   Code   RO         8904    i.OS_RdyListRemove  os_core.o
    0x08008428   0x08008428   0x00000054   Code   RO         8905    i.OS_Sched0         os_core.o
    0x0800847c   0x0800847c   0x0000001c   Code   RO         8906    i.OS_SchedLockTimeMeasStart  os_core.o
    0x08008498   0x08008498   0x0000003c   Code   RO         8907    i.OS_SchedLockTimeMeasStop  os_core.o
    0x080084d4   0x080084d4   0x000000d0   Code   RO         8908    i.OS_SchedRoundRobin  os_core.o
    0x080085a4   0x080085a4   0x00000018   Code   RO         9496    i.OS_SemInit        os_sem.o
    0x080085bc   0x080085bc   0x00000164   Code   RO         9497    i.OS_SemPost        os_sem.o
    0x08008720   0x08008720   0x00000358   Code   RO         9561    i.OS_StatTask       os_stat.o
    0x08008a78   0x08008a78   0x000000cc   Code   RO         9562    i.OS_StatTaskInit   os_stat.o
    0x08008b44   0x08008b44   0x0000002c   Code   RO         8909    i.OS_TaskBlock      os_core.o
    0x08008b70   0x08008b70   0x00000030   Code   RO         9607    i.OS_TaskDbgListAdd  os_task.o
    0x08008ba0   0x08008ba0   0x00000044   Code   RO         9608    i.OS_TaskDbgListRemove  os_task.o
    0x08008be4   0x08008be4   0x00000020   Code   RO         9609    i.OS_TaskInit       os_task.o
    0x08008c04   0x08008c04   0x000000bc   Code   RO         9610    i.OS_TaskInitTCB    os_task.o
    0x08008cc0   0x08008cc0   0x0000020c   Code   RO         9611    i.OS_TaskQPost      os_task.o
    0x08008ecc   0x08008ecc   0x00000140   Code   RO         9612    i.OS_TaskResume     os_task.o
    0x0800900c   0x0800900c   0x00000018   Code   RO         9613    i.OS_TaskReturn     os_task.o
    0x08009024   0x08009024   0x000004c4   Code   RO         9614    i.OS_TaskSemPost    os_task.o
    0x080094e8   0x080094e8   0x00000150   Code   RO         9615    i.OS_TaskSuspend    os_task.o
    0x08009638   0x08009638   0x00000086   Code   RO         9757    i.OS_TickListInsert  os_tick.o
    0x080096be   0x080096be   0x00000002   PAD
    0x080096c0   0x080096c0   0x000000bc   Code   RO         9758    i.OS_TickListInsertDly  os_tick.o
    0x0800977c   0x0800977c   0x00000058   Code   RO         9759    i.OS_TickListRemove  os_tick.o
    0x080097d4   0x080097d4   0x00000002   Code   RO         9760    i.OS_TickListResetPeak  os_tick.o
    0x080097d6   0x080097d6   0x00000002   PAD
    0x080097d8   0x080097d8   0x00000108   Code   RO         9761    i.OS_TickListUpdateDly  os_tick.o
    0x080098e0   0x080098e0   0x00000144   Code   RO         9762    i.OS_TickListUpdateTimeout  os_tick.o
    0x08009a24   0x08009a24   0x000000e0   Code   RO         9763    i.OS_TickTask       os_tick.o
    0x08009b04   0x08009b04   0x000000c8   Code   RO         9764    i.OS_TickTaskInit   os_tick.o
    0x08009bcc   0x08009bcc   0x00000028   Code   RO         9858    i.OS_TmrDbgListAdd  os_tmr.o
    0x08009bf4   0x08009bf4   0x00000134   Code   RO         9860    i.OS_TmrInit        os_tmr.o
    0x08009d28   0x08009d28   0x00000018   Code   RO         9861    i.OS_TmrLock        os_tmr.o
    0x08009d40   0x08009d40   0x00000002   Code   RO         9862    i.OS_TmrResetPeak   os_tmr.o
    0x08009d42   0x08009d42   0x00000002   PAD
    0x08009d44   0x08009d44   0x00000094   Code   RO         9863    i.OS_TmrTask        os_tmr.o
    0x08009dd8   0x08009dd8   0x00000044   Code   RO         9864    i.OS_TmrUnlink      os_tmr.o
    0x08009e1c   0x08009e1c   0x00000014   Code   RO         9865    i.OS_TmrUnlock      os_tmr.o
    0x08009e30   0x08009e30   0x00000010   Code   RO          730    i.OTG_FS_IRQHandler  stm32f4xx_it.o
    0x08009e40   0x08009e40   0x00000070   Code   RO         1330    i.Obtain_TemperatureFPGA  tmp468.o
    0x08009eb0   0x08009eb0   0x0000000c   Code   RO         4857    i.PWR_BackupAccessCmd  stm32f4xx_pwr.o
    0x08009ebc   0x08009ebc   0x00000068   Code   RO         1113    i.Pcw_Calculate_AdjVol  adjustvoltage.o
    0x08009f24   0x08009f24   0x000000c8   Code   RO          575    i.PowerDown_Sequence  app_sysonoff.o
    0x08009fec   0x08009fec   0x00000104   Code   RO          576    i.PowerOn_Sequence  app_sysonoff.o
    0x0800a0f0   0x0800a0f0   0x00000058   Code   RO         1593    i.Power_Insert      power.o
    0x0800a148   0x0800a148   0x00000020   Code   RO         4992    i.RCC_AHB1PeriphClockCmd  stm32f4xx_rcc.o
    0x0800a168   0x0800a168   0x00000020   Code   RO         4995    i.RCC_AHB2PeriphClockCmd  stm32f4xx_rcc.o
    0x0800a188   0x0800a188   0x00000020   Code   RO         5001    i.RCC_APB1PeriphClockCmd  stm32f4xx_rcc.o
    0x0800a1a8   0x0800a1a8   0x00000020   Code   RO         5004    i.RCC_APB2PeriphClockCmd  stm32f4xx_rcc.o
    0x0800a1c8   0x0800a1c8   0x000000e8   Code   RO         5013    i.RCC_GetClocksFreq  stm32f4xx_rcc.o
    0x0800a2b0   0x0800a2b0   0x0000002c   Code   RO         5022    i.RCC_LSEConfig     stm32f4xx_rcc.o
    0x0800a2dc   0x0800a2dc   0x00000010   Code   RO          847    i.Read_BowarInfo    command_process.o
    0x0800a2ec   0x0800a2ec   0x000000a0   Code   RO          848    i.ReceiveFrameAnalysis  command_process.o
    0x0800a38c   0x0800a38c   0x00000034   Code   RO         1219    i.SMDAT_2305_IN     emc2305.o
    0x0800a3c0   0x0800a3c0   0x0000003c   Code   RO         1220    i.SMDAT_2305_OUT    emc2305.o
    0x0800a3fc   0x0800a3fc   0x00000034   Code   RO         1427    i.SMDAT_BAT1_IN     bat1.o
    0x0800a430   0x0800a430   0x00000034   Code   RO         1428    i.SMDAT_BAT1_OUT    bat1.o
    0x0800a464   0x0800a464   0x00000038   Code   RO         1512    i.SMDAT_BAT2_IN     bat2.o
    0x0800a49c   0x0800a49c   0x00000038   Code   RO         1513    i.SMDAT_BAT2_OUT    bat2.o
    0x0800a4d4   0x0800a4d4   0x00000018   Code   RO         6150    i.SPI_Cmd           stm32f4xx_spi.o
    0x0800a4ec   0x0800a4ec   0x00000012   Code   RO         6158    i.SPI_I2S_GetFlagStatus  stm32f4xx_spi.o
    0x0800a4fe   0x0800a4fe   0x00000004   Code   RO         6162    i.SPI_I2S_SendData  stm32f4xx_spi.o
    0x0800a502   0x0800a502   0x0000003c   Code   RO         6163    i.SPI_Init          stm32f4xx_spi.o
    0x0800a53e   0x0800a53e   0x00000030   Code   RO         2008    i.SPI_WriteHalfWord  spi.o
    0x0800a56e   0x0800a56e   0x00000002   Code   RO          731    i.SVC_Handler       stm32f4xx_it.o
    0x0800a570   0x0800a570   0x00000020   Code   RO          849    i.Send_CmdPackage   command_process.o
    0x0800a590   0x0800a590   0x000000ec   Code   RO           13    i.SetSysClock       system_stm32f4xx.o
    0x0800a67c   0x0800a67c   0x00000014   Code   RO         1068    i.Spi_Dac_Config    tlv5626cd.o
    0x0800a690   0x0800a690   0x000000cc   Code   RO         2009    i.Spi_config        spi.o
    0x0800a75c   0x0800a75c   0x00000028   Code   RO         2195    i.SysTick_CLKSourceConfig  misc.o
    0x0800a784   0x0800a784   0x00000014   Code   RO          732    i.SysTick_Handler   stm32f4xx_it.o
    0x0800a798   0x0800a798   0x0000005c   Code   RO         1825    i.SysTick_Iint      systick.o
    0x0800a7f4   0x0800a7f4   0x00000068   Code   RO           15    i.SystemInit        system_stm32f4xx.o
    0x0800a85c   0x0800a85c   0x000000fc   Code   RO         1016    i.SystemStateInit   system.o
    0x0800a958   0x0800a958   0x00000094   Code   RO          577    i.System_OffCtrl    app_sysonoff.o
    0x0800a9ec   0x0800a9ec   0x000000cc   Code   RO          578    i.System_OnCtrl     app_sysonoff.o
    0x0800aab8   0x0800aab8   0x000000a0   Code   RO         1017    i.System_PwrKey_Minitor  system.o
    0x0800ab58   0x0800ab58   0x00000074   Code   RO         1018    i.System_S3_State_Minitor  system.o
    0x0800abcc   0x0800abcc   0x00000010   Code   RO          733    i.TIM2_IRQHandler   stm32f4xx_it.o
    0x0800abdc   0x0800abdc   0x00000024   Code   RO         2154    i.TIM2_IRQHandler_CallBack  timer.o
    0x0800ac00   0x0800ac00   0x00000006   Code   RO         6383    i.TIM_ClearITPendingBit  stm32f4xx_tim.o
    0x0800ac06   0x0800ac06   0x00000018   Code   RO         6388    i.TIM_Cmd           stm32f4xx_tim.o
    0x0800ac1e   0x0800ac1e   0x00000012   Code   RO         6413    i.TIM_ITConfig      stm32f4xx_tim.o
    0x0800ac30   0x0800ac30   0x00000084   Code   RO         6460    i.TIM_TimeBaseInit  stm32f4xx_tim.o
    0x0800acb4   0x0800acb4   0x00000068   Code   RO         2155    i.TimerBase2_5_Config  timer.o
    0x0800ad1c   0x0800ad1c   0x00000024   Code   RO         2156    i.TimerConfig       timer.o
    0x0800ad40   0x0800ad40   0x00000018   Code   RO         1826    i.TimingDelay_Decrement  systick.o
    0x0800ad58   0x0800ad58   0x00000086   Code   RO         1332    i.Tmp468_ReadData   tmp468.o
    0x0800adde   0x0800adde   0x00000010   Code   RO          734    i.UART4_IRQHandler  stm32f4xx_it.o
    0x0800adee   0x0800adee   0x00000010   Code   RO          735    i.USART2_IRQHandler  stm32f4xx_it.o
    0x0800adfe   0x0800adfe   0x0000001e   Code   RO         6939    i.USART_ClearITPendingBit  stm32f4xx_usart.o
    0x0800ae1c   0x0800ae1c   0x00000018   Code   RO         6942    i.USART_Cmd         stm32f4xx_usart.o
    0x0800ae34   0x0800ae34   0x00000012   Code   RO         6943    i.USART_DMACmd      stm32f4xx_usart.o
    0x0800ae46   0x0800ae46   0x00000054   Code   RO         6946    i.USART_GetITStatus  stm32f4xx_usart.o
    0x0800ae9a   0x0800ae9a   0x0000004a   Code   RO         6948    i.USART_ITConfig    stm32f4xx_usart.o
    0x0800aee4   0x0800aee4   0x000000d4   Code   RO         6949    i.USART_Init        stm32f4xx_usart.o
    0x0800afb8   0x0800afb8   0x00000016   Code   RO         7946    i.USBD_ClrCfg       usbd_core.o
    0x0800afce   0x0800afce   0x00000048   Code   RO         8114    i.USBD_ClrFeature   usbd_req.o
    0x0800b016   0x0800b016   0x0000001e   Code   RO         8054    i.USBD_CtlContinueRx  usbd_ioreq.o
    0x0800b034   0x0800b034   0x0000001e   Code   RO         8055    i.USBD_CtlContinueSendData  usbd_ioreq.o
    0x0800b052   0x0800b052   0x0000001e   Code   RO         8115    i.USBD_CtlError     usbd_req.o
    0x0800b070   0x0800b070   0x0000002e   Code   RO         8056    i.USBD_CtlPrepareRx  usbd_ioreq.o
    0x0800b09e   0x0800b09e   0x00000024   Code   RO         8057    i.USBD_CtlReceiveStatus  usbd_ioreq.o
    0x0800b0c2   0x0800b0c2   0x0000002e   Code   RO         8058    i.USBD_CtlSendData  usbd_ioreq.o
    0x0800b0f0   0x0800b0f0   0x00000024   Code   RO         8059    i.USBD_CtlSendStatus  usbd_ioreq.o
    0x0800b114   0x0800b114   0x000000e8   Code   RO         7947    i.USBD_DataInStage  usbd_core.o
    0x0800b1fc   0x0800b1fc   0x00000096   Code   RO         7948    i.USBD_DataOutStage  usbd_core.o
    0x0800b292   0x0800b292   0x00000006   Code   RO         7949    i.USBD_DeInit       usbd_core.o
    0x0800b298   0x0800b298   0x00000018   Code   RO         7950    i.USBD_DevConnected  usbd_core.o
    0x0800b2b0   0x0800b2b0   0x00000024   Code   RO         7951    i.USBD_DevDisconnected  usbd_core.o
    0x0800b2d4   0x0800b2d4   0x00000054   Code   RO         8116    i.USBD_GetConfig    usbd_req.o
    0x0800b328   0x0800b328   0x00000112   Code   RO         8117    i.USBD_GetDescriptor  usbd_req.o
    0x0800b43a   0x0800b43a   0x00000014   Code   RO         8118    i.USBD_GetLen       usbd_req.o
    0x0800b44e   0x0800b44e   0x00000002   PAD
    0x0800b450   0x0800b450   0x00000050   Code   RO         8119    i.USBD_GetStatus    usbd_req.o
    0x0800b4a0   0x0800b4a0   0x00000052   Code   RO         8120    i.USBD_GetString    usbd_req.o
    0x0800b4f2   0x0800b4f2   0x00000042   Code   RO         7952    i.USBD_Init         usbd_core.o
    0x0800b534   0x0800b534   0x00000012   Code   RO         7953    i.USBD_IsoINIncomplete  usbd_core.o
    0x0800b546   0x0800b546   0x00000012   Code   RO         7954    i.USBD_IsoOUTIncomplete  usbd_core.o
    0x0800b558   0x0800b558   0x00000100   Code   RO         7784    i.USBD_OTG_ISR_Handler  usb_dcd_int.o
    0x0800b658   0x0800b658   0x00000048   Code   RO         8121    i.USBD_ParseSetupRequest  usbd_req.o
    0x0800b6a0   0x0800b6a0   0x00000032   Code   RO         7955    i.USBD_Reset        usbd_core.o
    0x0800b6d2   0x0800b6d2   0x0000001e   Code   RO         7956    i.USBD_Resume       usbd_core.o
    0x0800b6f0   0x0800b6f0   0x00000014   Code   RO         7957    i.USBD_RunTestMode  usbd_core.o
    0x0800b704   0x0800b704   0x0000001a   Code   RO         7958    i.USBD_SOF          usbd_core.o
    0x0800b71e   0x0800b71e   0x0000005c   Code   RO         8122    i.USBD_SetAddress   usbd_req.o
    0x0800b77a   0x0800b77a   0x0000001e   Code   RO         7959    i.USBD_SetCfg       usbd_core.o
    0x0800b798   0x0800b798   0x000000d0   Code   RO         8123    i.USBD_SetConfig    usbd_req.o
    0x0800b868   0x0800b868   0x000000b0   Code   RO         8124    i.USBD_SetFeature   usbd_req.o
    0x0800b918   0x0800b918   0x00000054   Code   RO         7960    i.USBD_SetupStage   usbd_core.o
    0x0800b96c   0x0800b96c   0x00000072   Code   RO         8125    i.USBD_StdDevReq    usbd_req.o
    0x0800b9de   0x0800b9de   0x00000002   PAD
    0x0800b9e0   0x0800b9e0   0x00000178   Code   RO         8126    i.USBD_StdEPReq     usbd_req.o
    0x0800bb58   0x0800bb58   0x0000004c   Code   RO         8127    i.USBD_StdItfReq    usbd_req.o
    0x0800bba4   0x0800bba4   0x00000020   Code   RO         7961    i.USBD_Suspend      usbd_core.o
    0x0800bbc4   0x0800bbc4   0x00000034   Code   RO         7299    i.USBD_USR_ConfigStrDescriptor  usbd_desc.o
    0x0800bbf8   0x0800bbf8   0x00000002   Code   RO         7375    i.USBD_USR_DeviceConfigured  usbd_usr.o
    0x0800bbfa   0x0800bbfa   0x00000002   Code   RO         7376    i.USBD_USR_DeviceConnected  usbd_usr.o
    0x0800bbfc   0x0800bbfc   0x00000010   Code   RO         7300    i.USBD_USR_DeviceDescriptor  usbd_desc.o
    0x0800bc0c   0x0800bc0c   0x00000002   Code   RO         7377    i.USBD_USR_DeviceDisconnected  usbd_usr.o
    0x0800bc0e   0x0800bc0e   0x00000002   Code   RO         7378    i.USBD_USR_DeviceReset  usbd_usr.o
    0x0800bc10   0x0800bc10   0x00000002   Code   RO         7379    i.USBD_USR_DeviceResumed  usbd_usr.o
    0x0800bc12   0x0800bc12   0x00000002   Code   RO         7380    i.USBD_USR_DeviceSuspended  usbd_usr.o
    0x0800bc14   0x0800bc14   0x00000002   Code   RO         7381    i.USBD_USR_Init     usbd_usr.o
    0x0800bc16   0x0800bc16   0x00000002   PAD
    0x0800bc18   0x0800bc18   0x00000038   Code   RO         7301    i.USBD_USR_InterfaceStrDescriptor  usbd_desc.o
    0x0800bc50   0x0800bc50   0x00000010   Code   RO         7302    i.USBD_USR_LangIDStrDescriptor  usbd_desc.o
    0x0800bc60   0x0800bc60   0x0000002c   Code   RO         7303    i.USBD_USR_ManufacturerStrDescriptor  usbd_desc.o
    0x0800bc8c   0x0800bc8c   0x00000070   Code   RO         7304    i.USBD_USR_ProductStrDescriptor  usbd_desc.o
    0x0800bcfc   0x0800bcfc   0x00000018   Code   RO         7305    i.USBD_USR_SerialStrDescriptor  usbd_desc.o
    0x0800bd14   0x0800bd14   0x00000010   Code   RO         7869    i.USBD_cdc_GetCfgDesc  usbd_cdc_core.o
    0x0800bd24   0x0800bd24   0x0000002c   Code   RO         7196    i.USB_OTG_BSP_EnableInterrupt  usb_bsp.o
    0x0800bd50   0x0800bd50   0x00000054   Code   RO         7197    i.USB_OTG_BSP_Init  usb_bsp.o
    0x0800bda4   0x0800bda4   0x00000012   Code   RO         7198    i.USB_OTG_BSP_mDelay  usb_bsp.o
    0x0800bdb6   0x0800bdb6   0x00000014   Code   RO         7199    i.USB_OTG_BSP_uDelay  usb_bsp.o
    0x0800bdca   0x0800bdca   0x0000011a   Code   RO         7443    i.USB_OTG_CoreInit  usb_core.o
    0x0800bee4   0x0800bee4   0x0000020e   Code   RO         7444    i.USB_OTG_CoreInitDev  usb_core.o
    0x0800c0f2   0x0800c0f2   0x00000002   PAD
    0x0800c0f4   0x0800c0f4   0x00000070   Code   RO         7445    i.USB_OTG_CoreReset  usb_core.o
    0x0800c164   0x0800c164   0x00000022   Code   RO         7446    i.USB_OTG_DisableGlobalInt  usb_core.o
    0x0800c186   0x0800c186   0x00000074   Code   RO         7447    i.USB_OTG_EP0Activate  usb_core.o
    0x0800c1fa   0x0800c1fa   0x00000156   Code   RO         7448    i.USB_OTG_EP0StartXfer  usb_core.o
    0x0800c350   0x0800c350   0x00000062   Code   RO         7449    i.USB_OTG_EP0_OutStart  usb_core.o
    0x0800c3b2   0x0800c3b2   0x00000098   Code   RO         7450    i.USB_OTG_EPActivate  usb_core.o
    0x0800c44a   0x0800c44a   0x00000050   Code   RO         7451    i.USB_OTG_EPClearStall  usb_core.o
    0x0800c49a   0x0800c49a   0x0000009a   Code   RO         7452    i.USB_OTG_EPDeactivate  usb_core.o
    0x0800c534   0x0800c534   0x00000064   Code   RO         7453    i.USB_OTG_EPSetStall  usb_core.o
    0x0800c598   0x0800c598   0x000001fe   Code   RO         7454    i.USB_OTG_EPStartXfer  usb_core.o
    0x0800c796   0x0800c796   0x00000034   Code   RO         7455    i.USB_OTG_EnableCommonInt  usb_core.o
    0x0800c7ca   0x0800c7ca   0x000000b0   Code   RO         7456    i.USB_OTG_EnableDevInt  usb_core.o
    0x0800c87a   0x0800c87a   0x00000022   Code   RO         7457    i.USB_OTG_EnableGlobalInt  usb_core.o
    0x0800c89c   0x0800c89c   0x0000004c   Code   RO         7458    i.USB_OTG_FlushRxFifo  usb_core.o
    0x0800c8e8   0x0800c8e8   0x00000054   Code   RO         7459    i.USB_OTG_FlushTxFifo  usb_core.o
    0x0800c93c   0x0800c93c   0x00000038   Code   RO         7460    i.USB_OTG_GetDeviceSpeed  usb_core.o
    0x0800c974   0x0800c974   0x0000000c   Code   RO         7462    i.USB_OTG_GetMode   usb_core.o
    0x0800c980   0x0800c980   0x00000018   Code   RO         7463    i.USB_OTG_InitDevSpeed  usb_core.o
    0x0800c998   0x0800c998   0x00000016   Code   RO         7464    i.USB_OTG_IsDeviceMode  usb_core.o
    0x0800c9ae   0x0800c9ae   0x00000010   Code   RO         7466    i.USB_OTG_ReadCoreItr  usb_core.o
    0x0800c9be   0x0800c9be   0x00000010   Code   RO         7467    i.USB_OTG_ReadDevAllInEPItr  usb_core.o
    0x0800c9ce   0x0800c9ce   0x00000010   Code   RO         7468    i.USB_OTG_ReadDevAllOutEp_itr  usb_core.o
    0x0800c9de   0x0800c9de   0x00000014   Code   RO         7469    i.USB_OTG_ReadDevOutEP_itr  usb_core.o
    0x0800c9f2   0x0800c9f2   0x00000028   Code   RO         7471    i.USB_OTG_ReadPacket  usb_core.o
    0x0800ca1a   0x0800ca1a   0x00000002   PAD
    0x0800ca1c   0x0800ca1c   0x000000d0   Code   RO         7472    i.USB_OTG_SelectCore  usb_core.o
    0x0800caec   0x0800caec   0x0000004e   Code   RO         7473    i.USB_OTG_SetCurrentMode  usb_core.o
    0x0800cb3a   0x0800cb3a   0x0000003e   Code   RO         7477    i.USB_OTG_WritePacket  usb_core.o
    0x0800cb78   0x0800cb78   0x00000038   Code   RO         1634    i.US_PWR_ID_IN      ds2431.o
    0x0800cbb0   0x0800cbb0   0x00000038   Code   RO         1635    i.US_PWR_ID_OUT     ds2431.o
    0x0800cbe8   0x0800cbe8   0x0000030c   Code   RO          850    i.Update_EcInfo     command_process.o
    0x0800cef4   0x0800cef4   0x00000004   Code   RO          736    i.UsageFault_Handler  stm32f4xx_it.o
    0x0800cef8   0x0800cef8   0x00000098   Code   RO         1939    i.Usart_Init        usart.o
    0x0800cf90   0x0800cf90   0x0000000c   Code   RO         7241    i.VCP_CheckDataReceived  usbd_cdc_vcp.o
    0x0800cf9c   0x0800cf9c   0x00000006   Code   RO         7242    i.VCP_Ctrl          usbd_cdc_vcp.o
    0x0800cfa2   0x0800cfa2   0x00000002   PAD
    0x0800cfa4   0x0800cfa4   0x00000010   Code   RO         7243    i.VCP_DataRx        usbd_cdc_vcp.o
    0x0800cfb4   0x0800cfb4   0x00000040   Code   RO         7244    i.VCP_DataTx        usbd_cdc_vcp.o
    0x0800cff4   0x0800cff4   0x00000004   Code   RO         7245    i.VCP_DeInit        usbd_cdc_vcp.o
    0x0800cff8   0x0800cff8   0x00000004   Code   RO         7246    i.VCP_Init          usbd_cdc_vcp.o
    0x0800cffc   0x0800cffc   0x00000068   Code   RO         1696    i.V_AdcDma_Config   board.o
    0x0800d064   0x0800d064   0x000000a0   Code   RO         1114    i.Vnnx_Calculate_AdjVol  adjustvoltage.o
    0x0800d104   0x0800d104   0x000000a4   Code   RO         1115    i.Vppx_Calculate_AdjVol  adjustvoltage.o
    0x0800d1a8   0x0800d1a8   0x00000038   Code   RO          851    i.Write_BowarInfo   command_process.o
    0x0800d1e0   0x0800d1e0   0x0000000e   Code   RO        10173    i.__scatterload_copy  mc_w.l(handlers.o)
    0x0800d1ee   0x0800d1ee   0x00000002   Code   RO        10174    i.__scatterload_null  mc_w.l(handlers.o)
    0x0800d1f0   0x0800d1f0   0x0000000e   Code   RO        10175    i.__scatterload_zeroinit  mc_w.l(handlers.o)
    0x0800d1fe   0x0800d1fe   0x00000002   PAD
    0x0800d200   0x0800d200   0x00000154   Code   RO          513    i.cb_Sys_StateChk_Tmr  app_timer.o
    0x0800d354   0x0800d354   0x0000000a   Code   RO         1828    i.delay_os_lock     systick.o
    0x0800d35e   0x0800d35e   0x0000000a   Code   RO         1829    i.delay_os_unlock   systick.o
    0x0800d368   0x0800d368   0x00000054   Code   RO         1831    i.delay_us_os       systick.o
    0x0800d3bc   0x0800d3bc   0x000000ac   Code   RO          699    i.main              main.o
    0x0800d468   0x0800d468   0x000000b0   Code   RO         7870    i.usbd_cdc_DataIn   usbd_cdc_core.o
    0x0800d518   0x0800d518   0x00000038   Code   RO         7871    i.usbd_cdc_DataOut  usbd_cdc_core.o
    0x0800d550   0x0800d550   0x0000002c   Code   RO         7872    i.usbd_cdc_DeInit   usbd_cdc_core.o
    0x0800d57c   0x0800d57c   0x00000038   Code   RO         7873    i.usbd_cdc_EP0_RxReady  usbd_cdc_core.o
    0x0800d5b4   0x0800d5b4   0x00000058   Code   RO         7874    i.usbd_cdc_Init     usbd_cdc_core.o
    0x0800d60c   0x0800d60c   0x00000028   Code   RO         7875    i.usbd_cdc_SOF      usbd_cdc_core.o
    0x0800d634   0x0800d634   0x000000c4   Code   RO         7876    i.usbd_cdc_Setup    usbd_cdc_core.o
    0x0800d6f8   0x0800d6f8   0x00000094   Data   RO         8853    .constdata          os_cfg_app.o
    0x0800d78c   0x0800d78c   0x00000168   Data   RO         9112    .constdata          os_dbg.o
    0x0800d8f4   0x0800d8f4   0x0000000f   Data   RO          853    .conststring        command_process.o
    0x0800d903   0x0800d903   0x00000001   PAD
    0x0800d904   0x0800d904   0x00000020   Data   RO        10171    Region$$Table       anon$$obj.o


    Execution Region RW_IRAM1 (Exec base: 0x20000000, Load base: 0x0800d924, Size: 0x00005c18, Max: 0x00020000, ABSOLUTE, COMPRESSED[0x00000158])

    Exec Addr    Load Addr    Size         Type   Attr      Idx    E Section Name        Object

    0x20000000   COMPRESSED   0x00000013   Data   RW          447    .data               app_usb.o
    0x20000013   COMPRESSED   0x00000001   PAD
    0x20000014   COMPRESSED   0x00000002   Data   RW          514    .data               app_timer.o
    0x20000016   COMPRESSED   0x00000002   PAD
    0x20000018   COMPRESSED   0x00000054   Data   RW          854    .data               command_process.o
    0x2000006c   COMPRESSED   0x00000076   Data   RW         1020    .data               system.o
    0x200000e2   COMPRESSED   0x00000002   Data   RW         1221    .data               emc2305.o
    0x200000e4   COMPRESSED   0x00000006   Data   RW         1594    .data               power.o
    0x200000ea   COMPRESSED   0x00000002   PAD
    0x200000ec   COMPRESSED   0x00000004   Data   RW         1832    .data               systick.o
    0x200000f0   COMPRESSED   0x00000024   Data   RW         1946    .data               usart.o
    0x20000114   COMPRESSED   0x00000010   Data   RW         5045    .data               stm32f4xx_rcc.o
    0x20000124   COMPRESSED   0x00000020   Data   RW         7247    .data               usbd_cdc_vcp.o
    0x20000144   COMPRESSED   0x00000056   Data   RW         7307    .data               usbd_desc.o
    0x2000019a   COMPRESSED   0x00000002   PAD
    0x2000019c   COMPRESSED   0x0000001c   Data   RW         7382    .data               usbd_usr.o
    0x200001b8   COMPRESSED   0x00000098   Data   RW         7878    .data               usbd_cdc_core.o
    0x20000250   COMPRESSED   0x00000034   Data   RW         7962    .data               usbd_core.o
    0x20000284   COMPRESSED   0x0000000d   Data   RW         8128    .data               usbd_req.o
    0x20000291   COMPRESSED   0x00000003   PAD
    0x20000294   COMPRESSED   0x00000004   Data   RW         8285    .data               cpu_core.o
    0x20000298   COMPRESSED   0x00000008   Data   RW         9382    .data               os_prio.o
    0x200002a0   COMPRESSED   0x000000e0   Data   RW         9946    .data               os_var.o
    0x20000380   COMPRESSED   0x00000004   Data   RW         9976    .data               os_cpu_c.o
    0x20000384        -       0x000004f0   Zero   RW          157    .bss                app.o
    0x20000874        -       0x000004c0   Zero   RW          412    .bss                app_led.o
    0x20000d34        -       0x00000500   Zero   RW          446    .bss                app_usb.o
    0x20001234        -       0x000004c0   Zero   RW          481    .bss                app_com.o
    0x200016f4        -       0x000004c0   Zero   RW          541    .bss                app_fan.o
    0x20001bb4        -       0x000004c0   Zero   RW          579    .bss                app_sysonoff.o
    0x20002074        -       0x000004c0   Zero   RW          633    .bss                app_temperature.o
    0x20002534        -       0x000004c0   Zero   RW          667    .bss                app_pwrmanager.o
    0x200029f4        -       0x000000d5   Zero   RW          852    .bss                command_process.o
    0x20002ac9   COMPRESSED   0x00000003   PAD
    0x20002acc        -       0x000005f4   Zero   RW         1697    .bss                board.o
    0x200030c0        -       0x000000c8   Zero   RW         1945    .bss                usart.o
    0x20003188        -       0x00000280   Zero   RW         2079    .bss                adc.o
    0x20003408        -       0x000000ff   Zero   RW         7306    .bss                usbd_desc.o
    0x20003507        -       0x00000883   Zero   RW         7877    .bss                usbd_cdc_core.o
    0x20003d8a        -       0x00000010   Zero   RW         8283    .bss                cpu_core.o
    0x20003d9a   COMPRESSED   0x00000002   PAD
    0x20003d9c        -       0x00001380   Zero   RW         8852    .bss                os_cfg_app.o
    0x2000511c        -       0x000006f8   Zero   RW         9945    .bss                os_var.o
    0x20005814   COMPRESSED   0x00000004   PAD
    0x20005818        -       0x00000400   Zero   RW            1    STACK               startup_stm32f40_41xxx.o


==============================================================================

Image component sizes


      Code (inc. data)   RO Data    RW Data    ZI Data      Debug   Object Name

      2320        214          0          0        640       4915   adc.o
      1096        160          0          0          0       8037   adjustvoltage.o
       360         70          0          0       1264      67113   app.o
       228         54          0          0       1216       2003   app_com.o
       118         28          0          0       1216       1739   app_fan.o
       128         34          0          0       1216       1735   app_led.o
       120         32          0          0       1216       1839   app_pwrmanager.o
       930         98          0          0       1216       4304   app_sysonoff.o
       126         36          0          0       1216       1867   app_temperature.o
       340          8          0          2          0        798   app_timer.o
      1500         82          0         19       1280       2790   app_usb.o
       820         54          0          0          0       6958   bat1.o
       904         82          0          0          0       6946   bat2.o
       760         70          0          0       1524       3947   board.o
        78         14          0          0          0      10815   bsp.o
      1940        162         15         84        213      13486   command_process.o
        52          0          0          0          0        348   cpu_a.o
       100         18          0          4         16       4717   cpu_core.o
        44          0          0          0          0        577   dac.o
       176         16          0          0          0       2132   dma.o
       548         34          0          0          0       4258   ds2431.o
      1636         64          0          2          0      10066   emc2305.o
      1612         32          0          0          0       2030   gpio.o
       102          0          0          0          0       1988   lib_mem.o
       172          8          0          0          0        583   main.o
       200         32          0          0          0       2787   misc.o
       160          0          0          0          0        618   nvic.o
         2          0        148          0       4992      20743   os_cfg_app.o
      3078        418          0          0          0      22721   os_core.o
       172         32          0          0          0        412   os_cpu_a.o
       912         56          0          4          0       7432   os_cpu_c.o
       428        280        360          0          0       4901   os_dbg.o
       672         28          0          0          0       3285   os_flag.o
      1144        202          0          0          0       3734   os_int.o
        24         10          0          0          0       1017   os_mem.o
       466         26          0          0          0       3501   os_msg.o
      1584         92          0          0          0       4920   os_mutex.o
       136         16          0          8          0       3094   os_prio.o
       356         18          0          0          0       2346   os_q.o
       380         16          0          0          0       2378   os_sem.o
      1612        206          0          0          0       4191   os_stat.o
      4780        254          0          0          0      13968   os_task.o
      1424        114          0          0          0       6698   os_tick.o
       824         44          0          0          0       3257   os_time.o
      1046        178          0          0          0       6885   os_tmr.o
         0          0          0        224       1784      19252   os_var.o
       852         50          0          6          0       2168   power.o
       252         26          0          0          0       1913   spi.o
        36          8        392          0       1024        884   startup_stm32f40_41xxx.o
       436         34          0          0          0       6242   stm32f4xx_adc.o
       200         28          0          0          0       3838   stm32f4xx_dac.o
       384         52          0          0          0       6428   stm32f4xx_dma.o
       248          0          0          0          0       4253   stm32f4xx_gpio.o
       138          6          0          0          0       6742   stm32f4xx_it.o
        12          6          0          0          0        538   stm32f4xx_pwr.o
       404         46          0         16          0       5976   stm32f4xx_rcc.o
       106          0          0          0          0       3088   stm32f4xx_spi.o
       180         28          0          0          0       3132   stm32f4xx_tim.o
       442          8          0          0          0       5139   stm32f4xx_usart.o
       540         48          0        118          0       3295   system.o
       340         32          0          0          0     332117   system_stm32f4xx.o
       220         16          0          4          0      29652   systick.o
       176         20          0          0          0       2140   timer.o
       332         24          0          0          0       1835   tlv5626cd.o
       906         68          0          0          0       7037   tmp468.o
       364         48          0         36        200       3341   usart.o
       166          6          0          0          0       2819   usb_bsp.o
      3498         18          0          0          0      22396   usb_core.o
       666          0          0          0          0       6444   usb_dcd.o
      2360        108          0          0          0      11655   usb_dcd_int.o
       892        110          0        152       2179       9714   usbd_cdc_core.o
       106         22          0         32          0       4118   usbd_cdc_vcp.o
       844          6          0         52          0      12496   usbd_core.o
       434        170          0         86        255       7435   usbd_desc.o
       224          0          0          0          0       4936   usbd_ioreq.o
      1756         56          0         13          0      11342   usbd_req.o
        14          0          0         28          0       3733   usbd_usr.o

    ----------------------------------------------------------------------
     53188       4436        948        900      22676     830977   Object Totals
         0          0         32          0          0          0   (incl. Generated)
        50          0          1         10          9          0   (incl. Padding)

    ----------------------------------------------------------------------

      Code (inc. data)   RO Data    RW Data    ZI Data      Debug   Library Member Name

        86          0          0          0          0          0   __dczerorl2.o
         0          0          0          0          0          0   entry.o
         0          0          0          0          0          0   entry10a.o
         0          0          0          0          0          0   entry11a.o
         8          4          0          0          0          0   entry2.o
         4          0          0          0          0          0   entry5.o
         0          0          0          0          0          0   entry7b.o
         0          0          0          0          0          0   entry8b.o
         8          4          0          0          0          0   entry9a.o
        30          0          0          0          0          0   handlers.o
        36          8          0          0          0         68   init.o
         0          0          0          0          0          0   iusefp.o
        30          0          0          0          0         68   llshl.o
        36          0          0          0          0         68   llsshr.o
        32          0          0          0          0         68   llushr.o
        36          0          0          0          0        108   memseta.o
       334          0          0          0          0        148   dadd.o
       222          0          0          0          0        100   ddiv.o
       186          0          0          0          0        176   depilogue.o
        62          0          0          0          0         80   dfixi.o
        50          0          0          0          0         76   dfixui.o
        34          0          0          0          0         76   dflti.o
        26          0          0          0          0         76   dfltui.o
       228          0          0          0          0         96   dmul.o

    ----------------------------------------------------------------------
      1452         16          0          0          0       1208   Library Totals
         4          0          0          0          0          0   (incl. Padding)

    ----------------------------------------------------------------------

      Code (inc. data)   RO Data    RW Data    ZI Data      Debug   Library Name

       306         16          0          0          0        380   mc_w.l
      1142          0          0          0          0        828   mf_w.l

    ----------------------------------------------------------------------
      1452         16          0          0          0       1208   Library Totals

    ----------------------------------------------------------------------

==============================================================================


      Code (inc. data)   RO Data    RW Data    ZI Data      Debug   

     54640       4452        948        900      22676     786697   Grand Totals
     54640       4452        948        344      22676     786697   ELF Image Totals (compressed)
     54640       4452        948        344          0          0   ROM Totals

==============================================================================

    Total RO  Size (Code + RO Data)                55588 (  54.29kB)
    Total RW  Size (RW Data + ZI Data)             23576 (  23.02kB)
    Total ROM Size (Code + RO Data + RW Data)      55932 (  54.62kB)

==============================================================================

